******************************************************************************
             TMS320C2000 Linker PC v18.12.3                    
******************************************************************************
>> Linked Thu Sep 12 11:27:08 2019

OUTPUT FILE NAME:   <I2C.out>
ENTRY POINT SYMBOL: "_c_int00"  address: 0000a0e0


MEMORY CONFIGURATION

         name            origin    length      used     unused   attr    fill
----------------------  --------  ---------  --------  --------  ----  --------
PAGE 0:
  BEGIN                 00000000   00000002  00000002  00000000  RWIX
  RAMM0                 00000050   000003b0  00000004  000003ac  RWIX
  RAML0                 00008000   00001000  00000062  00000f9e  RWIX
  RAML1                 00009000   00001000  00000ffc  00000004  RWIX
  RAML2                 0000a000   00001000  000002a1  00000d5f  RWIX
  RAML3                 0000b000   00001000  00000000  00001000  RWIX
  ZONE7A                00200000   0000fc00  00000000  0000fc00  RWIX
  CSM_RSVD              0033ff80   00000076  00000000  00000076  RWIX
  CSM_PWL               0033fff8   00000008  00000000  00000008  RWIX
  ADC_CAL               00380080   00000009  00000007  00000002  RWIX
  IQTABLES              003fe000   00000b50  00000000  00000b50  RWIX
  IQTABLES2             003feb50   0000008c  00000000  0000008c  RWIX
  FPUTABLES             003febdc   000006a0  00000000  000006a0  RWIX
  BOOTROM               003ff27c   00000d44  00000000  00000d44  RWIX
  RESET                 003fffc0   00000002  00000000  00000002  RWIX

PAGE 1:
  BOOT_RSVD             00000002   0000004e  00000000  0000004e  RWIX
  RAMM1                 00000400   00000400  00000300  00000100  RWIX
  DEV_EMU               00000880   00000180  000000d0  000000b0  RWIX
  FLASH_REGS            00000a80   00000060  00000008  00000058  RWIX
  CSM                   00000ae0   00000010  00000010  00000000  RWIX
  ADC_MIRROR            00000b00   00000010  00000010  00000000  RWIX
  XINTF                 00000b20   00000020  0000001e  00000002  RWIX
  CPU_TIMER0            00000c00   00000008  00000008  00000000  RWIX
  CPU_TIMER1            00000c08   00000008  00000008  00000000  RWIX
  CPU_TIMER2            00000c10   00000008  00000008  00000000  RWIX
  PIE_CTRL              00000ce0   00000020  0000001a  00000006  RWIX
  PIE_VECT              00000d00   00000100  00000100  00000000  RWIX
  DMA                   00001000   00000200  000000e0  00000120  RWIX
  MCBSPA                00005000   00000040  00000025  0000001b  RWIX
  MCBSPB                00005040   00000040  00000025  0000001b  RWIX
  ECANA                 00006000   00000040  00000034  0000000c  RWIX
  ECANA_LAM             00006040   00000040  00000040  00000000  RWIX
  ECANA_MOTS            00006080   00000040  00000040  00000000  RWIX
  ECANA_MOTO            000060c0   00000040  00000040  00000000  RWIX
  ECANA_MBOX            00006100   00000100  00000100  00000000  RWIX
  ECANB                 00006200   00000040  00000034  0000000c  RWIX
  ECANB_LAM             00006240   00000040  00000040  00000000  RWIX
  ECANB_MOTS            00006280   00000040  00000040  00000000  RWIX
  ECANB_MOTO            000062c0   00000040  00000040  00000000  RWIX
  ECANB_MBOX            00006300   00000100  00000100  00000000  RWIX
  EPWM1                 00006800   00000022  00000022  00000000  RWIX
  EPWM2                 00006840   00000022  00000022  00000000  RWIX
  EPWM3                 00006880   00000022  00000022  00000000  RWIX
  EPWM4                 000068c0   00000022  00000022  00000000  RWIX
  EPWM5                 00006900   00000022  00000022  00000000  RWIX
  EPWM6                 00006940   00000022  00000022  00000000  RWIX
  ECAP1                 00006a00   00000020  00000020  00000000  RWIX
  ECAP2                 00006a20   00000020  00000020  00000000  RWIX
  ECAP3                 00006a40   00000020  00000020  00000000  RWIX
  ECAP4                 00006a60   00000020  00000020  00000000  RWIX
  ECAP5                 00006a80   00000020  00000020  00000000  RWIX
  ECAP6                 00006aa0   00000020  00000020  00000000  RWIX
  EQEP1                 00006b00   00000040  00000040  00000000  RWIX
  EQEP2                 00006b40   00000040  00000040  00000000  RWIX
  GPIOCTRL              00006f80   00000040  0000002e  00000012  RWIX
  GPIODAT               00006fc0   00000020  00000020  00000000  RWIX
  GPIOINT               00006fe0   00000020  0000000a  00000016  RWIX
  SYSTEM                00007010   00000020  00000020  00000000  RWIX
  SPIA                  00007040   00000010  00000010  00000000  RWIX
  SCIA                  00007050   00000010  00000010  00000000  RWIX
  XINTRUPT              00007070   00000010  00000010  00000000  RWIX
  ADC                   00007100   00000020  0000001e  00000002  RWIX
  SCIB                  00007750   00000010  00000010  00000000  RWIX
  SCIC                  00007770   00000010  00000010  00000000  RWIX
  I2CA                  00007900   00000040  00000022  0000001e  RWIX
  RAML4                 0000c000   00001000  00000079  00000f87  RWIX
  RAML5                 0000d000   00001000  00000162  00000e9e  RWIX
  RAML6                 0000e000   00001000  00000000  00001000  RWIX
  RAML7                 0000f000   00001000  00000000  00001000  RWIX
  ZONE7B                0020fc00   00000400  00000000  00000400  RWIX
  CSM_PWL               0033fff8   00000008  00000008  00000000  RWIX
  PARTID                00380090   00000001  00000001  00000000  RWIX


SECTION ALLOCATION MAP

 output                                  attributes/
section   page    origin      length       input sections
--------  ----  ----------  ----------   ----------------
codestart 
*          0    00000000    00000002     
                  00000000    00000002     DSP2833x_CodeStartBranch.obj (codestart)

.cinit     0    00008000    00000062     
                  00008000    00000044     main.obj (.cinit)
                  00008044    0000000e     rts2800_fpu32.lib : exit.c.obj (.cinit)
                  00008052    00000005                       : _lock.c.obj (.cinit:__lock)
                  00008057    00000005                       : _lock.c.obj (.cinit:__unlock)
                  0000805c    00000004                       : errno.c.obj (.cinit)
                  00008060    00000002     --HOLE-- [fill = 0]

.pinit     0    00008000    00000000     UNINITIALIZED

.stack     1    00000400    00000300     UNINITIALIZED
                  00000400    00000300     --HOLE--

DevEmuRegsFile 
*          1    00000880    000000d0     UNINITIALIZED
                  00000880    000000d0     DSP2833x_GlobalVariableDefs.obj (DevEmuRegsFile)

FlashRegsFile 
*          1    00000a80    00000008     UNINITIALIZED
                  00000a80    00000008     DSP2833x_GlobalVariableDefs.obj (FlashRegsFile)

CsmRegsFile 
*          1    00000ae0    00000010     UNINITIALIZED
                  00000ae0    00000010     DSP2833x_GlobalVariableDefs.obj (CsmRegsFile)

AdcMirrorFile 
*          1    00000b00    00000010     UNINITIALIZED
                  00000b00    00000010     DSP2833x_GlobalVariableDefs.obj (AdcMirrorFile)

XintfRegsFile 
*          1    00000b20    0000001e     UNINITIALIZED
                  00000b20    0000001e     DSP2833x_GlobalVariableDefs.obj (XintfRegsFile)

CpuTimer0RegsFile 
*          1    00000c00    00000008     UNINITIALIZED
                  00000c00    00000008     DSP2833x_GlobalVariableDefs.obj (CpuTimer0RegsFile)

CpuTimer1RegsFile 
*          1    00000c08    00000008     UNINITIALIZED
                  00000c08    00000008     DSP2833x_GlobalVariableDefs.obj (CpuTimer1RegsFile)

CpuTimer2RegsFile 
*          1    00000c10    00000008     UNINITIALIZED
                  00000c10    00000008     DSP2833x_GlobalVariableDefs.obj (CpuTimer2RegsFile)

PieCtrlRegsFile 
*          1    00000ce0    0000001a     UNINITIALIZED
                  00000ce0    0000001a     DSP2833x_GlobalVariableDefs.obj (PieCtrlRegsFile)

ECanaMOTSRegsFile 
*          1    00006080    00000040     UNINITIALIZED
                  00006080    00000040     DSP2833x_GlobalVariableDefs.obj (ECanaMOTSRegsFile)

ECanaMOTORegsFile 
*          1    000060c0    00000040     UNINITIALIZED
                  000060c0    00000040     DSP2833x_GlobalVariableDefs.obj (ECanaMOTORegsFile)

ECanbMOTSRegsFile 
*          1    00006280    00000040     UNINITIALIZED
                  00006280    00000040     DSP2833x_GlobalVariableDefs.obj (ECanbMOTSRegsFile)

ECanbMOTORegsFile 
*          1    000062c0    00000040     UNINITIALIZED
                  000062c0    00000040     DSP2833x_GlobalVariableDefs.obj (ECanbMOTORegsFile)

.ebss      1    0000c000    00000079     UNINITIALIZED
                  0000c000    00000024     main.obj (.ebss)
                  0000c024    00000018     DSP2833x_CpuTimers.obj (.ebss)
                  0000c03c    00000002     rts2800_fpu32.lib : _lock.c.obj (.ebss:__lock)
                  0000c03e    00000002                       : _lock.c.obj (.ebss:__unlock)
                  0000c040    0000000e     main.obj (.ebss:_MsgBuffer)
                  0000c04e    0000000a     main.obj (.ebss:_XBuffer)
                  0000c058    0000000a     main.obj (.ebss:_YBuffer)
                  0000c062    0000000a     main.obj (.ebss:_ZBuffer)
                  0000c06c    00000006     main.obj (.ebss:_Filter)
                  0000c072    00000006     rts2800_fpu32.lib : exit.c.obj (.ebss)
                  0000c078    00000001                       : errno.c.obj (.ebss)

.econst    1    0000d000    00000162     
                  0000d000    00000100     DSP2833x_PieVect.obj (.econst:_PieVectTableInit)
                  0000d100    00000032     rts2800_fpu32.lib : e_powf.c.obj (.econst)
                  0000d132    0000000a                       : s_atanf.c.obj (.econst:_aT)
                  0000d13c    00000008                       : s_atanf.c.obj (.econst:_atanhi)
                  0000d144    00000008                       : s_atanf.c.obj (.econst:_atanlo)
                  0000d14c    00000006                       : s_scalbnf.c.obj (.econst)
                  0000d152    00000004                       : e_powf.c.obj (.econst:_bp)
                  0000d156    00000004                       : e_powf.c.obj (.econst:_dp_h)
                  0000d15a    00000004                       : e_powf.c.obj (.econst:_dp_l)
                  0000d15e    00000004                       : s_atanf.c.obj (.econst)

.reset     0    003fffc0    00000002     DSECT
                  003fffc0    00000002     rts2800_fpu32.lib : boot28.asm.obj (.reset)

csm_rsvd   0    0033ff80    00000000     DSECT

csmpasswds 
*          0    0033fff8    00000000     DSECT

.adc_cal   0    00380080    00000007     NOLOAD SECTION
                  00380080    00000007     DSP2833x_ADC_cal.obj (.adc_cal)

PieVectTableFile 
*          1    00000d00    00000100     UNINITIALIZED
                  00000d00    00000100     DSP2833x_GlobalVariableDefs.obj (PieVectTableFile)

DmaRegsFile 
*          1    00001000    000000e0     UNINITIALIZED
                  00001000    000000e0     DSP2833x_GlobalVariableDefs.obj (DmaRegsFile)

McbspaRegsFile 
*          1    00005000    00000025     UNINITIALIZED
                  00005000    00000025     DSP2833x_GlobalVariableDefs.obj (McbspaRegsFile)

McbspbRegsFile 
*          1    00005040    00000025     UNINITIALIZED
                  00005040    00000025     DSP2833x_GlobalVariableDefs.obj (McbspbRegsFile)

ECanaRegsFile 
*          1    00006000    00000034     UNINITIALIZED
                  00006000    00000034     DSP2833x_GlobalVariableDefs.obj (ECanaRegsFile)

ECanaLAMRegsFile 
*          1    00006040    00000040     UNINITIALIZED
                  00006040    00000040     DSP2833x_GlobalVariableDefs.obj (ECanaLAMRegsFile)

ECanaMboxesFile 
*          1    00006100    00000100     UNINITIALIZED
                  00006100    00000100     DSP2833x_GlobalVariableDefs.obj (ECanaMboxesFile)

ECanbRegsFile 
*          1    00006200    00000034     UNINITIALIZED
                  00006200    00000034     DSP2833x_GlobalVariableDefs.obj (ECanbRegsFile)

ECanbLAMRegsFile 
*          1    00006240    00000040     UNINITIALIZED
                  00006240    00000040     DSP2833x_GlobalVariableDefs.obj (ECanbLAMRegsFile)

ECanbMboxesFile 
*          1    00006300    00000100     UNINITIALIZED
                  00006300    00000100     DSP2833x_GlobalVariableDefs.obj (ECanbMboxesFile)

EPwm1RegsFile 
*          1    00006800    00000022     UNINITIALIZED
                  00006800    00000022     DSP2833x_GlobalVariableDefs.obj (EPwm1RegsFile)

EPwm2RegsFile 
*          1    00006840    00000022     UNINITIALIZED
                  00006840    00000022     DSP2833x_GlobalVariableDefs.obj (EPwm2RegsFile)

EPwm3RegsFile 
*          1    00006880    00000022     UNINITIALIZED
                  00006880    00000022     DSP2833x_GlobalVariableDefs.obj (EPwm3RegsFile)

EPwm4RegsFile 
*          1    000068c0    00000022     UNINITIALIZED
                  000068c0    00000022     DSP2833x_GlobalVariableDefs.obj (EPwm4RegsFile)

EPwm5RegsFile 
*          1    00006900    00000022     UNINITIALIZED
                  00006900    00000022     DSP2833x_GlobalVariableDefs.obj (EPwm5RegsFile)

EPwm6RegsFile 
*          1    00006940    00000022     UNINITIALIZED
                  00006940    00000022     DSP2833x_GlobalVariableDefs.obj (EPwm6RegsFile)

ECap1RegsFile 
*          1    00006a00    00000020     UNINITIALIZED
                  00006a00    00000020     DSP2833x_GlobalVariableDefs.obj (ECap1RegsFile)

ECap2RegsFile 
*          1    00006a20    00000020     UNINITIALIZED
                  00006a20    00000020     DSP2833x_GlobalVariableDefs.obj (ECap2RegsFile)

ECap3RegsFile 
*          1    00006a40    00000020     UNINITIALIZED
                  00006a40    00000020     DSP2833x_GlobalVariableDefs.obj (ECap3RegsFile)

ECap4RegsFile 
*          1    00006a60    00000020     UNINITIALIZED
                  00006a60    00000020     DSP2833x_GlobalVariableDefs.obj (ECap4RegsFile)

ECap5RegsFile 
*          1    00006a80    00000020     UNINITIALIZED
                  00006a80    00000020     DSP2833x_GlobalVariableDefs.obj (ECap5RegsFile)

ECap6RegsFile 
*          1    00006aa0    00000020     UNINITIALIZED
                  00006aa0    00000020     DSP2833x_GlobalVariableDefs.obj (ECap6RegsFile)

EQep1RegsFile 
*          1    00006b00    00000040     UNINITIALIZED
                  00006b00    00000040     DSP2833x_GlobalVariableDefs.obj (EQep1RegsFile)

EQep2RegsFile 
*          1    00006b40    00000040     UNINITIALIZED
                  00006b40    00000040     DSP2833x_GlobalVariableDefs.obj (EQep2RegsFile)

GpioCtrlRegsFile 
*          1    00006f80    0000002e     UNINITIALIZED
                  00006f80    0000002e     DSP2833x_GlobalVariableDefs.obj (GpioCtrlRegsFile)

GpioDataRegsFile 
*          1    00006fc0    00000020     UNINITIALIZED
                  00006fc0    00000020     DSP2833x_GlobalVariableDefs.obj (GpioDataRegsFile)

GpioIntRegsFile 
*          1    00006fe0    0000000a     UNINITIALIZED
                  00006fe0    0000000a     DSP2833x_GlobalVariableDefs.obj (GpioIntRegsFile)

SysCtrlRegsFile 
*          1    00007010    00000020     UNINITIALIZED
                  00007010    00000020     DSP2833x_GlobalVariableDefs.obj (SysCtrlRegsFile)

SpiaRegsFile 
*          1    00007040    00000010     UNINITIALIZED
                  00007040    00000010     DSP2833x_GlobalVariableDefs.obj (SpiaRegsFile)

SciaRegsFile 
*          1    00007050    00000010     UNINITIALIZED
                  00007050    00000010     DSP2833x_GlobalVariableDefs.obj (SciaRegsFile)

XIntruptRegsFile 
*          1    00007070    00000010     UNINITIALIZED
                  00007070    00000010     DSP2833x_GlobalVariableDefs.obj (XIntruptRegsFile)

AdcRegsFile 
*          1    00007100    0000001e     UNINITIALIZED
                  00007100    0000001e     DSP2833x_GlobalVariableDefs.obj (AdcRegsFile)

ScibRegsFile 
*          1    00007750    00000010     UNINITIALIZED
                  00007750    00000010     DSP2833x_GlobalVariableDefs.obj (ScibRegsFile)

ScicRegsFile 
*          1    00007770    00000010     UNINITIALIZED
                  00007770    00000010     DSP2833x_GlobalVariableDefs.obj (ScicRegsFile)

I2caRegsFile 
*          1    00007900    00000022     UNINITIALIZED
                  00007900    00000022     DSP2833x_GlobalVariableDefs.obj (I2caRegsFile)

CsmPwlFile 
*          1    0033fff8    00000008     UNINITIALIZED
                  0033fff8    00000008     DSP2833x_GlobalVariableDefs.obj (CsmPwlFile)

PartIdRegsFile 
*          1    00380090    00000001     UNINITIALIZED
                  00380090    00000001     DSP2833x_GlobalVariableDefs.obj (PartIdRegsFile)

ramfuncs   0    00000050    00000004     
                  00000050    00000004     DSP2833x_usDelay.obj (ramfuncs)

.text.1    0    00009000    00000ffc     
                  00009000    00000423     main.obj (.text:retain)
                  00009423    00000369     rts2800_fpu32.lib : e_powf.c.obj (.text)
                  0000978c    00000319     main.obj (.text)
                  00009aa5    00000316     DSP2833x_DefaultIsr.obj (.text:retain)
                  00009dbb    000000f8     DSP2833x_SysCtrl.obj (.text)
                  00009eb3    000000ca     rts2800_fpu32.lib : s_atanf.c.obj (.text)
                  00009f7d    00000073     DSP2833x_CpuTimers.obj (.text)
                  00009ff0    00000009     rts2800_fpu32.lib : _lock.c.obj (.text)
                  00009ff9    00000002                       : pre_init.c.obj (.text)
                  00009ffb    00000001                       : startup.c.obj (.text)

.text.2    0    0000a000    000002a1     
                  0000a000    00000088     rts2800_fpu32.lib : fs_div28.asm.obj (.text)
                  0000a088    00000058                       : s_scalbnf.c.obj (.text)
                  0000a0e0    00000056                       : boot28.asm.obj (.text)
                  0000a136    00000048     DSP2833x_Sci.obj (.text)
                  0000a17e    00000029     rts2800_fpu32.lib : exit.c.obj (.text)
                  0000a1a7    00000028     DSP2833x_PieCtrl.obj (.text)
                  0000a1cf    00000001     --HOLE-- [fill = 0]
                  0000a1d0    00000027     rts2800_fpu32.lib : e_sqrtf.c.obj (.text)
                  0000a1f7    00000024                       : cpy_tbl.c.obj (.text)
                  0000a21b    00000020     DSP2833x_PieVect.obj (.text)
                  0000a23b    0000001d     rts2800_fpu32.lib : memcpy.c.obj (.text)
                  0000a258    00000019                       : args_main.c.obj (.text)
                  0000a271    00000017     DSP2833x_I2C.obj (.text)
                  0000a288    00000011     rts2800_fpu32.lib : s_copysignf.c.obj (.text)
                  0000a299    00000008     DSP2833x_CodeStartBranch.obj (.text)

MODULE SUMMARY

       Module                            code   initialized data   uninitialized data
       ------                            ----   ----------------   ------------------
    .\
       DSP2833x_GlobalVariableDefs.obj   0      0                  2679              
       main.obj                          1852   68                 86                
       DSP2833x_DefaultIsr.obj           790    0                  0                 
       DSP2833x_PieVect.obj              32     256                0                 
       DSP2833x_SysCtrl.obj              248    0                  0                 
       DSP2833x_CpuTimers.obj            115    0                  24                
       DSP2833x_Sci.obj                  72     0                  0                 
       DSP2833x_PieCtrl.obj              40     0                  0                 
       DSP2833x_I2C.obj                  23     0                  0                 
       DSP2833x_CodeStartBranch.obj      10     0                  0                 
       DSP2833x_ADC_cal.obj              7      0                  0                 
       DSP2833x_usDelay.obj              4      0                  0                 
    +--+---------------------------------+------+------------------+--------------------+
       Total:                            3193   324                2789              
                                                                                     
    C:\ti\ccs910\ccs\tools\compiler\ti-cgt-c2000_18.12.3.LTS\lib\rts2800_fpu32.lib
       e_powf.c.obj                      873    62                 0                 
       s_atanf.c.obj                     202    30                 0                 
       fs_div28.asm.obj                  136    0                  0                 
       s_scalbnf.c.obj                   88     6                  0                 
       boot28.asm.obj                    86     0                  0                 
       exit.c.obj                        41     14                 6                 
       e_sqrtf.c.obj                     39     0                  0                 
       cpy_tbl.c.obj                     36     0                  0                 
       memcpy.c.obj                      29     0                  0                 
       args_main.c.obj                   25     0                  0                 
       _lock.c.obj                       9      10                 4                 
       s_copysignf.c.obj                 17     0                  0                 
       errno.c.obj                       0      4                  1                 
       pre_init.c.obj                    2      0                  0                 
       startup.c.obj                     1      0                  0                 
    +--+---------------------------------+------+------------------+--------------------+
       Total:                            1584   126                11                
                                                                                     
       Stack:                            0      0                  768               
    +--+---------------------------------+------+------------------+--------------------+
       Grand Total:                      4777   450                3568              


GLOBAL DATA SYMBOLS: SORTED BY DATA PAGE

address     data page           name
--------    ----------------    ----
00000400      10 (00000400)     __stack

00000880      22 (00000880)     _DevEmuRegs

00000a80      2a (00000a80)     _FlashRegs

00000ae0      2b (00000ac0)     _CsmRegs

00000b00      2c (00000b00)     _AdcMirror
00000b20      2c (00000b00)     _XintfRegs

00000c00      30 (00000c00)     _CpuTimer0Regs
00000c08      30 (00000c00)     _CpuTimer1Regs
00000c10      30 (00000c00)     _CpuTimer2Regs

00000ce0      33 (00000cc0)     _PieCtrlRegs

00000d00      34 (00000d00)     _PieVectTable

00001000      40 (00001000)     _DmaRegs

00005000     140 (00005000)     _McbspaRegs

00005040     141 (00005040)     _McbspbRegs

00006000     180 (00006000)     _ECanaRegs

00006040     181 (00006040)     _ECanaLAMRegs

00006080     182 (00006080)     _ECanaMOTSRegs

000060c0     183 (000060c0)     _ECanaMOTORegs

00006100     184 (00006100)     _ECanaMboxes

00006200     188 (00006200)     _ECanbRegs

00006240     189 (00006240)     _ECanbLAMRegs

00006280     18a (00006280)     _ECanbMOTSRegs

000062c0     18b (000062c0)     _ECanbMOTORegs

00006300     18c (00006300)     _ECanbMboxes

00006800     1a0 (00006800)     _EPwm1Regs

00006840     1a1 (00006840)     _EPwm2Regs

00006880     1a2 (00006880)     _EPwm3Regs

000068c0     1a3 (000068c0)     _EPwm4Regs

00006900     1a4 (00006900)     _EPwm5Regs

00006940     1a5 (00006940)     _EPwm6Regs

00006a00     1a8 (00006a00)     _ECap1Regs
00006a20     1a8 (00006a00)     _ECap2Regs

00006a40     1a9 (00006a40)     _ECap3Regs
00006a60     1a9 (00006a40)     _ECap4Regs

00006a80     1aa (00006a80)     _ECap5Regs
00006aa0     1aa (00006a80)     _ECap6Regs

00006b00     1ac (00006b00)     _EQep1Regs

00006b40     1ad (00006b40)     _EQep2Regs

00006f80     1be (00006f80)     _GpioCtrlRegs

00006fc0     1bf (00006fc0)     _GpioDataRegs
00006fe0     1bf (00006fc0)     _GpioIntRegs

00007010     1c0 (00007000)     _SysCtrlRegs

00007040     1c1 (00007040)     _SpiaRegs
00007050     1c1 (00007040)     _SciaRegs
00007070     1c1 (00007040)     _XIntruptRegs

00007100     1c4 (00007100)     _AdcRegs

00007750     1dd (00007740)     _ScibRegs
00007770     1dd (00007740)     _ScicRegs

00007900     1e4 (00007900)     _I2caRegs

0000c000     300 (0000c000)     _MpuReadCount
0000c001     300 (0000c000)     _MpuAvgCounter
0000c002     300 (0000c000)     _XPointer
0000c003     300 (0000c000)     _YPointer
0000c004     300 (0000c000)     _ZPointer
0000c005     300 (0000c000)     _tmpH
0000c006     300 (0000c000)     _tmpL
0000c007     300 (0000c000)     _BBCount
0000c008     300 (0000c000)     _intflag
0000c00a     300 (0000c000)     _yaw
0000c00c     300 (0000c000)     _pitch
0000c00e     300 (0000c000)     _roll
0000c010     300 (0000c000)     _Angle_X
0000c012     300 (0000c000)     _Angle_Y
0000c014     300 (0000c000)     _Cels
0000c016     300 (0000c000)     _Fahr
0000c018     300 (0000c000)     _gyroAngleX
0000c01a     300 (0000c000)     _gyroAngleY
0000c01c     300 (0000c000)     _GtempX
0000c01e     300 (0000c000)     _GtempY
0000c020     300 (0000c000)     _GtempZ
0000c022     300 (0000c000)     _MPUtemp
0000c024     300 (0000c000)     _CpuTimer0
0000c02c     300 (0000c000)     _CpuTimer1
0000c034     300 (0000c000)     _CpuTimer2
0000c03c     300 (0000c000)     __lock
0000c03e     300 (0000c000)     __unlock

0000c040     301 (0000c040)     _MsgBuffer
0000c04e     301 (0000c040)     _XBuffer
0000c058     301 (0000c040)     _YBuffer
0000c062     301 (0000c040)     _ZBuffer
0000c06c     301 (0000c040)     _Filter
0000c072     301 (0000c040)     ___TI_enable_exit_profile_output
0000c074     301 (0000c040)     ___TI_cleanup_ptr
0000c076     301 (0000c040)     ___TI_dtors_ptr
0000c078     301 (0000c040)     _errno

0000d000     340 (0000d000)     _PieVectTableInit

0033fff8    cfff (0033ffc0)     _CsmPwl

00380090    e002 (00380080)     _PartIdRegs


GLOBAL SYMBOLS: SORTED ALPHABETICALLY BY Name 

page  address   name                            
----  -------   ----                            
abs   ffffffff  .text                           
0     0000a17e  C$$EXIT                         
0     0000a000  FS$$DIV                         
0     00009b8b  _ADCINT_ISR                     
0     00380080  _ADC_cal                        
1     00000b00  _AdcMirror                      
1     00007100  _AdcRegs                        
1     0000c010  _Angle_X                        
1     0000c012  _Angle_Y                        
1     0000c007  _BBCount                        
1     0000c014  _Cels                           
0     00009fb6  _ConfigCpuTimer                 
1     0000c024  _CpuTimer0                      
1     00000c00  _CpuTimer0Regs                  
1     0000c02c  _CpuTimer1                      
1     00000c08  _CpuTimer1Regs                  
1     0000c034  _CpuTimer2                      
1     00000c10  _CpuTimer2Regs                  
1     0033fff8  _CsmPwl                         
1     00000ae0  _CsmRegs                        
0     00009e82  _CsmUnlock                      
0     00009ab9  _DATALOG_ISR                    
0     00009cad  _DINTCH1_ISR                    
0     00009cb7  _DINTCH2_ISR                    
0     00009cc1  _DINTCH3_ISR                    
0     00009ccb  _DINTCH4_ISR                    
0     00009cd5  _DINTCH5_ISR                    
0     00009cdf  _DINTCH6_ISR                    
0     00000050  _DSP28x_usDelay                 
1     00000880  _DevEmuRegs                     
0     00009dce  _DisableDog                     
1     00001000  _DmaRegs                        
0     00009d39  _ECAN0INTA_ISR                  
0     00009d4d  _ECAN0INTB_ISR                  
0     00009d43  _ECAN1INTA_ISR                  
0     00009d57  _ECAN1INTB_ISR                  
0     00009c21  _ECAP1_INT_ISR                  
0     00009c2b  _ECAP2_INT_ISR                  
0     00009c35  _ECAP3_INT_ISR                  
0     00009c3f  _ECAP4_INT_ISR                  
0     00009c49  _ECAP5_INT_ISR                  
0     00009c53  _ECAP6_INT_ISR                  
1     00006040  _ECanaLAMRegs                   
1     000060c0  _ECanaMOTORegs                  
1     00006080  _ECanaMOTSRegs                  
1     00006100  _ECanaMboxes                    
1     00006000  _ECanaRegs                      
1     00006240  _ECanbLAMRegs                   
1     000062c0  _ECanbMOTORegs                  
1     00006280  _ECanbMOTSRegs                  
1     00006300  _ECanbMboxes                    
1     00006200  _ECanbRegs                      
1     00006a00  _ECap1Regs                      
1     00006a20  _ECap2Regs                      
1     00006a40  _ECap3Regs                      
1     00006a60  _ECap4Regs                      
1     00006a80  _ECap5Regs                      
1     00006aa0  _ECap6Regs                      
0     00009acd  _EMUINT_ISR                     
0     00009be5  _EPWM1_INT_ISR                  
0     00009ba9  _EPWM1_TZINT_ISR                
0     00009bef  _EPWM2_INT_ISR                  
0     00009bb3  _EPWM2_TZINT_ISR                
0     00009bf9  _EPWM3_INT_ISR                  
0     00009bbd  _EPWM3_TZINT_ISR                
0     00009c03  _EPWM4_INT_ISR                  
0     00009bc7  _EPWM4_TZINT_ISR                
0     00009c0d  _EPWM5_INT_ISR                  
0     00009bd1  _EPWM5_TZINT_ISR                
0     00009c17  _EPWM6_INT_ISR                  
0     00009bdb  _EPWM6_TZINT_ISR                
1     00006800  _EPwm1Regs                      
1     00006840  _EPwm2Regs                      
1     00006880  _EPwm3Regs                      
1     000068c0  _EPwm4Regs                      
1     00006900  _EPwm5Regs                      
1     00006940  _EPwm6Regs                      
0     00009c5d  _EQEP1_INT_ISR                  
0     00009c67  _EQEP2_INT_ISR                  
1     00006b00  _EQep1Regs                      
1     00006b40  _EQep2Regs                      
0     0000a1c6  _EnableInterrupts               
1     0000c016  _Fahr                           
1     0000c06c  _Filter                         
0     0000999d  _FilterImu                      
1     00000a80  _FlashRegs                      
0     0000997a  _GetImuTemps                    
1     00006f80  _GpioCtrlRegs                   
1     00006fc0  _GpioDataRegs                   
1     00006fe0  _GpioIntRegs                    
1     0000c01c  _GtempX                         
1     0000c01e  _GtempY                         
1     0000c020  _GtempZ                         
0     00009ce9  _I2CINT1A_ISR                   
0     00009cf3  _I2CINT2A_ISR                   
0     0000989c  _I2CInit                        
0     00009942  _I2C_read_data                  
1     00007900  _I2caRegs                       
0     00009ae1  _ILLEGAL_ISR                    
0     00009aa5  _INT13_ISR                      
0     00009aaf  _INT14_ISR                      
0     00009f7d  _InitCpuTimers                  
0     0000a271  _InitI2C                        
0     0000a272  _InitI2CGpio                    
0     00009e27  _InitPeripheralClocks           
0     0000a1a7  _InitPieCtrl                    
0     0000a21b  _InitPieVectTable               
0     00009dd6  _InitPll                        
0     0000a136  _InitSci                        
0     0000a137  _InitSciGpio                    
0     0000a13e  _InitSciaGpio                   
0     0000a154  _InitScibGpio                   
0     0000a168  _InitScicGpio                   
0     00009dbb  _InitSysCtrl                    
0     00009d9d  _LUF_ISR                        
0     00009d93  _LVF_ISR                        
1     0000c022  _MPUtemp                        
0     00009c99  _MRINTA_ISR                     
0     00009c85  _MRINTB_ISR                     
0     00009ca3  _MXINTA_ISR                     
0     00009c8f  _MXINTB_ISR                     
1     00005000  _McbspaRegs                     
1     00005040  _McbspbRegs                     
1     0000c001  _MpuAvgCounter                  
1     0000c000  _MpuReadCount                   
1     0000c040  _MsgBuffer                      
0     00009ad7  _NMI_ISR                        
0     00009da7  _PIE_RESERVED                   
1     00380090  _PartIdRegs                     
1     00000ce0  _PieCtrlRegs                    
1     00000d00  _PieVectTable                   
1     0000d000  _PieVectTableInit               
0     00009ac3  _RTOSINT_ISR                    
0     00009d11  _SCIRXINTA_ISR                  
0     00009d25  _SCIRXINTB_ISR                  
0     00009cfd  _SCIRXINTC_ISR                  
0     00009d1b  _SCITXINTA_ISR                  
0     00009d2f  _SCITXINTB_ISR                  
0     00009d07  _SCITXINTC_ISR                  
0     00009b63  _SEQ1INT_ISR                    
0     00009b6d  _SEQ2INT_ISR                    
0     00009c71  _SPIRXINTA_ISR                  
0     00009c7b  _SPITXINTA_ISR                  
0     00009a4b  _SciComm_init                   
1     00007050  _SciaRegs                       
1     00007750  _ScibRegs                       
1     00007770  _ScicRegs                       
0     00009dc4  _ServiceDog                     
1     00007040  _SpiaRegs                       
1     00007010  _SysCtrlRegs                    
0     00009b95  _TINT0_ISR                      
0     00009b45  _USER10_ISR                     
0     00009b4f  _USER11_ISR                     
0     00009b59  _USER12_ISR                     
0     00009aeb  _USER1_ISR                      
0     00009af5  _USER2_ISR                      
0     00009aff  _USER3_ISR                      
0     00009b09  _USER4_ISR                      
0     00009b13  _USER5_ISR                      
0     00009b1d  _USER6_ISR                      
0     00009b27  _USER7_ISR                      
0     00009b31  _USER8_ISR                      
0     00009b3b  _USER9_ISR                      
0     00009b9f  _WAKEINT_ISR                    
1     0000c04e  _XBuffer                        
0     00009b77  _XINT1_ISR                      
0     00009b81  _XINT2_ISR                      
0     00009d61  _XINT3_ISR                      
0     00009d6b  _XINT4_ISR                      
0     00009d75  _XINT5_ISR                      
0     00009d7f  _XINT6_ISR                      
0     00009d89  _XINT7_ISR                      
1     00007070  _XIntruptRegs                   
1     0000c002  _XPointer                       
0     000092b1  _Xint_reset                     
1     00000b20  _XintfRegs                      
1     0000c058  _YBuffer                        
1     0000c003  _YPointer                       
1     0000c062  _ZBuffer                        
1     0000c004  _ZPointer                       
1     00000700  __STACK_END                     
abs   00000300  __STACK_SIZE                    
1     0000c074  ___TI_cleanup_ptr               
1     0000c076  ___TI_dtors_ptr                 
1     0000c072  ___TI_enable_exit_profile_output
abs   ffffffff  ___TI_pprof_out_hndl            
abs   ffffffff  ___TI_prof_data_size            
abs   ffffffff  ___TI_prof_data_start           
abs   ffffffff  ___binit__                      
abs   ffffffff  ___c_args__                     
0     00008000  ___cinit__                      
abs   ffffffff  ___etext__                      
abs   ffffffff  ___pinit__                      
abs   ffffffff  ___text__                       
0     0000a258  __args_main                     
1     0000c03c  __lock                          
0     00009ff8  __nop                           
0     00009ff4  __register_lock                 
0     00009ff0  __register_unlock               
1     00000400  __stack                         
0     00009ffb  __system_post_cinit             
0     00009ff9  __system_pre_init               
1     0000c03e  __unlock                        
0     0000a17e  _abort                          
0     00009eb3  _atan                           
0     00009eb3  _atanf                          
0     0000a0e0  _c_int00                        
0     0000a1f7  _copy_in                        
0     0000a288  _copysign                       
0     0000a288  _copysignf                      
0     00009000  _cpu_timer0_isr                 
0     000093a0  _cpu_timer2_isr                 
0     0000934d  _epwm_timer1_sci                
1     0000c078  _errno                          
0     0000a180  _exit                           
0     00009a7a  _getTemps                       
1     0000c018  _gyroAngleX                     
1     0000c01a  _gyroAngleY                     
1     0000c008  _intflag                        
0     0000a088  _ldexp                          
0     0000a088  _ldexpf                         
0     0000978c  _main                           
0     0000a23b  _memcpy                         
1     0000c00c  _pitch                          
0     00009423  _pow                            
0     00009423  _powf                           
1     0000c00e  _roll                           
0     00009db1  _rsvd_ISR                       
0     0000a088  _scalbn                         
0     0000a088  _scalbnf                        
0     00009894  _scia_fifo_init                 
0     00009a5d  _scia_xmit                      
0     00009a3a  _sgn                            
0     0000a1d0  _sqrt                           
0     0000a1d0  _sqrtf                          
1     0000c005  _tmpH                           
1     0000c006  _tmpL                           
1     0000c00a  _yaw                            
abs   ffffffff  binit                           
0     00008000  cinit                           
0     00000000  code_start                      
abs   ffffffff  etext                           
abs   ffffffff  pinit                           


GLOBAL SYMBOLS: SORTED BY Symbol Address 

page  address   name                            
----  -------   ----                            
0     00000000  code_start                      
0     00000050  _DSP28x_usDelay                 
0     00008000  ___cinit__                      
0     00008000  cinit                           
0     00009000  _cpu_timer0_isr                 
0     000092b1  _Xint_reset                     
0     0000934d  _epwm_timer1_sci                
0     000093a0  _cpu_timer2_isr                 
0     00009423  _pow                            
0     00009423  _powf                           
0     0000978c  _main                           
0     00009894  _scia_fifo_init                 
0     0000989c  _I2CInit                        
0     00009942  _I2C_read_data                  
0     0000997a  _GetImuTemps                    
0     0000999d  _FilterImu                      
0     00009a3a  _sgn                            
0     00009a4b  _SciComm_init                   
0     00009a5d  _scia_xmit                      
0     00009a7a  _getTemps                       
0     00009aa5  _INT13_ISR                      
0     00009aaf  _INT14_ISR                      
0     00009ab9  _DATALOG_ISR                    
0     00009ac3  _RTOSINT_ISR                    
0     00009acd  _EMUINT_ISR                     
0     00009ad7  _NMI_ISR                        
0     00009ae1  _ILLEGAL_ISR                    
0     00009aeb  _USER1_ISR                      
0     00009af5  _USER2_ISR                      
0     00009aff  _USER3_ISR                      
0     00009b09  _USER4_ISR                      
0     00009b13  _USER5_ISR                      
0     00009b1d  _USER6_ISR                      
0     00009b27  _USER7_ISR                      
0     00009b31  _USER8_ISR                      
0     00009b3b  _USER9_ISR                      
0     00009b45  _USER10_ISR                     
0     00009b4f  _USER11_ISR                     
0     00009b59  _USER12_ISR                     
0     00009b63  _SEQ1INT_ISR                    
0     00009b6d  _SEQ2INT_ISR                    
0     00009b77  _XINT1_ISR                      
0     00009b81  _XINT2_ISR                      
0     00009b8b  _ADCINT_ISR                     
0     00009b95  _TINT0_ISR                      
0     00009b9f  _WAKEINT_ISR                    
0     00009ba9  _EPWM1_TZINT_ISR                
0     00009bb3  _EPWM2_TZINT_ISR                
0     00009bbd  _EPWM3_TZINT_ISR                
0     00009bc7  _EPWM4_TZINT_ISR                
0     00009bd1  _EPWM5_TZINT_ISR                
0     00009bdb  _EPWM6_TZINT_ISR                
0     00009be5  _EPWM1_INT_ISR                  
0     00009bef  _EPWM2_INT_ISR                  
0     00009bf9  _EPWM3_INT_ISR                  
0     00009c03  _EPWM4_INT_ISR                  
0     00009c0d  _EPWM5_INT_ISR                  
0     00009c17  _EPWM6_INT_ISR                  
0     00009c21  _ECAP1_INT_ISR                  
0     00009c2b  _ECAP2_INT_ISR                  
0     00009c35  _ECAP3_INT_ISR                  
0     00009c3f  _ECAP4_INT_ISR                  
0     00009c49  _ECAP5_INT_ISR                  
0     00009c53  _ECAP6_INT_ISR                  
0     00009c5d  _EQEP1_INT_ISR                  
0     00009c67  _EQEP2_INT_ISR                  
0     00009c71  _SPIRXINTA_ISR                  
0     00009c7b  _SPITXINTA_ISR                  
0     00009c85  _MRINTB_ISR                     
0     00009c8f  _MXINTB_ISR                     
0     00009c99  _MRINTA_ISR                     
0     00009ca3  _MXINTA_ISR                     
0     00009cad  _DINTCH1_ISR                    
0     00009cb7  _DINTCH2_ISR                    
0     00009cc1  _DINTCH3_ISR                    
0     00009ccb  _DINTCH4_ISR                    
0     00009cd5  _DINTCH5_ISR                    
0     00009cdf  _DINTCH6_ISR                    
0     00009ce9  _I2CINT1A_ISR                   
0     00009cf3  _I2CINT2A_ISR                   
0     00009cfd  _SCIRXINTC_ISR                  
0     00009d07  _SCITXINTC_ISR                  
0     00009d11  _SCIRXINTA_ISR                  
0     00009d1b  _SCITXINTA_ISR                  
0     00009d25  _SCIRXINTB_ISR                  
0     00009d2f  _SCITXINTB_ISR                  
0     00009d39  _ECAN0INTA_ISR                  
0     00009d43  _ECAN1INTA_ISR                  
0     00009d4d  _ECAN0INTB_ISR                  
0     00009d57  _ECAN1INTB_ISR                  
0     00009d61  _XINT3_ISR                      
0     00009d6b  _XINT4_ISR                      
0     00009d75  _XINT5_ISR                      
0     00009d7f  _XINT6_ISR                      
0     00009d89  _XINT7_ISR                      
0     00009d93  _LVF_ISR                        
0     00009d9d  _LUF_ISR                        
0     00009da7  _PIE_RESERVED                   
0     00009db1  _rsvd_ISR                       
0     00009dbb  _InitSysCtrl                    
0     00009dc4  _ServiceDog                     
0     00009dce  _DisableDog                     
0     00009dd6  _InitPll                        
0     00009e27  _InitPeripheralClocks           
0     00009e82  _CsmUnlock                      
0     00009eb3  _atan                           
0     00009eb3  _atanf                          
0     00009f7d  _InitCpuTimers                  
0     00009fb6  _ConfigCpuTimer                 
0     00009ff0  __register_unlock               
0     00009ff4  __register_lock                 
0     00009ff8  __nop                           
0     00009ff9  __system_pre_init               
0     00009ffb  __system_post_cinit             
0     0000a000  FS$$DIV                         
0     0000a088  _ldexp                          
0     0000a088  _ldexpf                         
0     0000a088  _scalbn                         
0     0000a088  _scalbnf                        
0     0000a0e0  _c_int00                        
0     0000a136  _InitSci                        
0     0000a137  _InitSciGpio                    
0     0000a13e  _InitSciaGpio                   
0     0000a154  _InitScibGpio                   
0     0000a168  _InitScicGpio                   
0     0000a17e  C$$EXIT                         
0     0000a17e  _abort                          
0     0000a180  _exit                           
0     0000a1a7  _InitPieCtrl                    
0     0000a1c6  _EnableInterrupts               
0     0000a1d0  _sqrt                           
0     0000a1d0  _sqrtf                          
0     0000a1f7  _copy_in                        
0     0000a21b  _InitPieVectTable               
0     0000a23b  _memcpy                         
0     0000a258  __args_main                     
0     0000a271  _InitI2C                        
0     0000a272  _InitI2CGpio                    
0     0000a288  _copysign                       
0     0000a288  _copysignf                      
0     00380080  _ADC_cal                        
1     00000400  __stack                         
1     00000700  __STACK_END                     
1     00000880  _DevEmuRegs                     
1     00000a80  _FlashRegs                      
1     00000ae0  _CsmRegs                        
1     00000b00  _AdcMirror                      
1     00000b20  _XintfRegs                      
1     00000c00  _CpuTimer0Regs                  
1     00000c08  _CpuTimer1Regs                  
1     00000c10  _CpuTimer2Regs                  
1     00000ce0  _PieCtrlRegs                    
1     00000d00  _PieVectTable                   
1     00001000  _DmaRegs                        
1     00005000  _McbspaRegs                     
1     00005040  _McbspbRegs                     
1     00006000  _ECanaRegs                      
1     00006040  _ECanaLAMRegs                   
1     00006080  _ECanaMOTSRegs                  
1     000060c0  _ECanaMOTORegs                  
1     00006100  _ECanaMboxes                    
1     00006200  _ECanbRegs                      
1     00006240  _ECanbLAMRegs                   
1     00006280  _ECanbMOTSRegs                  
1     000062c0  _ECanbMOTORegs                  
1     00006300  _ECanbMboxes                    
1     00006800  _EPwm1Regs                      
1     00006840  _EPwm2Regs                      
1     00006880  _EPwm3Regs                      
1     000068c0  _EPwm4Regs                      
1     00006900  _EPwm5Regs                      
1     00006940  _EPwm6Regs                      
1     00006a00  _ECap1Regs                      
1     00006a20  _ECap2Regs                      
1     00006a40  _ECap3Regs                      
1     00006a60  _ECap4Regs                      
1     00006a80  _ECap5Regs                      
1     00006aa0  _ECap6Regs                      
1     00006b00  _EQep1Regs                      
1     00006b40  _EQep2Regs                      
1     00006f80  _GpioCtrlRegs                   
1     00006fc0  _GpioDataRegs                   
1     00006fe0  _GpioIntRegs                    
1     00007010  _SysCtrlRegs                    
1     00007040  _SpiaRegs                       
1     00007050  _SciaRegs                       
1     00007070  _XIntruptRegs                   
1     00007100  _AdcRegs                        
1     00007750  _ScibRegs                       
1     00007770  _ScicRegs                       
1     00007900  _I2caRegs                       
1     0000c000  _MpuReadCount                   
1     0000c001  _MpuAvgCounter                  
1     0000c002  _XPointer                       
1     0000c003  _YPointer                       
1     0000c004  _ZPointer                       
1     0000c005  _tmpH                           
1     0000c006  _tmpL                           
1     0000c007  _BBCount                        
1     0000c008  _intflag                        
1     0000c00a  _yaw                            
1     0000c00c  _pitch                          
1     0000c00e  _roll                           
1     0000c010  _Angle_X                        
1     0000c012  _Angle_Y                        
1     0000c014  _Cels                           
1     0000c016  _Fahr                           
1     0000c018  _gyroAngleX                     
1     0000c01a  _gyroAngleY                     
1     0000c01c  _GtempX                         
1     0000c01e  _GtempY                         
1     0000c020  _GtempZ                         
1     0000c022  _MPUtemp                        
1     0000c024  _CpuTimer0                      
1     0000c02c  _CpuTimer1                      
1     0000c034  _CpuTimer2                      
1     0000c03c  __lock                          
1     0000c03e  __unlock                        
1     0000c040  _MsgBuffer                      
1     0000c04e  _XBuffer                        
1     0000c058  _YBuffer                        
1     0000c062  _ZBuffer                        
1     0000c06c  _Filter                         
1     0000c072  ___TI_enable_exit_profile_output
1     0000c074  ___TI_cleanup_ptr               
1     0000c076  ___TI_dtors_ptr                 
1     0000c078  _errno                          
1     0000d000  _PieVectTableInit               
1     0033fff8  _CsmPwl                         
1     00380090  _PartIdRegs                     
abs   00000300  __STACK_SIZE                    
abs   ffffffff  .text                           
abs   ffffffff  ___TI_pprof_out_hndl            
abs   ffffffff  ___TI_prof_data_size            
abs   ffffffff  ___TI_prof_data_start           
abs   ffffffff  ___binit__                      
abs   ffffffff  ___c_args__                     
abs   ffffffff  ___etext__                      
abs   ffffffff  ___pinit__                      
abs   ffffffff  ___text__                       
abs   ffffffff  binit                           
abs   ffffffff  etext                           
abs   ffffffff  pinit                           

[243 symbols]
