<?xml version="1.0" encoding="ISO-8859-1" ?>
<link_info>
   <banner>TMS320C2000 Linker PC v18.12.2.LTS</banner>
   <copyright>Copyright (c) 1996-2018 Texas Instruments Incorporated</copyright>
   <link_time>0x5d6e6b6b</link_time>
   <link_errors>0x0</link_errors>
   <output_file>Mpu6050I2C.out</output_file>
   <entry_point>
      <name>_c_int00</name>
      <address>0x9e61</address>
   </entry_point>
   <input_file_list>
      <input_file id="fl-2">
         <path>.\</path>
         <kind>object</kind>
         <file>DSP2833x_ADC_cal.obj</file>
         <name>DSP2833x_ADC_cal.obj</name>
      </input_file>
      <input_file id="fl-3">
         <path>.\</path>
         <kind>object</kind>
         <file>DSP2833x_Adc.obj</file>
         <name>DSP2833x_Adc.obj</name>
      </input_file>
      <input_file id="fl-4">
         <path>.\</path>
         <kind>object</kind>
         <file>DSP2833x_CodeStartBranch.obj</file>
         <name>DSP2833x_CodeStartBranch.obj</name>
      </input_file>
      <input_file id="fl-5">
         <path>.\</path>
         <kind>object</kind>
         <file>DSP2833x_CpuTimers.obj</file>
         <name>DSP2833x_CpuTimers.obj</name>
      </input_file>
      <input_file id="fl-6">
         <path>.\</path>
         <kind>object</kind>
         <file>DSP2833x_DefaultIsr.obj</file>
         <name>DSP2833x_DefaultIsr.obj</name>
      </input_file>
      <input_file id="fl-7">
         <path>.\</path>
         <kind>object</kind>
         <file>DSP2833x_GlobalVariableDefs.obj</file>
         <name>DSP2833x_GlobalVariableDefs.obj</name>
      </input_file>
      <input_file id="fl-8">
         <path>.\</path>
         <kind>object</kind>
         <file>DSP2833x_Gpio.obj</file>
         <name>DSP2833x_Gpio.obj</name>
      </input_file>
      <input_file id="fl-9">
         <path>.\</path>
         <kind>object</kind>
         <file>DSP2833x_I2C.obj</file>
         <name>DSP2833x_I2C.obj</name>
      </input_file>
      <input_file id="fl-a">
         <path>.\</path>
         <kind>object</kind>
         <file>DSP2833x_PieCtrl.obj</file>
         <name>DSP2833x_PieCtrl.obj</name>
      </input_file>
      <input_file id="fl-b">
         <path>.\</path>
         <kind>object</kind>
         <file>DSP2833x_PieVect.obj</file>
         <name>DSP2833x_PieVect.obj</name>
      </input_file>
      <input_file id="fl-c">
         <path>.\</path>
         <kind>object</kind>
         <file>DSP2833x_Sci.obj</file>
         <name>DSP2833x_Sci.obj</name>
      </input_file>
      <input_file id="fl-d">
         <path>.\</path>
         <kind>object</kind>
         <file>DSP2833x_Spi.obj</file>
         <name>DSP2833x_Spi.obj</name>
      </input_file>
      <input_file id="fl-e">
         <path>.\</path>
         <kind>object</kind>
         <file>DSP2833x_SysCtrl.obj</file>
         <name>DSP2833x_SysCtrl.obj</name>
      </input_file>
      <input_file id="fl-f">
         <path>.\</path>
         <kind>object</kind>
         <file>DSP2833x_usDelay.obj</file>
         <name>DSP2833x_usDelay.obj</name>
      </input_file>
      <input_file id="fl-10">
         <path>.\</path>
         <kind>object</kind>
         <file>main.obj</file>
         <name>main.obj</name>
      </input_file>
      <input_file id="fl-15">
         <kind>object</kind>
         <file>&lt;internal&gt;</file>
         <name>&lt;internal&gt;</name>
      </input_file>
      <input_file id="fl-21">
         <path>C:\ti\ccs910\ccs\tools\compiler\ti-cgt-c2000_18.12.2.LTS\lib\</path>
         <kind>archive</kind>
         <file>rts2800_fpu32.lib</file>
         <name>e_powf.c.obj</name>
      </input_file>
      <input_file id="fl-22">
         <path>C:\ti\ccs910\ccs\tools\compiler\ti-cgt-c2000_18.12.2.LTS\lib\</path>
         <kind>archive</kind>
         <file>rts2800_fpu32.lib</file>
         <name>e_sqrtf.c.obj</name>
      </input_file>
      <input_file id="fl-23">
         <path>C:\ti\ccs910\ccs\tools\compiler\ti-cgt-c2000_18.12.2.LTS\lib\</path>
         <kind>archive</kind>
         <file>rts2800_fpu32.lib</file>
         <name>s_atanf.c.obj</name>
      </input_file>
      <input_file id="fl-24">
         <path>C:\ti\ccs910\ccs\tools\compiler\ti-cgt-c2000_18.12.2.LTS\lib\</path>
         <kind>archive</kind>
         <file>rts2800_fpu32.lib</file>
         <name>s_scalbnf.c.obj</name>
      </input_file>
      <input_file id="fl-25">
         <path>C:\ti\ccs910\ccs\tools\compiler\ti-cgt-c2000_18.12.2.LTS\lib\</path>
         <kind>archive</kind>
         <file>rts2800_fpu32.lib</file>
         <name>s_copysignf.c.obj</name>
      </input_file>
      <input_file id="fl-26">
         <path>C:\ti\ccs910\ccs\tools\compiler\ti-cgt-c2000_18.12.2.LTS\lib\</path>
         <kind>archive</kind>
         <file>rts2800_fpu32.lib</file>
         <name>boot28.asm.obj</name>
      </input_file>
      <input_file id="fl-27">
         <path>C:\ti\ccs910\ccs\tools\compiler\ti-cgt-c2000_18.12.2.LTS\lib\</path>
         <kind>archive</kind>
         <file>rts2800_fpu32.lib</file>
         <name>fs_div28.asm.obj</name>
      </input_file>
      <input_file id="fl-28">
         <path>C:\ti\ccs910\ccs\tools\compiler\ti-cgt-c2000_18.12.2.LTS\lib\</path>
         <kind>archive</kind>
         <file>rts2800_fpu32.lib</file>
         <name>cpy_tbl.c.obj</name>
      </input_file>
      <input_file id="fl-29">
         <path>C:\ti\ccs910\ccs\tools\compiler\ti-cgt-c2000_18.12.2.LTS\lib\</path>
         <kind>archive</kind>
         <file>rts2800_fpu32.lib</file>
         <name>memcpy.c.obj</name>
      </input_file>
      <input_file id="fl-2a">
         <path>C:\ti\ccs910\ccs\tools\compiler\ti-cgt-c2000_18.12.2.LTS\lib\</path>
         <kind>archive</kind>
         <file>rts2800_fpu32.lib</file>
         <name>pre_init.c.obj</name>
      </input_file>
      <input_file id="fl-2b">
         <path>C:\ti\ccs910\ccs\tools\compiler\ti-cgt-c2000_18.12.2.LTS\lib\</path>
         <kind>archive</kind>
         <file>rts2800_fpu32.lib</file>
         <name>startup.c.obj</name>
      </input_file>
      <input_file id="fl-2c">
         <path>C:\ti\ccs910\ccs\tools\compiler\ti-cgt-c2000_18.12.2.LTS\lib\</path>
         <kind>archive</kind>
         <file>rts2800_fpu32.lib</file>
         <name>exit.c.obj</name>
      </input_file>
      <input_file id="fl-2d">
         <path>C:\ti\ccs910\ccs\tools\compiler\ti-cgt-c2000_18.12.2.LTS\lib\</path>
         <kind>archive</kind>
         <file>rts2800_fpu32.lib</file>
         <name>_lock.c.obj</name>
      </input_file>
      <input_file id="fl-2e">
         <path>C:\ti\ccs910\ccs\tools\compiler\ti-cgt-c2000_18.12.2.LTS\lib\</path>
         <kind>archive</kind>
         <file>rts2800_fpu32.lib</file>
         <name>args_main.c.obj</name>
      </input_file>
      <input_file id="fl-2f">
         <path>C:\ti\ccs910\ccs\tools\compiler\ti-cgt-c2000_18.12.2.LTS\lib\</path>
         <kind>archive</kind>
         <file>rts2800_fpu32.lib</file>
         <name>errno.c.obj</name>
      </input_file>
   </input_file_list>
   <object_component_list>
      <object_component id="oc-57">
         <name>codestart</name>
         <load_address>0x0</load_address>
         <run_address>0x0</run_address>
         <size>0x2</size>
         <input_file_ref idref="fl-4"/>
      </object_component>
      <object_component id="oc-122">
         <name>.text</name>
         <load_address>0x9000</load_address>
         <run_address>0x9000</run_address>
         <size>0x369</size>
         <input_file_ref idref="fl-21"/>
      </object_component>
      <object_component id="oc-63">
         <name>.text:retain</name>
         <load_address>0x9369</load_address>
         <run_address>0x9369</run_address>
         <size>0x316</size>
         <input_file_ref idref="fl-6"/>
      </object_component>
      <object_component id="oc-c7">
         <name>.text:retain</name>
         <load_address>0x967f</load_address>
         <run_address>0x967f</run_address>
         <size>0x2fa</size>
         <input_file_ref idref="fl-10"/>
      </object_component>
      <object_component id="oc-125">
         <name>.text</name>
         <load_address>0x9979</load_address>
         <run_address>0x9979</run_address>
         <size>0x1d3</size>
         <input_file_ref idref="fl-10"/>
      </object_component>
      <object_component id="oc-134">
         <name>.text</name>
         <load_address>0x9b4c</load_address>
         <run_address>0x9b4c</run_address>
         <size>0xf8</size>
         <input_file_ref idref="fl-e"/>
      </object_component>
      <object_component id="oc-124">
         <name>.text</name>
         <load_address>0x9c44</load_address>
         <run_address>0x9c44</run_address>
         <size>0xca</size>
         <input_file_ref idref="fl-23"/>
      </object_component>
      <object_component id="oc-ee">
         <name>.text</name>
         <load_address>0x9d0e</load_address>
         <run_address>0x9d0e</run_address>
         <size>0x88</size>
         <input_file_ref idref="fl-27"/>
      </object_component>
      <object_component id="oc-139">
         <name>.text</name>
         <load_address>0x9d96</load_address>
         <run_address>0x9d96</run_address>
         <size>0x73</size>
         <input_file_ref idref="fl-5"/>
      </object_component>
      <object_component id="oc-130">
         <name>.text</name>
         <load_address>0x9e09</load_address>
         <run_address>0x9e09</run_address>
         <size>0x58</size>
         <input_file_ref idref="fl-24"/>
      </object_component>
      <object_component id="oc-4b">
         <name>.text</name>
         <load_address>0x9e61</load_address>
         <run_address>0x9e61</run_address>
         <size>0x56</size>
         <input_file_ref idref="fl-26"/>
      </object_component>
      <object_component id="oc-136">
         <name>.text</name>
         <load_address>0x9eb7</load_address>
         <run_address>0x9eb7</run_address>
         <size>0x48</size>
         <input_file_ref idref="fl-c"/>
      </object_component>
      <object_component id="oc-120">
         <name>.text</name>
         <load_address>0x9eff</load_address>
         <run_address>0x9eff</run_address>
         <size>0x29</size>
         <input_file_ref idref="fl-2c"/>
      </object_component>
      <object_component id="oc-137">
         <name>.text</name>
         <load_address>0x9f28</load_address>
         <run_address>0x9f28</run_address>
         <size>0x28</size>
         <input_file_ref idref="fl-a"/>
      </object_component>
      <object_component id="oc-135">
         <name>.text</name>
         <load_address>0x9f50</load_address>
         <run_address>0x9f50</run_address>
         <size>0x27</size>
         <input_file_ref idref="fl-9"/>
      </object_component>
      <object_component id="oc-11e">
         <name>.text</name>
         <load_address>0x9f77</load_address>
         <run_address>0x9f77</run_address>
         <size>0x1</size>
         <input_file_ref idref="fl-2b"/>
      </object_component>
      <object_component id="oc-123">
         <name>.text</name>
         <load_address>0x9f78</load_address>
         <run_address>0x9f78</run_address>
         <size>0x27</size>
         <input_file_ref idref="fl-22"/>
      </object_component>
      <object_component id="oc-11d">
         <name>.text</name>
         <load_address>0x9f9f</load_address>
         <run_address>0x9f9f</run_address>
         <size>0x24</size>
         <input_file_ref idref="fl-28"/>
      </object_component>
      <object_component id="oc-138">
         <name>.text</name>
         <load_address>0x9fc3</load_address>
         <run_address>0x9fc3</run_address>
         <size>0x20</size>
         <input_file_ref idref="fl-b"/>
      </object_component>
      <object_component id="oc-12a">
         <name>.text</name>
         <load_address>0x9fe3</load_address>
         <run_address>0x9fe3</run_address>
         <size>0x1d</size>
         <input_file_ref idref="fl-29"/>
      </object_component>
      <object_component id="oc-11f">
         <name>.text</name>
         <load_address>0xa000</load_address>
         <run_address>0xa000</run_address>
         <size>0x19</size>
         <input_file_ref idref="fl-2e"/>
      </object_component>
      <object_component id="oc-13c">
         <name>.text</name>
         <load_address>0xa019</load_address>
         <run_address>0xa019</run_address>
         <size>0x11</size>
         <input_file_ref idref="fl-25"/>
      </object_component>
      <object_component id="oc-13a">
         <name>.text</name>
         <load_address>0xa02a</load_address>
         <run_address>0xa02a</run_address>
         <size>0x9</size>
         <input_file_ref idref="fl-2d"/>
      </object_component>
      <object_component id="oc-56">
         <name>.text</name>
         <load_address>0xa033</load_address>
         <run_address>0xa033</run_address>
         <size>0x8</size>
         <input_file_ref idref="fl-4"/>
      </object_component>
      <object_component id="oc-11c">
         <name>.text</name>
         <load_address>0xa03b</load_address>
         <run_address>0xa03b</run_address>
         <size>0x2</size>
         <input_file_ref idref="fl-2a"/>
      </object_component>
      <object_component id="oc-c5">
         <name>.cinit</name>
         <load_address>0x8000</load_address>
         <run_address>0x8000</run_address>
         <size>0x40</size>
         <input_file_ref idref="fl-10"/>
      </object_component>
      <object_component id="oc-108">
         <name>.cinit</name>
         <load_address>0x8040</load_address>
         <run_address>0x8040</run_address>
         <size>0xe</size>
         <input_file_ref idref="fl-2c"/>
      </object_component>
      <object_component id="oc-12c">
         <name>.cinit:__lock</name>
         <load_address>0x804e</load_address>
         <run_address>0x804e</run_address>
         <size>0x5</size>
         <input_file_ref idref="fl-2d"/>
      </object_component>
      <object_component id="oc-13b">
         <name>.cinit:__unlock</name>
         <load_address>0x8053</load_address>
         <run_address>0x8053</run_address>
         <size>0x5</size>
         <input_file_ref idref="fl-2d"/>
      </object_component>
      <object_component id="oc-119">
         <name>.cinit</name>
         <load_address>0x8058</load_address>
         <run_address>0x8058</run_address>
         <size>0x4</size>
         <input_file_ref idref="fl-2f"/>
      </object_component>
      <object_component id="oc-e8">
         <name>.stack</name>
         <uninitialized>true</uninitialized>
         <run_address>0x400</run_address>
         <size>0x0</size>
         <input_file_ref idref="fl-26"/>
      </object_component>
      <object_component id="oc-195">
         <name>.stack</name>
         <uninitialized>true</uninitialized>
         <run_address>0x400</run_address>
         <size>0x0</size>
      </object_component>
      <object_component id="oc-5d">
         <name>.ebss</name>
         <uninitialized>true</uninitialized>
         <run_address>0xc01c</run_address>
         <size>0x18</size>
         <input_file_ref idref="fl-5"/>
      </object_component>
      <object_component id="oc-c6">
         <name>.ebss</name>
         <uninitialized>true</uninitialized>
         <run_address>0xc000</run_address>
         <size>0x1c</size>
         <input_file_ref idref="fl-10"/>
      </object_component>
      <object_component id="oc-126">
         <name>.ebss:_Filter</name>
         <uninitialized>true</uninitialized>
         <run_address>0xc062</run_address>
         <size>0x6</size>
         <input_file_ref idref="fl-10"/>
      </object_component>
      <object_component id="oc-127">
         <name>.ebss:_XBuffer</name>
         <uninitialized>true</uninitialized>
         <run_address>0xc034</run_address>
         <size>0xa</size>
         <input_file_ref idref="fl-10"/>
      </object_component>
      <object_component id="oc-128">
         <name>.ebss:_YBuffer</name>
         <uninitialized>true</uninitialized>
         <run_address>0xc04e</run_address>
         <size>0xa</size>
         <input_file_ref idref="fl-10"/>
      </object_component>
      <object_component id="oc-129">
         <name>.ebss:_ZBuffer</name>
         <uninitialized>true</uninitialized>
         <run_address>0xc058</run_address>
         <size>0xa</size>
         <input_file_ref idref="fl-10"/>
      </object_component>
      <object_component id="oc-121">
         <name>.ebss:_MsgBuffer</name>
         <uninitialized>true</uninitialized>
         <run_address>0xc040</run_address>
         <size>0xe</size>
         <input_file_ref idref="fl-10"/>
      </object_component>
      <object_component id="oc-109">
         <name>.ebss</name>
         <uninitialized>true</uninitialized>
         <run_address>0xc068</run_address>
         <size>0x6</size>
         <input_file_ref idref="fl-2c"/>
      </object_component>
      <object_component id="oc-12b">
         <name>.ebss:__lock</name>
         <uninitialized>true</uninitialized>
         <run_address>0xc03e</run_address>
         <size>0x2</size>
         <input_file_ref idref="fl-2d"/>
      </object_component>
      <object_component id="oc-13e">
         <name>.ebss:__unlock</name>
         <uninitialized>true</uninitialized>
         <run_address>0xc06e</run_address>
         <size>0x2</size>
         <input_file_ref idref="fl-2d"/>
      </object_component>
      <object_component id="oc-11a">
         <name>.ebss</name>
         <uninitialized>true</uninitialized>
         <run_address>0xc070</run_address>
         <size>0x1</size>
         <input_file_ref idref="fl-2f"/>
      </object_component>
      <object_component id="oc-13d">
         <name>.econst:_PieVectTableInit</name>
         <load_address>0xd000</load_address>
         <run_address>0xd000</run_address>
         <size>0x100</size>
         <input_file_ref idref="fl-b"/>
      </object_component>
      <object_component id="oc-cd">
         <name>.econst</name>
         <load_address>0xd100</load_address>
         <run_address>0xd100</run_address>
         <size>0x32</size>
         <input_file_ref idref="fl-21"/>
      </object_component>
      <object_component id="oc-133">
         <name>.econst:_aT</name>
         <load_address>0xd132</load_address>
         <run_address>0xd132</run_address>
         <size>0xa</size>
         <input_file_ref idref="fl-23"/>
      </object_component>
      <object_component id="oc-131">
         <name>.econst:_atanhi</name>
         <load_address>0xd13c</load_address>
         <run_address>0xd13c</run_address>
         <size>0x8</size>
         <input_file_ref idref="fl-23"/>
      </object_component>
      <object_component id="oc-132">
         <name>.econst:_atanlo</name>
         <load_address>0xd144</load_address>
         <run_address>0xd144</run_address>
         <size>0x8</size>
         <input_file_ref idref="fl-23"/>
      </object_component>
      <object_component id="oc-de">
         <name>.econst</name>
         <load_address>0xd14c</load_address>
         <run_address>0xd14c</run_address>
         <size>0x6</size>
         <input_file_ref idref="fl-24"/>
      </object_component>
      <object_component id="oc-12d">
         <name>.econst:_bp</name>
         <load_address>0xd152</load_address>
         <run_address>0xd152</run_address>
         <size>0x4</size>
         <input_file_ref idref="fl-21"/>
      </object_component>
      <object_component id="oc-12f">
         <name>.econst:_dp_h</name>
         <load_address>0xd156</load_address>
         <run_address>0xd156</run_address>
         <size>0x4</size>
         <input_file_ref idref="fl-21"/>
      </object_component>
      <object_component id="oc-12e">
         <name>.econst:_dp_l</name>
         <load_address>0xd15a</load_address>
         <run_address>0xd15a</run_address>
         <size>0x4</size>
         <input_file_ref idref="fl-21"/>
      </object_component>
      <object_component id="oc-d8">
         <name>.econst</name>
         <load_address>0xd15e</load_address>
         <run_address>0xd15e</run_address>
         <size>0x4</size>
         <input_file_ref idref="fl-23"/>
      </object_component>
      <object_component id="oc-e9">
         <name>.reset</name>
         <load_address>0x3fffc0</load_address>
         <run_address>0x3fffc0</run_address>
         <size>0x2</size>
         <input_file_ref idref="fl-26"/>
      </object_component>
      <object_component id="oc-4c">
         <name>.adc_cal</name>
         <load_address>0x380080</load_address>
         <run_address>0x380080</run_address>
         <size>0x7</size>
         <input_file_ref idref="fl-2"/>
      </object_component>
      <object_component id="oc-9a">
         <name>PieVectTableFile</name>
         <uninitialized>true</uninitialized>
         <run_address>0xd00</run_address>
         <size>0x100</size>
         <input_file_ref idref="fl-7"/>
      </object_component>
      <object_component id="oc-96">
         <name>DevEmuRegsFile</name>
         <uninitialized>true</uninitialized>
         <run_address>0x880</run_address>
         <size>0xd0</size>
         <input_file_ref idref="fl-7"/>
      </object_component>
      <object_component id="oc-6e">
         <name>FlashRegsFile</name>
         <uninitialized>true</uninitialized>
         <run_address>0xa80</run_address>
         <size>0x8</size>
         <input_file_ref idref="fl-7"/>
      </object_component>
      <object_component id="oc-71">
         <name>CsmRegsFile</name>
         <uninitialized>true</uninitialized>
         <run_address>0xae0</run_address>
         <size>0x10</size>
         <input_file_ref idref="fl-7"/>
      </object_component>
      <object_component id="oc-70">
         <name>AdcMirrorFile</name>
         <uninitialized>true</uninitialized>
         <run_address>0xb00</run_address>
         <size>0x10</size>
         <input_file_ref idref="fl-7"/>
      </object_component>
      <object_component id="oc-79">
         <name>XintfRegsFile</name>
         <uninitialized>true</uninitialized>
         <run_address>0xb20</run_address>
         <size>0x1e</size>
         <input_file_ref idref="fl-7"/>
      </object_component>
      <object_component id="oc-6a">
         <name>CpuTimer0RegsFile</name>
         <uninitialized>true</uninitialized>
         <run_address>0xc00</run_address>
         <size>0x8</size>
         <input_file_ref idref="fl-7"/>
      </object_component>
      <object_component id="oc-6b">
         <name>CpuTimer1RegsFile</name>
         <uninitialized>true</uninitialized>
         <run_address>0xc08</run_address>
         <size>0x8</size>
         <input_file_ref idref="fl-7"/>
      </object_component>
      <object_component id="oc-6c">
         <name>CpuTimer2RegsFile</name>
         <uninitialized>true</uninitialized>
         <run_address>0xc10</run_address>
         <size>0x8</size>
         <input_file_ref idref="fl-7"/>
      </object_component>
      <object_component id="oc-77">
         <name>PieCtrlRegsFile</name>
         <uninitialized>true</uninitialized>
         <run_address>0xce0</run_address>
         <size>0x1a</size>
         <input_file_ref idref="fl-7"/>
      </object_component>
      <object_component id="oc-97">
         <name>DmaRegsFile</name>
         <uninitialized>true</uninitialized>
         <run_address>0x1000</run_address>
         <size>0xe0</size>
         <input_file_ref idref="fl-7"/>
      </object_component>
      <object_component id="oc-89">
         <name>McbspaRegsFile</name>
         <uninitialized>true</uninitialized>
         <run_address>0x5000</run_address>
         <size>0x25</size>
         <input_file_ref idref="fl-7"/>
      </object_component>
      <object_component id="oc-8a">
         <name>McbspbRegsFile</name>
         <uninitialized>true</uninitialized>
         <run_address>0x5040</run_address>
         <size>0x25</size>
         <input_file_ref idref="fl-7"/>
      </object_component>
      <object_component id="oc-8c">
         <name>ECanaRegsFile</name>
         <uninitialized>true</uninitialized>
         <run_address>0x6000</run_address>
         <size>0x34</size>
         <input_file_ref idref="fl-7"/>
      </object_component>
      <object_component id="oc-8e">
         <name>ECanaLAMRegsFile</name>
         <uninitialized>true</uninitialized>
         <run_address>0x6040</run_address>
         <size>0x40</size>
         <input_file_ref idref="fl-7"/>
      </object_component>
      <object_component id="oc-98">
         <name>ECanaMboxesFile</name>
         <uninitialized>true</uninitialized>
         <run_address>0x6100</run_address>
         <size>0x100</size>
         <input_file_ref idref="fl-7"/>
      </object_component>
      <object_component id="oc-8f">
         <name>ECanaMOTSRegsFile</name>
         <uninitialized>true</uninitialized>
         <run_address>0x6080</run_address>
         <size>0x40</size>
         <input_file_ref idref="fl-7"/>
      </object_component>
      <object_component id="oc-90">
         <name>ECanaMOTORegsFile</name>
         <uninitialized>true</uninitialized>
         <run_address>0x60c0</run_address>
         <size>0x40</size>
         <input_file_ref idref="fl-7"/>
      </object_component>
      <object_component id="oc-8d">
         <name>ECanbRegsFile</name>
         <uninitialized>true</uninitialized>
         <run_address>0x6200</run_address>
         <size>0x34</size>
         <input_file_ref idref="fl-7"/>
      </object_component>
      <object_component id="oc-91">
         <name>ECanbLAMRegsFile</name>
         <uninitialized>true</uninitialized>
         <run_address>0x6240</run_address>
         <size>0x40</size>
         <input_file_ref idref="fl-7"/>
      </object_component>
      <object_component id="oc-99">
         <name>ECanbMboxesFile</name>
         <uninitialized>true</uninitialized>
         <run_address>0x6300</run_address>
         <size>0x100</size>
         <input_file_ref idref="fl-7"/>
      </object_component>
      <object_component id="oc-92">
         <name>ECanbMOTSRegsFile</name>
         <uninitialized>true</uninitialized>
         <run_address>0x6280</run_address>
         <size>0x40</size>
         <input_file_ref idref="fl-7"/>
      </object_component>
      <object_component id="oc-93">
         <name>ECanbMOTORegsFile</name>
         <uninitialized>true</uninitialized>
         <run_address>0x62c0</run_address>
         <size>0x40</size>
         <input_file_ref idref="fl-7"/>
      </object_component>
      <object_component id="oc-82">
         <name>EPwm1RegsFile</name>
         <uninitialized>true</uninitialized>
         <run_address>0x6800</run_address>
         <size>0x22</size>
         <input_file_ref idref="fl-7"/>
      </object_component>
      <object_component id="oc-83">
         <name>EPwm2RegsFile</name>
         <uninitialized>true</uninitialized>
         <run_address>0x6840</run_address>
         <size>0x22</size>
         <input_file_ref idref="fl-7"/>
      </object_component>
      <object_component id="oc-84">
         <name>EPwm3RegsFile</name>
         <uninitialized>true</uninitialized>
         <run_address>0x6880</run_address>
         <size>0x22</size>
         <input_file_ref idref="fl-7"/>
      </object_component>
      <object_component id="oc-85">
         <name>EPwm4RegsFile</name>
         <uninitialized>true</uninitialized>
         <run_address>0x68c0</run_address>
         <size>0x22</size>
         <input_file_ref idref="fl-7"/>
      </object_component>
      <object_component id="oc-86">
         <name>EPwm5RegsFile</name>
         <uninitialized>true</uninitialized>
         <run_address>0x6900</run_address>
         <size>0x22</size>
         <input_file_ref idref="fl-7"/>
      </object_component>
      <object_component id="oc-87">
         <name>EPwm6RegsFile</name>
         <uninitialized>true</uninitialized>
         <run_address>0x6940</run_address>
         <size>0x22</size>
         <input_file_ref idref="fl-7"/>
      </object_component>
      <object_component id="oc-7a">
         <name>ECap1RegsFile</name>
         <uninitialized>true</uninitialized>
         <run_address>0x6a00</run_address>
         <size>0x20</size>
         <input_file_ref idref="fl-7"/>
      </object_component>
      <object_component id="oc-7b">
         <name>ECap2RegsFile</name>
         <uninitialized>true</uninitialized>
         <run_address>0x6a20</run_address>
         <size>0x20</size>
         <input_file_ref idref="fl-7"/>
      </object_component>
      <object_component id="oc-7c">
         <name>ECap3RegsFile</name>
         <uninitialized>true</uninitialized>
         <run_address>0x6a40</run_address>
         <size>0x20</size>
         <input_file_ref idref="fl-7"/>
      </object_component>
      <object_component id="oc-7d">
         <name>ECap4RegsFile</name>
         <uninitialized>true</uninitialized>
         <run_address>0x6a60</run_address>
         <size>0x20</size>
         <input_file_ref idref="fl-7"/>
      </object_component>
      <object_component id="oc-7e">
         <name>ECap5RegsFile</name>
         <uninitialized>true</uninitialized>
         <run_address>0x6a80</run_address>
         <size>0x20</size>
         <input_file_ref idref="fl-7"/>
      </object_component>
      <object_component id="oc-7f">
         <name>ECap6RegsFile</name>
         <uninitialized>true</uninitialized>
         <run_address>0x6aa0</run_address>
         <size>0x20</size>
         <input_file_ref idref="fl-7"/>
      </object_component>
      <object_component id="oc-94">
         <name>EQep1RegsFile</name>
         <uninitialized>true</uninitialized>
         <run_address>0x6b00</run_address>
         <size>0x40</size>
         <input_file_ref idref="fl-7"/>
      </object_component>
      <object_component id="oc-95">
         <name>EQep2RegsFile</name>
         <uninitialized>true</uninitialized>
         <run_address>0x6b40</run_address>
         <size>0x40</size>
         <input_file_ref idref="fl-7"/>
      </object_component>
      <object_component id="oc-8b">
         <name>GpioCtrlRegsFile</name>
         <uninitialized>true</uninitialized>
         <run_address>0x6f80</run_address>
         <size>0x2e</size>
         <input_file_ref idref="fl-7"/>
      </object_component>
      <object_component id="oc-80">
         <name>GpioDataRegsFile</name>
         <uninitialized>true</uninitialized>
         <run_address>0x6fc0</run_address>
         <size>0x20</size>
         <input_file_ref idref="fl-7"/>
      </object_component>
      <object_component id="oc-6f">
         <name>GpioIntRegsFile</name>
         <uninitialized>true</uninitialized>
         <run_address>0x6fe0</run_address>
         <size>0xa</size>
         <input_file_ref idref="fl-7"/>
      </object_component>
      <object_component id="oc-81">
         <name>SysCtrlRegsFile</name>
         <uninitialized>true</uninitialized>
         <run_address>0x7010</run_address>
         <size>0x20</size>
         <input_file_ref idref="fl-7"/>
      </object_component>
      <object_component id="oc-75">
         <name>SpiaRegsFile</name>
         <uninitialized>true</uninitialized>
         <run_address>0x7040</run_address>
         <size>0x10</size>
         <input_file_ref idref="fl-7"/>
      </object_component>
      <object_component id="oc-72">
         <name>SciaRegsFile</name>
         <uninitialized>true</uninitialized>
         <run_address>0x7050</run_address>
         <size>0x10</size>
         <input_file_ref idref="fl-7"/>
      </object_component>
      <object_component id="oc-76">
         <name>XIntruptRegsFile</name>
         <uninitialized>true</uninitialized>
         <run_address>0x7070</run_address>
         <size>0x10</size>
         <input_file_ref idref="fl-7"/>
      </object_component>
      <object_component id="oc-78">
         <name>AdcRegsFile</name>
         <uninitialized>true</uninitialized>
         <run_address>0x7100</run_address>
         <size>0x1e</size>
         <input_file_ref idref="fl-7"/>
      </object_component>
      <object_component id="oc-73">
         <name>ScibRegsFile</name>
         <uninitialized>true</uninitialized>
         <run_address>0x7750</run_address>
         <size>0x10</size>
         <input_file_ref idref="fl-7"/>
      </object_component>
      <object_component id="oc-74">
         <name>ScicRegsFile</name>
         <uninitialized>true</uninitialized>
         <run_address>0x7770</run_address>
         <size>0x10</size>
         <input_file_ref idref="fl-7"/>
      </object_component>
      <object_component id="oc-88">
         <name>I2caRegsFile</name>
         <uninitialized>true</uninitialized>
         <run_address>0x7900</run_address>
         <size>0x22</size>
         <input_file_ref idref="fl-7"/>
      </object_component>
      <object_component id="oc-6d">
         <name>CsmPwlFile</name>
         <uninitialized>true</uninitialized>
         <run_address>0x33fff8</run_address>
         <size>0x8</size>
         <input_file_ref idref="fl-7"/>
      </object_component>
      <object_component id="oc-69">
         <name>PartIdRegsFile</name>
         <uninitialized>true</uninitialized>
         <run_address>0x380090</run_address>
         <size>0x1</size>
         <input_file_ref idref="fl-7"/>
      </object_component>
      <object_component id="oc-4d">
         <name>.debug_line</name>
         <load_address>0x0</load_address>
         <run_address>0x0</run_address>
         <size>0x8b</size>
         <input_file_ref idref="fl-2"/>
      </object_component>
      <object_component id="oc-53">
         <name>.debug_line</name>
         <load_address>0x8b</load_address>
         <run_address>0x8b</run_address>
         <size>0x74</size>
         <input_file_ref idref="fl-3"/>
      </object_component>
      <object_component id="oc-58">
         <name>.debug_line</name>
         <load_address>0xff</load_address>
         <run_address>0xff</run_address>
         <size>0xa9</size>
         <input_file_ref idref="fl-4"/>
      </object_component>
      <object_component id="oc-5f">
         <name>.debug_line</name>
         <load_address>0x1a8</load_address>
         <run_address>0x1a8</run_address>
         <size>0xc7</size>
         <input_file_ref idref="fl-5"/>
      </object_component>
      <object_component id="oc-65">
         <name>.debug_line</name>
         <load_address>0x26f</load_address>
         <run_address>0x26f</run_address>
         <size>0x794</size>
         <input_file_ref idref="fl-6"/>
      </object_component>
      <object_component id="oc-9e">
         <name>.debug_line</name>
         <load_address>0xa03</load_address>
         <run_address>0xa03</run_address>
         <size>0x75</size>
         <input_file_ref idref="fl-8"/>
      </object_component>
      <object_component id="oc-a3">
         <name>.debug_line</name>
         <load_address>0xa78</load_address>
         <run_address>0xa78</run_address>
         <size>0xac</size>
         <input_file_ref idref="fl-9"/>
      </object_component>
      <object_component id="oc-a8">
         <name>.debug_line</name>
         <load_address>0xb24</load_address>
         <run_address>0xb24</run_address>
         <size>0xc8</size>
         <input_file_ref idref="fl-a"/>
      </object_component>
      <object_component id="oc-ad">
         <name>.debug_line</name>
         <load_address>0xbec</load_address>
         <run_address>0xbec</run_address>
         <size>0xaa</size>
         <input_file_ref idref="fl-b"/>
      </object_component>
      <object_component id="oc-b2">
         <name>.debug_line</name>
         <load_address>0xc96</load_address>
         <run_address>0xc96</run_address>
         <size>0xff</size>
         <input_file_ref idref="fl-c"/>
      </object_component>
      <object_component id="oc-b7">
         <name>.debug_line</name>
         <load_address>0xd95</load_address>
         <run_address>0xd95</run_address>
         <size>0x74</size>
         <input_file_ref idref="fl-d"/>
      </object_component>
      <object_component id="oc-bc">
         <name>.debug_line</name>
         <load_address>0xe09</load_address>
         <run_address>0xe09</run_address>
         <size>0x184</size>
         <input_file_ref idref="fl-e"/>
      </object_component>
      <object_component id="oc-c0">
         <name>.debug_line</name>
         <load_address>0xf8d</load_address>
         <run_address>0xf8d</run_address>
         <size>0x8d</size>
         <input_file_ref idref="fl-f"/>
      </object_component>
      <object_component id="oc-c9">
         <name>.debug_line</name>
         <load_address>0x101a</load_address>
         <run_address>0x101a</run_address>
         <size>0x41f</size>
         <input_file_ref idref="fl-10"/>
      </object_component>
      <object_component id="oc-cf">
         <name>.debug_line</name>
         <load_address>0x1439</load_address>
         <run_address>0x1439</run_address>
         <size>0x21f</size>
         <input_file_ref idref="fl-21"/>
      </object_component>
      <object_component id="oc-d4">
         <name>.debug_line</name>
         <load_address>0x1658</load_address>
         <run_address>0x1658</run_address>
         <size>0x57</size>
         <input_file_ref idref="fl-22"/>
      </object_component>
      <object_component id="oc-da">
         <name>.debug_line</name>
         <load_address>0x16af</load_address>
         <run_address>0x16af</run_address>
         <size>0xa2</size>
         <input_file_ref idref="fl-23"/>
      </object_component>
      <object_component id="oc-e0">
         <name>.debug_line</name>
         <load_address>0x1751</load_address>
         <run_address>0x1751</run_address>
         <size>0x6e</size>
         <input_file_ref idref="fl-24"/>
      </object_component>
      <object_component id="oc-e5">
         <name>.debug_line</name>
         <load_address>0x17bf</load_address>
         <run_address>0x17bf</run_address>
         <size>0x41</size>
         <input_file_ref idref="fl-25"/>
      </object_component>
      <object_component id="oc-eb">
         <name>.debug_line</name>
         <load_address>0x1800</load_address>
         <run_address>0x1800</run_address>
         <size>0x7e</size>
         <input_file_ref idref="fl-26"/>
      </object_component>
      <object_component id="oc-f0">
         <name>.debug_line</name>
         <load_address>0x187e</load_address>
         <run_address>0x187e</run_address>
         <size>0xad</size>
         <input_file_ref idref="fl-27"/>
      </object_component>
      <object_component id="oc-f5">
         <name>.debug_line</name>
         <load_address>0x192b</load_address>
         <run_address>0x192b</run_address>
         <size>0x50</size>
         <input_file_ref idref="fl-28"/>
      </object_component>
      <object_component id="oc-fa">
         <name>.debug_line</name>
         <load_address>0x197b</load_address>
         <run_address>0x197b</run_address>
         <size>0x62</size>
         <input_file_ref idref="fl-29"/>
      </object_component>
      <object_component id="oc-ff">
         <name>.debug_line</name>
         <load_address>0x19dd</load_address>
         <run_address>0x19dd</run_address>
         <size>0x3e</size>
         <input_file_ref idref="fl-2a"/>
      </object_component>
      <object_component id="oc-104">
         <name>.debug_line</name>
         <load_address>0x1a1b</load_address>
         <run_address>0x1a1b</run_address>
         <size>0x3a</size>
         <input_file_ref idref="fl-2b"/>
      </object_component>
      <object_component id="oc-10b">
         <name>.debug_line</name>
         <load_address>0x1a55</load_address>
         <run_address>0x1a55</run_address>
         <size>0x65</size>
         <input_file_ref idref="fl-2c"/>
      </object_component>
      <object_component id="oc-110">
         <name>.debug_line</name>
         <load_address>0x1aba</load_address>
         <run_address>0x1aba</run_address>
         <size>0x5e</size>
         <input_file_ref idref="fl-2d"/>
      </object_component>
      <object_component id="oc-115">
         <name>.debug_line</name>
         <load_address>0x1b18</load_address>
         <run_address>0x1b18</run_address>
         <size>0x55</size>
         <input_file_ref idref="fl-2e"/>
      </object_component>
      <object_component id="oc-4e">
         <name>.debug_info</name>
         <load_address>0x0</load_address>
         <run_address>0x0</run_address>
         <size>0x16c</size>
         <input_file_ref idref="fl-2"/>
      </object_component>
      <object_component id="oc-51">
         <name>.debug_info</name>
         <load_address>0x16c</load_address>
         <run_address>0x16c</run_address>
         <size>0x1ea0</size>
         <input_file_ref idref="fl-3"/>
      </object_component>
      <object_component id="oc-59">
         <name>.debug_info</name>
         <load_address>0x200c</load_address>
         <run_address>0x200c</run_address>
         <size>0x1e7</size>
         <input_file_ref idref="fl-4"/>
      </object_component>
      <object_component id="oc-5c">
         <name>.debug_info</name>
         <load_address>0x21f3</load_address>
         <run_address>0x21f3</run_address>
         <size>0xaaa</size>
         <input_file_ref idref="fl-5"/>
      </object_component>
      <object_component id="oc-62">
         <name>.debug_info</name>
         <load_address>0x2c9d</load_address>
         <run_address>0x2c9d</run_address>
         <size>0x48dd</size>
         <input_file_ref idref="fl-6"/>
      </object_component>
      <object_component id="oc-68">
         <name>.debug_info</name>
         <load_address>0x757a</load_address>
         <run_address>0x757a</run_address>
         <size>0x1345e</size>
         <input_file_ref idref="fl-7"/>
      </object_component>
      <object_component id="oc-9c">
         <name>.debug_info</name>
         <load_address>0x1a9d8</load_address>
         <run_address>0x1a9d8</run_address>
         <size>0x1ba6</size>
         <input_file_ref idref="fl-8"/>
      </object_component>
      <object_component id="oc-a1">
         <name>.debug_info</name>
         <load_address>0x1c57e</load_address>
         <run_address>0x1c57e</run_address>
         <size>0x2238</size>
         <input_file_ref idref="fl-9"/>
      </object_component>
      <object_component id="oc-a6">
         <name>.debug_info</name>
         <load_address>0x1e7b6</load_address>
         <run_address>0x1e7b6</run_address>
         <size>0xc52</size>
         <input_file_ref idref="fl-a"/>
      </object_component>
      <object_component id="oc-ab">
         <name>.debug_info</name>
         <load_address>0x1f408</load_address>
         <run_address>0x1f408</run_address>
         <size>0x235b</size>
         <input_file_ref idref="fl-b"/>
      </object_component>
      <object_component id="oc-b0">
         <name>.debug_info</name>
         <load_address>0x21763</load_address>
         <run_address>0x21763</run_address>
         <size>0x2026</size>
         <input_file_ref idref="fl-c"/>
      </object_component>
      <object_component id="oc-b5">
         <name>.debug_info</name>
         <load_address>0x23789</load_address>
         <run_address>0x23789</run_address>
         <size>0x1ba5</size>
         <input_file_ref idref="fl-d"/>
      </object_component>
      <object_component id="oc-ba">
         <name>.debug_info</name>
         <load_address>0x2532e</load_address>
         <run_address>0x2532e</run_address>
         <size>0x237d</size>
         <input_file_ref idref="fl-e"/>
      </object_component>
      <object_component id="oc-c1">
         <name>.debug_info</name>
         <load_address>0x276ab</load_address>
         <run_address>0x276ab</run_address>
         <size>0x16d</size>
         <input_file_ref idref="fl-f"/>
      </object_component>
      <object_component id="oc-c4">
         <name>.debug_info</name>
         <load_address>0x27818</load_address>
         <run_address>0x27818</run_address>
         <size>0x5bcc</size>
         <input_file_ref idref="fl-10"/>
      </object_component>
      <object_component id="oc-cc">
         <name>.debug_info</name>
         <load_address>0x2d3e4</load_address>
         <run_address>0x2d3e4</run_address>
         <size>0x88b</size>
         <input_file_ref idref="fl-21"/>
      </object_component>
      <object_component id="oc-d2">
         <name>.debug_info</name>
         <load_address>0x2dc6f</load_address>
         <run_address>0x2dc6f</run_address>
         <size>0x3dc</size>
         <input_file_ref idref="fl-22"/>
      </object_component>
      <object_component id="oc-d7">
         <name>.debug_info</name>
         <load_address>0x2e04b</load_address>
         <run_address>0x2e04b</run_address>
         <size>0x4f0</size>
         <input_file_ref idref="fl-23"/>
      </object_component>
      <object_component id="oc-dd">
         <name>.debug_info</name>
         <load_address>0x2e53b</load_address>
         <run_address>0x2e53b</run_address>
         <size>0x4b9</size>
         <input_file_ref idref="fl-24"/>
      </object_component>
      <object_component id="oc-e3">
         <name>.debug_info</name>
         <load_address>0x2e9f4</load_address>
         <run_address>0x2e9f4</run_address>
         <size>0x407</size>
         <input_file_ref idref="fl-25"/>
      </object_component>
      <object_component id="oc-ea">
         <name>.debug_info</name>
         <load_address>0x2edfb</load_address>
         <run_address>0x2edfb</run_address>
         <size>0x174</size>
         <input_file_ref idref="fl-26"/>
      </object_component>
      <object_component id="oc-ef">
         <name>.debug_info</name>
         <load_address>0x2ef6f</load_address>
         <run_address>0x2ef6f</run_address>
         <size>0x115</size>
         <input_file_ref idref="fl-27"/>
      </object_component>
      <object_component id="oc-f3">
         <name>.debug_info</name>
         <load_address>0x2f084</load_address>
         <run_address>0x2f084</run_address>
         <size>0x562</size>
         <input_file_ref idref="fl-28"/>
      </object_component>
      <object_component id="oc-f8">
         <name>.debug_info</name>
         <load_address>0x2f5e6</load_address>
         <run_address>0x2f5e6</run_address>
         <size>0x43b</size>
         <input_file_ref idref="fl-29"/>
      </object_component>
      <object_component id="oc-fd">
         <name>.debug_info</name>
         <load_address>0x2fa21</load_address>
         <run_address>0x2fa21</run_address>
         <size>0x3ae</size>
         <input_file_ref idref="fl-2a"/>
      </object_component>
      <object_component id="oc-102">
         <name>.debug_info</name>
         <load_address>0x2fdcf</load_address>
         <run_address>0x2fdcf</run_address>
         <size>0x3ab</size>
         <input_file_ref idref="fl-2b"/>
      </object_component>
      <object_component id="oc-107">
         <name>.debug_info</name>
         <load_address>0x3017a</load_address>
         <run_address>0x3017a</run_address>
         <size>0x545</size>
         <input_file_ref idref="fl-2c"/>
      </object_component>
      <object_component id="oc-10e">
         <name>.debug_info</name>
         <load_address>0x306bf</load_address>
         <run_address>0x306bf</run_address>
         <size>0x4cd</size>
         <input_file_ref idref="fl-2d"/>
      </object_component>
      <object_component id="oc-113">
         <name>.debug_info</name>
         <load_address>0x30b8c</load_address>
         <run_address>0x30b8c</run_address>
         <size>0x468</size>
         <input_file_ref idref="fl-2e"/>
      </object_component>
      <object_component id="oc-118">
         <name>.debug_info</name>
         <load_address>0x30ff4</load_address>
         <run_address>0x30ff4</run_address>
         <size>0x1c7</size>
         <input_file_ref idref="fl-2f"/>
      </object_component>
      <object_component id="oc-198">
         <name>.debug_info</name>
         <load_address>0x311bb</load_address>
         <run_address>0x311bb</run_address>
         <size>0xa1</size>
      </object_component>
      <object_component id="oc-4f">
         <name>.debug_abbrev</name>
         <load_address>0x0</load_address>
         <run_address>0x0</run_address>
         <size>0x2f</size>
         <input_file_ref idref="fl-2"/>
      </object_component>
      <object_component id="oc-54">
         <name>.debug_abbrev</name>
         <load_address>0x2f</load_address>
         <run_address>0x2f</run_address>
         <size>0x10f</size>
         <input_file_ref idref="fl-3"/>
      </object_component>
      <object_component id="oc-5a">
         <name>.debug_abbrev</name>
         <load_address>0x13e</load_address>
         <run_address>0x13e</run_address>
         <size>0x21</size>
         <input_file_ref idref="fl-4"/>
      </object_component>
      <object_component id="oc-60">
         <name>.debug_abbrev</name>
         <load_address>0x15f</load_address>
         <run_address>0x15f</run_address>
         <size>0xfd</size>
         <input_file_ref idref="fl-5"/>
      </object_component>
      <object_component id="oc-66">
         <name>.debug_abbrev</name>
         <load_address>0x25c</load_address>
         <run_address>0x25c</run_address>
         <size>0xa8</size>
         <input_file_ref idref="fl-6"/>
      </object_component>
      <object_component id="oc-9b">
         <name>.debug_abbrev</name>
         <load_address>0x304</load_address>
         <run_address>0x304</run_address>
         <size>0xb7</size>
         <input_file_ref idref="fl-7"/>
      </object_component>
      <object_component id="oc-9f">
         <name>.debug_abbrev</name>
         <load_address>0x3bb</load_address>
         <run_address>0x3bb</run_address>
         <size>0xdc</size>
         <input_file_ref idref="fl-8"/>
      </object_component>
      <object_component id="oc-a4">
         <name>.debug_abbrev</name>
         <load_address>0x497</load_address>
         <run_address>0x497</run_address>
         <size>0xdc</size>
         <input_file_ref idref="fl-9"/>
      </object_component>
      <object_component id="oc-a9">
         <name>.debug_abbrev</name>
         <load_address>0x573</load_address>
         <run_address>0x573</run_address>
         <size>0xc8</size>
         <input_file_ref idref="fl-a"/>
      </object_component>
      <object_component id="oc-ae">
         <name>.debug_abbrev</name>
         <load_address>0x63b</load_address>
         <run_address>0x63b</run_address>
         <size>0x116</size>
         <input_file_ref idref="fl-b"/>
      </object_component>
      <object_component id="oc-b3">
         <name>.debug_abbrev</name>
         <load_address>0x751</load_address>
         <run_address>0x751</run_address>
         <size>0xea</size>
         <input_file_ref idref="fl-c"/>
      </object_component>
      <object_component id="oc-b8">
         <name>.debug_abbrev</name>
         <load_address>0x83b</load_address>
         <run_address>0x83b</run_address>
         <size>0xea</size>
         <input_file_ref idref="fl-d"/>
      </object_component>
      <object_component id="oc-bd">
         <name>.debug_abbrev</name>
         <load_address>0x925</load_address>
         <run_address>0x925</run_address>
         <size>0x1a2</size>
         <input_file_ref idref="fl-e"/>
      </object_component>
      <object_component id="oc-c2">
         <name>.debug_abbrev</name>
         <load_address>0xac7</load_address>
         <run_address>0xac7</run_address>
         <size>0x2f</size>
         <input_file_ref idref="fl-f"/>
      </object_component>
      <object_component id="oc-ca">
         <name>.debug_abbrev</name>
         <load_address>0xaf6</load_address>
         <run_address>0xaf6</run_address>
         <size>0x239</size>
         <input_file_ref idref="fl-10"/>
      </object_component>
      <object_component id="oc-d0">
         <name>.debug_abbrev</name>
         <load_address>0xd2f</load_address>
         <run_address>0xd2f</run_address>
         <size>0xea</size>
         <input_file_ref idref="fl-21"/>
      </object_component>
      <object_component id="oc-d5">
         <name>.debug_abbrev</name>
         <load_address>0xe19</load_address>
         <run_address>0xe19</run_address>
         <size>0xa4</size>
         <input_file_ref idref="fl-22"/>
      </object_component>
      <object_component id="oc-db">
         <name>.debug_abbrev</name>
         <load_address>0xebd</load_address>
         <run_address>0xebd</run_address>
         <size>0xc1</size>
         <input_file_ref idref="fl-23"/>
      </object_component>
      <object_component id="oc-e1">
         <name>.debug_abbrev</name>
         <load_address>0xf7e</load_address>
         <run_address>0xf7e</run_address>
         <size>0xd6</size>
         <input_file_ref idref="fl-24"/>
      </object_component>
      <object_component id="oc-e6">
         <name>.debug_abbrev</name>
         <load_address>0x1054</load_address>
         <run_address>0x1054</run_address>
         <size>0x9f</size>
         <input_file_ref idref="fl-25"/>
      </object_component>
      <object_component id="oc-ec">
         <name>.debug_abbrev</name>
         <load_address>0x10f3</load_address>
         <run_address>0x10f3</run_address>
         <size>0x46</size>
         <input_file_ref idref="fl-26"/>
      </object_component>
      <object_component id="oc-f1">
         <name>.debug_abbrev</name>
         <load_address>0x1139</load_address>
         <run_address>0x1139</run_address>
         <size>0x38</size>
         <input_file_ref idref="fl-27"/>
      </object_component>
      <object_component id="oc-f6">
         <name>.debug_abbrev</name>
         <load_address>0x1171</load_address>
         <run_address>0x1171</run_address>
         <size>0xe3</size>
         <input_file_ref idref="fl-28"/>
      </object_component>
      <object_component id="oc-fb">
         <name>.debug_abbrev</name>
         <load_address>0x1254</load_address>
         <run_address>0x1254</run_address>
         <size>0xa8</size>
         <input_file_ref idref="fl-29"/>
      </object_component>
      <object_component id="oc-100">
         <name>.debug_abbrev</name>
         <load_address>0x12fc</load_address>
         <run_address>0x12fc</run_address>
         <size>0x68</size>
         <input_file_ref idref="fl-2a"/>
      </object_component>
      <object_component id="oc-105">
         <name>.debug_abbrev</name>
         <load_address>0x1364</load_address>
         <run_address>0x1364</run_address>
         <size>0x66</size>
         <input_file_ref idref="fl-2b"/>
      </object_component>
      <object_component id="oc-10c">
         <name>.debug_abbrev</name>
         <load_address>0x13ca</load_address>
         <run_address>0x13ca</run_address>
         <size>0x130</size>
         <input_file_ref idref="fl-2c"/>
      </object_component>
      <object_component id="oc-111">
         <name>.debug_abbrev</name>
         <load_address>0x14fa</load_address>
         <run_address>0x14fa</run_address>
         <size>0xb2</size>
         <input_file_ref idref="fl-2d"/>
      </object_component>
      <object_component id="oc-116">
         <name>.debug_abbrev</name>
         <load_address>0x15ac</load_address>
         <run_address>0x15ac</run_address>
         <size>0xee</size>
         <input_file_ref idref="fl-2e"/>
      </object_component>
      <object_component id="oc-11b">
         <name>.debug_abbrev</name>
         <load_address>0x169a</load_address>
         <run_address>0x169a</run_address>
         <size>0x31</size>
         <input_file_ref idref="fl-2f"/>
      </object_component>
      <object_component id="oc-199">
         <name>.debug_abbrev</name>
         <load_address>0x16cb</load_address>
         <run_address>0x16cb</run_address>
         <size>0xf</size>
      </object_component>
      <object_component id="oc-50">
         <name>.debug_aranges</name>
         <load_address>0x0</load_address>
         <run_address>0x0</run_address>
         <size>0x20</size>
         <input_file_ref idref="fl-2"/>
      </object_component>
      <object_component id="oc-55">
         <name>.debug_aranges</name>
         <load_address>0x20</load_address>
         <run_address>0x20</run_address>
         <size>0x18</size>
         <input_file_ref idref="fl-3"/>
      </object_component>
      <object_component id="oc-5b">
         <name>.debug_aranges</name>
         <load_address>0x38</load_address>
         <run_address>0x38</run_address>
         <size>0x28</size>
         <input_file_ref idref="fl-4"/>
      </object_component>
      <object_component id="oc-61">
         <name>.debug_aranges</name>
         <load_address>0x60</load_address>
         <run_address>0x60</run_address>
         <size>0x28</size>
         <input_file_ref idref="fl-5"/>
      </object_component>
      <object_component id="oc-67">
         <name>.debug_aranges</name>
         <load_address>0x88</load_address>
         <run_address>0x88</run_address>
         <size>0x290</size>
         <input_file_ref idref="fl-6"/>
      </object_component>
      <object_component id="oc-a0">
         <name>.debug_aranges</name>
         <load_address>0x318</load_address>
         <run_address>0x318</run_address>
         <size>0x18</size>
         <input_file_ref idref="fl-8"/>
      </object_component>
      <object_component id="oc-a5">
         <name>.debug_aranges</name>
         <load_address>0x330</load_address>
         <run_address>0x330</run_address>
         <size>0x28</size>
         <input_file_ref idref="fl-9"/>
      </object_component>
      <object_component id="oc-aa">
         <name>.debug_aranges</name>
         <load_address>0x358</load_address>
         <run_address>0x358</run_address>
         <size>0x28</size>
         <input_file_ref idref="fl-a"/>
      </object_component>
      <object_component id="oc-af">
         <name>.debug_aranges</name>
         <load_address>0x380</load_address>
         <run_address>0x380</run_address>
         <size>0x20</size>
         <input_file_ref idref="fl-b"/>
      </object_component>
      <object_component id="oc-b4">
         <name>.debug_aranges</name>
         <load_address>0x3a0</load_address>
         <run_address>0x3a0</run_address>
         <size>0x40</size>
         <input_file_ref idref="fl-c"/>
      </object_component>
      <object_component id="oc-b9">
         <name>.debug_aranges</name>
         <load_address>0x3e0</load_address>
         <run_address>0x3e0</run_address>
         <size>0x18</size>
         <input_file_ref idref="fl-d"/>
      </object_component>
      <object_component id="oc-be">
         <name>.debug_aranges</name>
         <load_address>0x3f8</load_address>
         <run_address>0x3f8</run_address>
         <size>0x48</size>
         <input_file_ref idref="fl-e"/>
      </object_component>
      <object_component id="oc-c3">
         <name>.debug_aranges</name>
         <load_address>0x440</load_address>
         <run_address>0x440</run_address>
         <size>0x20</size>
         <input_file_ref idref="fl-f"/>
      </object_component>
      <object_component id="oc-cb">
         <name>.debug_aranges</name>
         <load_address>0x460</load_address>
         <run_address>0x460</run_address>
         <size>0x70</size>
         <input_file_ref idref="fl-10"/>
      </object_component>
      <object_component id="oc-d1">
         <name>.debug_aranges</name>
         <load_address>0x4d0</load_address>
         <run_address>0x4d0</run_address>
         <size>0x20</size>
         <input_file_ref idref="fl-21"/>
      </object_component>
      <object_component id="oc-d6">
         <name>.debug_aranges</name>
         <load_address>0x4f0</load_address>
         <run_address>0x4f0</run_address>
         <size>0x20</size>
         <input_file_ref idref="fl-22"/>
      </object_component>
      <object_component id="oc-dc">
         <name>.debug_aranges</name>
         <load_address>0x510</load_address>
         <run_address>0x510</run_address>
         <size>0x20</size>
         <input_file_ref idref="fl-23"/>
      </object_component>
      <object_component id="oc-e2">
         <name>.debug_aranges</name>
         <load_address>0x530</load_address>
         <run_address>0x530</run_address>
         <size>0x20</size>
         <input_file_ref idref="fl-24"/>
      </object_component>
      <object_component id="oc-e7">
         <name>.debug_aranges</name>
         <load_address>0x550</load_address>
         <run_address>0x550</run_address>
         <size>0x20</size>
         <input_file_ref idref="fl-25"/>
      </object_component>
      <object_component id="oc-ed">
         <name>.debug_aranges</name>
         <load_address>0x570</load_address>
         <run_address>0x570</run_address>
         <size>0x20</size>
         <input_file_ref idref="fl-26"/>
      </object_component>
      <object_component id="oc-f2">
         <name>.debug_aranges</name>
         <load_address>0x590</load_address>
         <run_address>0x590</run_address>
         <size>0x20</size>
         <input_file_ref idref="fl-27"/>
      </object_component>
      <object_component id="oc-f7">
         <name>.debug_aranges</name>
         <load_address>0x5b0</load_address>
         <run_address>0x5b0</run_address>
         <size>0x20</size>
         <input_file_ref idref="fl-28"/>
      </object_component>
      <object_component id="oc-fc">
         <name>.debug_aranges</name>
         <load_address>0x5d0</load_address>
         <run_address>0x5d0</run_address>
         <size>0x20</size>
         <input_file_ref idref="fl-29"/>
      </object_component>
      <object_component id="oc-101">
         <name>.debug_aranges</name>
         <load_address>0x5f0</load_address>
         <run_address>0x5f0</run_address>
         <size>0x20</size>
         <input_file_ref idref="fl-2a"/>
      </object_component>
      <object_component id="oc-106">
         <name>.debug_aranges</name>
         <load_address>0x610</load_address>
         <run_address>0x610</run_address>
         <size>0x20</size>
         <input_file_ref idref="fl-2b"/>
      </object_component>
      <object_component id="oc-10d">
         <name>.debug_aranges</name>
         <load_address>0x630</load_address>
         <run_address>0x630</run_address>
         <size>0x28</size>
         <input_file_ref idref="fl-2c"/>
      </object_component>
      <object_component id="oc-112">
         <name>.debug_aranges</name>
         <load_address>0x658</load_address>
         <run_address>0x658</run_address>
         <size>0x30</size>
         <input_file_ref idref="fl-2d"/>
      </object_component>
      <object_component id="oc-117">
         <name>.debug_aranges</name>
         <load_address>0x688</load_address>
         <run_address>0x688</run_address>
         <size>0x20</size>
         <input_file_ref idref="fl-2e"/>
      </object_component>
      <object_component id="oc-52">
         <name>.debug_frame</name>
         <load_address>0x0</load_address>
         <run_address>0x0</run_address>
         <size>0x28</size>
         <input_file_ref idref="fl-3"/>
      </object_component>
      <object_component id="oc-5e">
         <name>.debug_frame</name>
         <load_address>0x28</load_address>
         <run_address>0x28</run_address>
         <size>0x5c</size>
         <input_file_ref idref="fl-5"/>
      </object_component>
      <object_component id="oc-64">
         <name>.debug_frame</name>
         <load_address>0x84</load_address>
         <run_address>0x84</run_address>
         <size>0xa08</size>
         <input_file_ref idref="fl-6"/>
      </object_component>
      <object_component id="oc-9d">
         <name>.debug_frame</name>
         <load_address>0xa8c</load_address>
         <run_address>0xa8c</run_address>
         <size>0x28</size>
         <input_file_ref idref="fl-8"/>
      </object_component>
      <object_component id="oc-a2">
         <name>.debug_frame</name>
         <load_address>0xab4</load_address>
         <run_address>0xab4</run_address>
         <size>0x58</size>
         <input_file_ref idref="fl-9"/>
      </object_component>
      <object_component id="oc-a7">
         <name>.debug_frame</name>
         <load_address>0xb0c</load_address>
         <run_address>0xb0c</run_address>
         <size>0x58</size>
         <input_file_ref idref="fl-a"/>
      </object_component>
      <object_component id="oc-ac">
         <name>.debug_frame</name>
         <load_address>0xb64</load_address>
         <run_address>0xb64</run_address>
         <size>0x44</size>
         <input_file_ref idref="fl-b"/>
      </object_component>
      <object_component id="oc-b1">
         <name>.debug_frame</name>
         <load_address>0xba8</load_address>
         <run_address>0xba8</run_address>
         <size>0xa0</size>
         <input_file_ref idref="fl-c"/>
      </object_component>
      <object_component id="oc-b6">
         <name>.debug_frame</name>
         <load_address>0xc48</load_address>
         <run_address>0xc48</run_address>
         <size>0x28</size>
         <input_file_ref idref="fl-d"/>
      </object_component>
      <object_component id="oc-bb">
         <name>.debug_frame</name>
         <load_address>0xc70</load_address>
         <run_address>0xc70</run_address>
         <size>0xc0</size>
         <input_file_ref idref="fl-e"/>
      </object_component>
      <object_component id="oc-c8">
         <name>.debug_frame</name>
         <load_address>0xd30</load_address>
         <run_address>0xd30</run_address>
         <size>0x26c</size>
         <input_file_ref idref="fl-10"/>
      </object_component>
      <object_component id="oc-ce">
         <name>.debug_frame</name>
         <load_address>0xf9c</load_address>
         <run_address>0xf9c</run_address>
         <size>0x88</size>
         <input_file_ref idref="fl-21"/>
      </object_component>
      <object_component id="oc-d3">
         <name>.debug_frame</name>
         <load_address>0x1024</load_address>
         <run_address>0x1024</run_address>
         <size>0x44</size>
         <input_file_ref idref="fl-22"/>
      </object_component>
      <object_component id="oc-d9">
         <name>.debug_frame</name>
         <load_address>0x1068</load_address>
         <run_address>0x1068</run_address>
         <size>0x6c</size>
         <input_file_ref idref="fl-23"/>
      </object_component>
      <object_component id="oc-df">
         <name>.debug_frame</name>
         <load_address>0x10d4</load_address>
         <run_address>0x10d4</run_address>
         <size>0x4c</size>
         <input_file_ref idref="fl-24"/>
      </object_component>
      <object_component id="oc-e4">
         <name>.debug_frame</name>
         <load_address>0x1120</load_address>
         <run_address>0x1120</run_address>
         <size>0x40</size>
         <input_file_ref idref="fl-25"/>
      </object_component>
      <object_component id="oc-f4">
         <name>.debug_frame</name>
         <load_address>0x1160</load_address>
         <run_address>0x1160</run_address>
         <size>0x60</size>
         <input_file_ref idref="fl-28"/>
      </object_component>
      <object_component id="oc-f9">
         <name>.debug_frame</name>
         <load_address>0x11c0</load_address>
         <run_address>0x11c0</run_address>
         <size>0x40</size>
         <input_file_ref idref="fl-29"/>
      </object_component>
      <object_component id="oc-fe">
         <name>.debug_frame</name>
         <load_address>0x1200</load_address>
         <run_address>0x1200</run_address>
         <size>0x40</size>
         <input_file_ref idref="fl-2a"/>
      </object_component>
      <object_component id="oc-103">
         <name>.debug_frame</name>
         <load_address>0x1240</load_address>
         <run_address>0x1240</run_address>
         <size>0x40</size>
         <input_file_ref idref="fl-2b"/>
      </object_component>
      <object_component id="oc-10a">
         <name>.debug_frame</name>
         <load_address>0x1280</load_address>
         <run_address>0x1280</run_address>
         <size>0x60</size>
         <input_file_ref idref="fl-2c"/>
      </object_component>
      <object_component id="oc-10f">
         <name>.debug_frame</name>
         <load_address>0x12e0</load_address>
         <run_address>0x12e0</run_address>
         <size>0x70</size>
         <input_file_ref idref="fl-2d"/>
      </object_component>
      <object_component id="oc-114">
         <name>.debug_frame</name>
         <load_address>0x1350</load_address>
         <run_address>0x1350</run_address>
         <size>0x40</size>
         <input_file_ref idref="fl-2e"/>
      </object_component>
      <object_component id="oc-bf">
         <name>ramfuncs</name>
         <load_address>0x50</load_address>
         <run_address>0x50</run_address>
         <size>0x4</size>
         <input_file_ref idref="fl-f"/>
      </object_component>
   </object_component_list>
   <logical_group_list>
      <logical_group id="lg-2" display="no" color="cyan">
         <name>codestart</name>
         <load_address>0x0</load_address>
         <run_address>0x0</run_address>
         <size>0x2</size>
         <contents>
            <object_component_ref idref="oc-57"/>
         </contents>
      </logical_group>
      <logical_group id="lg-3" display="no" color="cyan">
         <name>.TI.ramfunc</name>
         <run_address>0x0</run_address>
         <size>0x0</size>
         <contents>
         </contents>
      </logical_group>
      <logical_group id="lg-196" display="no" color="cyan">
         <name>.text.1</name>
         <load_address>0x9000</load_address>
         <run_address>0x9000</run_address>
         <size>0x1000</size>
         <contents>
            <object_component_ref idref="oc-122"/>
            <object_component_ref idref="oc-63"/>
            <object_component_ref idref="oc-c7"/>
            <object_component_ref idref="oc-125"/>
            <object_component_ref idref="oc-134"/>
            <object_component_ref idref="oc-124"/>
            <object_component_ref idref="oc-ee"/>
            <object_component_ref idref="oc-139"/>
            <object_component_ref idref="oc-130"/>
            <object_component_ref idref="oc-4b"/>
            <object_component_ref idref="oc-136"/>
            <object_component_ref idref="oc-120"/>
            <object_component_ref idref="oc-137"/>
            <object_component_ref idref="oc-135"/>
            <object_component_ref idref="oc-11e"/>
            <object_component_ref idref="oc-123"/>
            <object_component_ref idref="oc-11d"/>
            <object_component_ref idref="oc-138"/>
            <object_component_ref idref="oc-12a"/>
         </contents>
      </logical_group>
      <logical_group id="lg-197" display="no" color="cyan">
         <name>.text.2</name>
         <load_address>0xa000</load_address>
         <run_address>0xa000</run_address>
         <size>0x3d</size>
         <contents>
            <object_component_ref idref="oc-11f"/>
            <object_component_ref idref="oc-13c"/>
            <object_component_ref idref="oc-13a"/>
            <object_component_ref idref="oc-56"/>
            <object_component_ref idref="oc-11c"/>
         </contents>
      </logical_group>
      <split_section id="lg-4" display="no" color="cyan">
         <name>.text</name>
         <contents>
            <logical_group_ref idref="lg-196"/>
            <logical_group_ref idref="lg-197"/>
         </contents>
      </split_section>
      <logical_group id="lg-5" display="no" color="cyan">
         <name>.cinit</name>
         <load_address>0x8000</load_address>
         <run_address>0x8000</run_address>
         <size>0x5e</size>
         <contents>
            <object_component_ref idref="oc-c5"/>
            <object_component_ref idref="oc-108"/>
            <object_component_ref idref="oc-12c"/>
            <object_component_ref idref="oc-13b"/>
            <object_component_ref idref="oc-119"/>
         </contents>
      </logical_group>
      <logical_group id="lg-6" display="no" color="cyan">
         <name>.pinit</name>
         <run_address>0x0</run_address>
         <size>0x0</size>
         <contents>
         </contents>
      </logical_group>
      <logical_group id="lg-7" display="no" color="cyan">
         <name>.switch</name>
         <run_address>0x0</run_address>
         <size>0x0</size>
         <contents>
         </contents>
      </logical_group>
      <logical_group id="lg-8" display="no" color="cyan">
         <name>.stack</name>
         <run_address>0x400</run_address>
         <size>0x300</size>
         <contents>
            <object_component_ref idref="oc-e8"/>
            <object_component_ref idref="oc-195"/>
         </contents>
      </logical_group>
      <logical_group id="lg-9" display="no" color="cyan">
         <name>.ebss</name>
         <run_address>0xc000</run_address>
         <size>0x71</size>
         <contents>
            <object_component_ref idref="oc-5d"/>
            <object_component_ref idref="oc-c6"/>
            <object_component_ref idref="oc-126"/>
            <object_component_ref idref="oc-127"/>
            <object_component_ref idref="oc-128"/>
            <object_component_ref idref="oc-129"/>
            <object_component_ref idref="oc-121"/>
            <object_component_ref idref="oc-109"/>
            <object_component_ref idref="oc-12b"/>
            <object_component_ref idref="oc-13e"/>
            <object_component_ref idref="oc-11a"/>
         </contents>
      </logical_group>
      <logical_group id="lg-a" display="no" color="cyan">
         <name>.econst</name>
         <load_address>0xd000</load_address>
         <run_address>0xd000</run_address>
         <size>0x162</size>
         <contents>
            <object_component_ref idref="oc-13d"/>
            <object_component_ref idref="oc-cd"/>
            <object_component_ref idref="oc-133"/>
            <object_component_ref idref="oc-131"/>
            <object_component_ref idref="oc-132"/>
            <object_component_ref idref="oc-de"/>
            <object_component_ref idref="oc-12d"/>
            <object_component_ref idref="oc-12f"/>
            <object_component_ref idref="oc-12e"/>
            <object_component_ref idref="oc-d8"/>
         </contents>
      </logical_group>
      <logical_group id="lg-b" display="no" color="cyan">
         <name>.esysmem</name>
         <run_address>0x0</run_address>
         <size>0x0</size>
         <contents>
         </contents>
      </logical_group>
      <logical_group id="lg-c" display="no" color="cyan">
         <name>IQmath</name>
         <run_address>0x0</run_address>
         <size>0x0</size>
         <contents>
         </contents>
      </logical_group>
      <logical_group id="lg-d" display="no" color="cyan">
         <name>IQmathTables</name>
         <run_address>0x0</run_address>
         <size>0x0</size>
         <contents>
         </contents>
      </logical_group>
      <logical_group id="lg-e" display="no" color="cyan">
         <name>FPUmathTables</name>
         <run_address>0x0</run_address>
         <size>0x0</size>
         <contents>
         </contents>
      </logical_group>
      <logical_group id="lg-f" display="no" color="cyan">
         <name>DMARAML4</name>
         <run_address>0x0</run_address>
         <size>0x0</size>
         <contents>
         </contents>
      </logical_group>
      <logical_group id="lg-10" display="no" color="cyan">
         <name>DMARAML5</name>
         <run_address>0x0</run_address>
         <size>0x0</size>
         <contents>
         </contents>
      </logical_group>
      <logical_group id="lg-11" display="no" color="cyan">
         <name>DMARAML6</name>
         <run_address>0x0</run_address>
         <size>0x0</size>
         <contents>
         </contents>
      </logical_group>
      <logical_group id="lg-12" display="no" color="cyan">
         <name>DMARAML7</name>
         <run_address>0x0</run_address>
         <size>0x0</size>
         <contents>
         </contents>
      </logical_group>
      <logical_group id="lg-13" display="no" color="cyan">
         <name>ZONE7DATA</name>
         <run_address>0x0</run_address>
         <size>0x0</size>
         <contents>
         </contents>
      </logical_group>
      <logical_group id="lg-14" display="no" color="cyan">
         <name>.reset</name>
         <load_address>0x3fffc0</load_address>
         <run_address>0x3fffc0</run_address>
         <size>0x2</size>
         <contents>
            <object_component_ref idref="oc-e9"/>
         </contents>
      </logical_group>
      <logical_group id="lg-15" display="no" color="cyan">
         <name>csm_rsvd</name>
         <run_address>0x33ff80</run_address>
         <size>0x0</size>
         <contents>
         </contents>
      </logical_group>
      <logical_group id="lg-16" display="no" color="cyan">
         <name>csmpasswds</name>
         <run_address>0x33fff8</run_address>
         <size>0x0</size>
         <contents>
         </contents>
      </logical_group>
      <logical_group id="lg-17" display="no" color="cyan">
         <name>.adc_cal</name>
         <load_address>0x380080</load_address>
         <run_address>0x380080</run_address>
         <size>0x7</size>
         <contents>
            <object_component_ref idref="oc-4c"/>
         </contents>
      </logical_group>
      <logical_group id="lg-18" display="no" color="cyan">
         <name>PieVectTableFile</name>
         <run_address>0xd00</run_address>
         <size>0x100</size>
[...]
         <value>0xc08</value>
         <object_component_ref idref="oc-6b"/>
      </symbol>
      <symbol id="sm-200">
         <name>_SysCtrlRegs</name>
         <value>0x7010</value>
         <object_component_ref idref="oc-81"/>
      </symbol>
      <symbol id="sm-201">
         <name>_EPwm5Regs</name>
         <value>0x6900</value>
         <object_component_ref idref="oc-86"/>
      </symbol>
      <symbol id="sm-202">
         <name>_SpiaRegs</name>
         <value>0x7040</value>
         <object_component_ref idref="oc-75"/>
      </symbol>
      <symbol id="sm-203">
         <name>_ECanaMOTSRegs</name>
         <value>0x6080</value>
         <object_component_ref idref="oc-8f"/>
      </symbol>
      <symbol id="sm-204">
         <name>_ECap6Regs</name>
         <value>0x6aa0</value>
         <object_component_ref idref="oc-7f"/>
      </symbol>
      <symbol id="sm-205">
         <name>_DmaRegs</name>
         <value>0x1000</value>
         <object_component_ref idref="oc-97"/>
      </symbol>
      <symbol id="sm-206">
         <name>_FlashRegs</name>
         <value>0xa80</value>
         <object_component_ref idref="oc-6e"/>
      </symbol>
      <symbol id="sm-207">
         <name>_CpuTimer0Regs</name>
         <value>0xc00</value>
         <object_component_ref idref="oc-6a"/>
      </symbol>
      <symbol id="sm-208">
         <name>_DevEmuRegs</name>
         <value>0x880</value>
         <object_component_ref idref="oc-96"/>
      </symbol>
      <symbol id="sm-209">
         <name>_McbspbRegs</name>
         <value>0x5040</value>
         <object_component_ref idref="oc-8a"/>
      </symbol>
      <symbol id="sm-20a">
         <name>_EPwm6Regs</name>
         <value>0x6940</value>
         <object_component_ref idref="oc-87"/>
      </symbol>
      <symbol id="sm-20b">
         <name>_SciaRegs</name>
         <value>0x7050</value>
         <object_component_ref idref="oc-72"/>
      </symbol>
      <symbol id="sm-20c">
         <name>_GpioDataRegs</name>
         <value>0x6fc0</value>
         <object_component_ref idref="oc-80"/>
      </symbol>
      <symbol id="sm-20d">
         <name>_CsmPwl</name>
         <value>0x33fff8</value>
         <object_component_ref idref="oc-6d"/>
      </symbol>
      <symbol id="sm-20e">
         <name>_AdcRegs</name>
         <value>0x7100</value>
         <object_component_ref idref="oc-78"/>
      </symbol>
      <symbol id="sm-20f">
         <name>_XIntruptRegs</name>
         <value>0x7070</value>
         <object_component_ref idref="oc-76"/>
      </symbol>
      <symbol id="sm-210">
         <name>_CpuTimer2Regs</name>
         <value>0xc10</value>
         <object_component_ref idref="oc-6c"/>
      </symbol>
      <symbol id="sm-211">
         <name>_PieCtrlRegs</name>
         <value>0xce0</value>
         <object_component_ref idref="oc-77"/>
      </symbol>
      <symbol id="sm-212">
         <name>_ECanbMOTSRegs</name>
         <value>0x6280</value>
         <object_component_ref idref="oc-92"/>
      </symbol>
      <symbol id="sm-213">
         <name>_ECanaRegs</name>
         <value>0x6000</value>
         <object_component_ref idref="oc-8c"/>
      </symbol>
      <symbol id="sm-214">
         <name>_AdcMirror</name>
         <value>0xb00</value>
         <object_component_ref idref="oc-70"/>
      </symbol>
      <symbol id="sm-215">
         <name>_ECanbMboxes</name>
         <value>0x6300</value>
         <object_component_ref idref="oc-99"/>
      </symbol>
      <symbol id="sm-216">
         <name>_XintfRegs</name>
         <value>0xb20</value>
         <object_component_ref idref="oc-79"/>
      </symbol>
      <symbol id="sm-217">
         <name>_ScicRegs</name>
         <value>0x7770</value>
         <object_component_ref idref="oc-74"/>
      </symbol>
      <symbol id="sm-218">
         <name>_ECap1Regs</name>
         <value>0x6a00</value>
         <object_component_ref idref="oc-7a"/>
      </symbol>
      <symbol id="sm-219">
         <name>_EQep1Regs</name>
         <value>0x6b00</value>
         <object_component_ref idref="oc-94"/>
      </symbol>
      <symbol id="sm-21a">
         <name>_McbspaRegs</name>
         <value>0x5000</value>
         <object_component_ref idref="oc-89"/>
      </symbol>
      <symbol id="sm-21b">
         <name>_EPwm1Regs</name>
         <value>0x6800</value>
         <object_component_ref idref="oc-82"/>
      </symbol>
      <symbol id="sm-21c">
         <name>_ECanbRegs</name>
         <value>0x6200</value>
         <object_component_ref idref="oc-8d"/>
      </symbol>
      <symbol id="sm-21d">
         <name>_ScibRegs</name>
         <value>0x7750</value>
         <object_component_ref idref="oc-73"/>
      </symbol>
      <symbol id="sm-21e">
         <name>_ECap2Regs</name>
         <value>0x6a20</value>
         <object_component_ref idref="oc-7b"/>
      </symbol>
      <symbol id="sm-21f">
         <name>_GpioIntRegs</name>
         <value>0x6fe0</value>
         <object_component_ref idref="oc-6f"/>
      </symbol>
      <symbol id="sm-220">
         <name>_EQep2Regs</name>
         <value>0x6b40</value>
         <object_component_ref idref="oc-95"/>
      </symbol>
      <symbol id="sm-221">
         <name>_PartIdRegs</name>
         <value>0x380090</value>
         <object_component_ref idref="oc-69"/>
      </symbol>
      <symbol id="sm-222">
         <name>_EPwm2Regs</name>
         <value>0x6840</value>
         <object_component_ref idref="oc-83"/>
      </symbol>
      <symbol id="sm-223">
         <name>_ECanaMboxes</name>
         <value>0x6100</value>
         <object_component_ref idref="oc-98"/>
      </symbol>
      <symbol id="sm-224">
         <name>_ECap3Regs</name>
         <value>0x6a40</value>
         <object_component_ref idref="oc-7c"/>
      </symbol>
      <symbol id="sm-225">
         <name>_ECanaMOTORegs</name>
         <value>0x60c0</value>
         <object_component_ref idref="oc-90"/>
      </symbol>
      <symbol id="sm-226">
         <name>_EPwm3Regs</name>
         <value>0x6880</value>
         <object_component_ref idref="oc-84"/>
      </symbol>
      <symbol id="sm-227">
         <name>_ECanbLAMRegs</name>
         <value>0x6240</value>
         <object_component_ref idref="oc-91"/>
      </symbol>
      <symbol id="sm-228">
         <name>_I2caRegs</name>
         <value>0x7900</value>
         <object_component_ref idref="oc-88"/>
      </symbol>
      <symbol id="sm-23d">
         <name>_InitI2C</name>
         <value>0x9f50</value>
         <object_component_ref idref="oc-135"/>
      </symbol>
      <symbol id="sm-23e">
         <name>_InitI2CGpio</name>
         <value>0x9f51</value>
         <object_component_ref idref="oc-135"/>
      </symbol>
      <symbol id="sm-24a">
         <name>_InitPieCtrl</name>
         <value>0x9f28</value>
         <object_component_ref idref="oc-137"/>
      </symbol>
      <symbol id="sm-24b">
         <name>_EnableInterrupts</name>
         <value>0x9f47</value>
         <object_component_ref idref="oc-137"/>
      </symbol>
      <symbol id="sm-25b">
         <name>_PieVectTableInit</name>
         <value>0xd000</value>
         <object_component_ref idref="oc-13d"/>
      </symbol>
      <symbol id="sm-25c">
         <name>_InitPieVectTable</name>
         <value>0x9fc3</value>
         <object_component_ref idref="oc-138"/>
      </symbol>
      <symbol id="sm-268">
         <name>_InitScicGpio</name>
         <value>0x9ee9</value>
         <object_component_ref idref="oc-136"/>
      </symbol>
      <symbol id="sm-269">
         <name>_InitScibGpio</name>
         <value>0x9ed5</value>
         <object_component_ref idref="oc-136"/>
      </symbol>
      <symbol id="sm-26a">
         <name>_InitSciaGpio</name>
         <value>0x9ebf</value>
         <object_component_ref idref="oc-136"/>
      </symbol>
      <symbol id="sm-26b">
         <name>_InitSciGpio</name>
         <value>0x9eb8</value>
         <object_component_ref idref="oc-136"/>
      </symbol>
      <symbol id="sm-26c">
         <name>_InitSci</name>
         <value>0x9eb7</value>
         <object_component_ref idref="oc-136"/>
      </symbol>
      <symbol id="sm-28a">
         <name>_InitPll</name>
         <value>0x9b67</value>
         <object_component_ref idref="oc-134"/>
      </symbol>
      <symbol id="sm-28b">
         <name>_DisableDog</name>
         <value>0x9b5f</value>
         <object_component_ref idref="oc-134"/>
      </symbol>
      <symbol id="sm-28c">
         <name>_InitPeripheralClocks</name>
         <value>0x9bb8</value>
         <object_component_ref idref="oc-134"/>
      </symbol>
      <symbol id="sm-28d">
         <name>_CsmUnlock</name>
         <value>0x9c13</value>
         <object_component_ref idref="oc-134"/>
      </symbol>
      <symbol id="sm-28e">
         <name>_ServiceDog</name>
         <value>0x9b55</value>
         <object_component_ref idref="oc-134"/>
      </symbol>
      <symbol id="sm-28f">
         <name>_InitSysCtrl</name>
         <value>0x9b4c</value>
         <object_component_ref idref="oc-134"/>
      </symbol>
      <symbol id="sm-29b">
         <name>_DSP28x_usDelay</name>
         <value>0x50</value>
         <object_component_ref idref="oc-bf"/>
      </symbol>
      <symbol id="sm-2d9">
         <name>_MpuReadCount</name>
         <value>0xc000</value>
         <object_component_ref idref="oc-c6"/>
      </symbol>
      <symbol id="sm-2da">
         <name>_main</name>
         <value>0x9a0f</value>
         <object_component_ref idref="oc-125"/>
      </symbol>
      <symbol id="sm-2db">
         <name>_pitch</name>
         <value>0xc008</value>
         <object_component_ref idref="oc-c6"/>
      </symbol>
      <symbol id="sm-2dc">
         <name>_sgn</name>
         <value>0x9979</value>
         <object_component_ref idref="oc-125"/>
      </symbol>
      <symbol id="sm-2dd">
         <name>_Xint_reset</name>
         <value>0x98e1</value>
         <object_component_ref idref="oc-c7"/>
      </symbol>
      <symbol id="sm-2de">
         <name>_epwm_timer1_sci</name>
         <value>0x967f</value>
         <object_component_ref idref="oc-c7"/>
      </symbol>
      <symbol id="sm-2df">
         <name>_XPointer</name>
         <value>0xc002</value>
         <object_component_ref idref="oc-c6"/>
      </symbol>
      <symbol id="sm-2e0">
         <name>_roll</name>
         <value>0xc00a</value>
         <object_component_ref idref="oc-c6"/>
      </symbol>
      <symbol id="sm-2e1">
         <name>_I2CInit</name>
         <value>0x99a2</value>
         <object_component_ref idref="oc-125"/>
      </symbol>
      <symbol id="sm-2e2">
         <name>_Filter</name>
         <value>0xc062</value>
         <object_component_ref idref="oc-126"/>
      </symbol>
      <symbol id="sm-2e3">
         <name>_cpu_timer0_isr</name>
         <value>0x9697</value>
         <object_component_ref idref="oc-c7"/>
      </symbol>
      <symbol id="sm-2e4">
         <name>_Angle_Y</name>
         <value>0xc00e</value>
         <object_component_ref idref="oc-c6"/>
      </symbol>
      <symbol id="sm-2e5">
         <name>_Angle_X</name>
         <value>0xc00c</value>
         <object_component_ref idref="oc-c6"/>
      </symbol>
      <symbol id="sm-2e6">
         <name>_GetImuTemps</name>
         <value>0x9b0b</value>
         <object_component_ref idref="oc-125"/>
      </symbol>
      <symbol id="sm-2e7">
         <name>_gyroAngleX</name>
         <value>0xc010</value>
         <object_component_ref idref="oc-c6"/>
      </symbol>
      <symbol id="sm-2e8">
         <name>_gyroAngleY</name>
         <value>0xc012</value>
         <object_component_ref idref="oc-c6"/>
      </symbol>
      <symbol id="sm-2e9">
         <name>_MsgBuffer</name>
         <value>0xc040</value>
         <object_component_ref idref="oc-121"/>
      </symbol>
      <symbol id="sm-2ea">
         <name>_ZBuffer</name>
         <value>0xc058</value>
         <object_component_ref idref="oc-129"/>
      </symbol>
      <symbol id="sm-2eb">
         <name>_I2C_read_data</name>
         <value>0x9b28</value>
         <object_component_ref idref="oc-125"/>
      </symbol>
      <symbol id="sm-2ec">
         <name>_ZPointer</name>
         <value>0xc004</value>
         <object_component_ref idref="oc-c6"/>
      </symbol>
      <symbol id="sm-2ed">
         <name>_yaw</name>
         <value>0xc006</value>
         <object_component_ref idref="oc-c6"/>
      </symbol>
      <symbol id="sm-2ee">
         <name>_SciComm_init</name>
         <value>0x998f</value>
         <object_component_ref idref="oc-125"/>
      </symbol>
      <symbol id="sm-2ef">
         <name>_YBuffer</name>
         <value>0xc04e</value>
         <object_component_ref idref="oc-128"/>
      </symbol>
      <symbol id="sm-2f0">
         <name>_scia_fifo_init</name>
         <value>0x9987</value>
         <object_component_ref idref="oc-125"/>
      </symbol>
      <symbol id="sm-2f1">
         <name>_MPUtemp</name>
         <value>0xc01a</value>
         <object_component_ref idref="oc-c6"/>
      </symbol>
      <symbol id="sm-2f2">
         <name>_GtempX</name>
         <value>0xc014</value>
         <object_component_ref idref="oc-c6"/>
      </symbol>
      <symbol id="sm-2f3">
         <name>_GtempY</name>
         <value>0xc016</value>
         <object_component_ref idref="oc-c6"/>
      </symbol>
      <symbol id="sm-2f4">
         <name>_GtempZ</name>
         <value>0xc018</value>
         <object_component_ref idref="oc-c6"/>
      </symbol>
      <symbol id="sm-2f5">
         <name>_XBuffer</name>
         <value>0xc034</value>
         <object_component_ref idref="oc-127"/>
      </symbol>
      <symbol id="sm-2f6">
         <name>_MpuAvgCounter</name>
         <value>0xc001</value>
         <object_component_ref idref="oc-c6"/>
      </symbol>
      <symbol id="sm-2f7">
         <name>_intflag</name>
         <value>0xc005</value>
         <object_component_ref idref="oc-c6"/>
      </symbol>
      <symbol id="sm-2f8">
         <name>_FilterImu</name>
         <value>0x9a8a</value>
         <object_component_ref idref="oc-125"/>
      </symbol>
      <symbol id="sm-2f9">
         <name>_YPointer</name>
         <value>0xc003</value>
         <object_component_ref idref="oc-c6"/>
      </symbol>
      <symbol id="sm-351">
         <name>_powf</name>
         <value>0x9000</value>
         <object_component_ref idref="oc-122"/>
      </symbol>
      <symbol id="sm-352">
         <name>_pow</name>
         <value>0x9000</value>
         <object_component_ref idref="oc-122"/>
      </symbol>
      <symbol id="sm-362">
         <name>_sqrtf</name>
         <value>0x9f78</value>
         <object_component_ref idref="oc-123"/>
      </symbol>
      <symbol id="sm-363">
         <name>_sqrt</name>
         <value>0x9f78</value>
         <object_component_ref idref="oc-123"/>
      </symbol>
      <symbol id="sm-388">
         <name>_atan</name>
         <value>0x9c44</value>
         <object_component_ref idref="oc-124"/>
      </symbol>
      <symbol id="sm-389">
         <name>_atanf</name>
         <value>0x9c44</value>
         <object_component_ref idref="oc-124"/>
      </symbol>
      <symbol id="sm-3a1">
         <name>_scalbn</name>
         <value>0x9e09</value>
         <object_component_ref idref="oc-130"/>
      </symbol>
      <symbol id="sm-3a2">
         <name>_ldexp</name>
         <value>0x9e09</value>
         <object_component_ref idref="oc-130"/>
      </symbol>
      <symbol id="sm-3a3">
         <name>_scalbnf</name>
         <value>0x9e09</value>
         <object_component_ref idref="oc-130"/>
      </symbol>
      <symbol id="sm-3a4">
         <name>_ldexpf</name>
         <value>0x9e09</value>
         <object_component_ref idref="oc-130"/>
      </symbol>
      <symbol id="sm-3b0">
         <name>_copysignf</name>
         <value>0xa019</value>
         <object_component_ref idref="oc-13c"/>
      </symbol>
      <symbol id="sm-3b1">
         <name>_copysign</name>
         <value>0xa019</value>
         <object_component_ref idref="oc-13c"/>
      </symbol>
      <symbol id="sm-3cc">
         <name>_c_int00</name>
         <value>0x9e61</value>
         <object_component_ref idref="oc-4b"/>
      </symbol>
      <symbol id="sm-3cd">
         <name>__stack</name>
         <value>0x400</value>
         <object_component_ref idref="oc-e8"/>
      </symbol>
      <symbol id="sm-3de">
         <name>FS$$DIV</name>
         <value>0x9d0e</value>
         <object_component_ref idref="oc-ee"/>
      </symbol>
      <symbol id="sm-3ed">
         <name>_copy_in</name>
         <value>0x9f9f</value>
         <object_component_ref idref="oc-11d"/>
      </symbol>
      <symbol id="sm-3fe">
         <name>_memcpy</name>
         <value>0x9fe3</value>
         <object_component_ref idref="oc-12a"/>
      </symbol>
      <symbol id="sm-40a">
         <name>__system_pre_init</name>
         <value>0xa03b</value>
         <object_component_ref idref="oc-11c"/>
      </symbol>
      <symbol id="sm-417">
         <name>__system_post_cinit</name>
         <value>0x9f77</value>
         <object_component_ref idref="oc-11e"/>
      </symbol>
      <symbol id="sm-42b">
         <name>C$$EXIT</name>
         <value>0x9eff</value>
         <object_component_ref idref="oc-120"/>
      </symbol>
      <symbol id="sm-42c">
         <name>_exit</name>
         <value>0x9f01</value>
         <object_component_ref idref="oc-120"/>
      </symbol>
      <symbol id="sm-42d">
         <name>___TI_cleanup_ptr</name>
         <value>0xc06a</value>
         <object_component_ref idref="oc-109"/>
      </symbol>
      <symbol id="sm-42e">
         <name>___TI_enable_exit_profile_output</name>
         <value>0xc068</value>
         <object_component_ref idref="oc-109"/>
      </symbol>
      <symbol id="sm-42f">
         <name>_abort</name>
         <value>0x9eff</value>
         <object_component_ref idref="oc-120"/>
      </symbol>
      <symbol id="sm-430">
         <name>___TI_dtors_ptr</name>
         <value>0xc06c</value>
         <object_component_ref idref="oc-109"/>
      </symbol>
      <symbol id="sm-444">
         <name>__unlock</name>
         <value>0xc06e</value>
         <object_component_ref idref="oc-13e"/>
      </symbol>
      <symbol id="sm-445">
         <name>__lock</name>
         <value>0xc03e</value>
         <object_component_ref idref="oc-12b"/>
      </symbol>
      <symbol id="sm-446">
         <name>__register_lock</name>
         <value>0xa02e</value>
         <object_component_ref idref="oc-13a"/>
      </symbol>
      <symbol id="sm-447">
         <name>__nop</name>
         <value>0xa032</value>
         <object_component_ref idref="oc-13a"/>
      </symbol>
      <symbol id="sm-448">
         <name>__register_unlock</name>
         <value>0xa02a</value>
         <object_component_ref idref="oc-13a"/>
      </symbol>
      <symbol id="sm-457">
         <name>__args_main</name>
         <value>0xa000</value>
         <object_component_ref idref="oc-11f"/>
      </symbol>
      <symbol id="sm-461">
         <name>_errno</name>
         <value>0xc070</value>
         <object_component_ref idref="oc-11a"/>
      </symbol>
   </symbol_table>
   <title>Link successful</title>
</link_info>
