******************************************************************************
             TMS320C2000 Linker PC v18.12.2                    
******************************************************************************
>> Linked Wed Sep  4 16:12:34 2019

OUTPUT FILE NAME:   <Mpu6050I2C.out>
ENTRY POINT SYMBOL: "_c_int00"  address: 00009ea6


MEMORY CONFIGURATION

         name            origin    length      used     unused   attr    fill
----------------------  --------  ---------  --------  --------  ----  --------
PAGE 0:
  BEGIN                 00000000   00000002  00000002  00000000  RWIX
  RAMM0                 00000050   000003b0  00000004  000003ac  RWIX
  RAML0                 00008000   00001000  0000005e  00000fa2  RWIX
  RAML1                 00009000   00001000  00001000  00000000  RWIX
  RAML2                 0000a000   00001000  00000082  00000f7e  RWIX
  RAML3                 0000b000   00001000  00000000  00001000  RWIX
  ZONE7A                00200000   0000fc00  00000000  0000fc00  RWIX
  CSM_RSVD              0033ff80   00000076  00000000  00000076  RWIX
  CSM_PWL               0033fff8   00000008  00000000  00000008  RWIX
  ADC_CAL               00380080   00000009  00000007  00000002  RWIX
  IQTABLES              003fe000   00000b50  00000000  00000b50  RWIX
  IQTABLES2             003feb50   0000008c  00000000  0000008c  RWIX
  FPUTABLES             003febdc   000006a0  00000000  000006a0  RWIX
  BOOTROM               003ff27c   00000d44  00000000  00000d44  RWIX
  RESET                 003fffc0   00000002  00000000  00000002  RWIX

PAGE 1:
  BOOT_RSVD             00000002   0000004e  00000000  0000004e  RWIX
  RAMM1                 00000400   00000400  00000300  00000100  RWIX
  DEV_EMU               00000880   00000180  000000d0  000000b0  RWIX
  FLASH_REGS            00000a80   00000060  00000008  00000058  RWIX
  CSM                   00000ae0   00000010  00000010  00000000  RWIX
  ADC_MIRROR            00000b00   00000010  00000010  00000000  RWIX
  XINTF                 00000b20   00000020  0000001e  00000002  RWIX
  CPU_TIMER0            00000c00   00000008  00000008  00000000  RWIX
  CPU_TIMER1            00000c08   00000008  00000008  00000000  RWIX
  CPU_TIMER2            00000c10   00000008  00000008  00000000  RWIX
  PIE_CTRL              00000ce0   00000020  0000001a  00000006  RWIX
  PIE_VECT              00000d00   00000100  00000100  00000000  RWIX
  DMA                   00001000   00000200  000000e0  00000120  RWIX
  MCBSPA                00005000   00000040  00000025  0000001b  RWIX
  MCBSPB                00005040   00000040  00000025  0000001b  RWIX
  ECANA                 00006000   00000040  00000034  0000000c  RWIX
  ECANA_LAM             00006040   00000040  00000040  00000000  RWIX
  ECANA_MOTS            00006080   00000040  00000040  00000000  RWIX
  ECANA_MOTO            000060c0   00000040  00000040  00000000  RWIX
  ECANA_MBOX            00006100   00000100  00000100  00000000  RWIX
  ECANB                 00006200   00000040  00000034  0000000c  RWIX
  ECANB_LAM             00006240   00000040  00000040  00000000  RWIX
  ECANB_MOTS            00006280   00000040  00000040  00000000  RWIX
  ECANB_MOTO            000062c0   00000040  00000040  00000000  RWIX
  ECANB_MBOX            00006300   00000100  00000100  00000000  RWIX
  EPWM1                 00006800   00000022  00000022  00000000  RWIX
  EPWM2                 00006840   00000022  00000022  00000000  RWIX
  EPWM3                 00006880   00000022  00000022  00000000  RWIX
  EPWM4                 000068c0   00000022  00000022  00000000  RWIX
  EPWM5                 00006900   00000022  00000022  00000000  RWIX
  EPWM6                 00006940   00000022  00000022  00000000  RWIX
  ECAP1                 00006a00   00000020  00000020  00000000  RWIX
  ECAP2                 00006a20   00000020  00000020  00000000  RWIX
  ECAP3                 00006a40   00000020  00000020  00000000  RWIX
  ECAP4                 00006a60   00000020  00000020  00000000  RWIX
  ECAP5                 00006a80   00000020  00000020  00000000  RWIX
  ECAP6                 00006aa0   00000020  00000020  00000000  RWIX
  EQEP1                 00006b00   00000040  00000040  00000000  RWIX
  EQEP2                 00006b40   00000040  00000040  00000000  RWIX
  GPIOCTRL              00006f80   00000040  0000002e  00000012  RWIX
  GPIODAT               00006fc0   00000020  00000020  00000000  RWIX
  GPIOINT               00006fe0   00000020  0000000a  00000016  RWIX
  SYSTEM                00007010   00000020  00000020  00000000  RWIX
  SPIA                  00007040   00000010  00000010  00000000  RWIX
  SCIA                  00007050   00000010  00000010  00000000  RWIX
  XINTRUPT              00007070   00000010  00000010  00000000  RWIX
  ADC                   00007100   00000020  0000001e  00000002  RWIX
  SCIB                  00007750   00000010  00000010  00000000  RWIX
  SCIC                  00007770   00000010  00000010  00000000  RWIX
  I2CA                  00007900   00000040  00000022  0000001e  RWIX
  RAML4                 0000c000   00001000  00000071  00000f8f  RWIX
  RAML5                 0000d000   00001000  00000162  00000e9e  RWIX
  RAML6                 0000e000   00001000  00000000  00001000  RWIX
  RAML7                 0000f000   00001000  00000000  00001000  RWIX
  ZONE7B                0020fc00   00000400  00000000  00000400  RWIX
  CSM_PWL               0033fff8   00000008  00000008  00000000  RWIX
  PARTID                00380090   00000001  00000001  00000000  RWIX


SECTION ALLOCATION MAP

 output                                  attributes/
section   page    origin      length       input sections
--------  ----  ----------  ----------   ----------------
codestart 
*          0    00000000    00000002     
                  00000000    00000002     DSP2833x_CodeStartBranch.obj (codestart)

.cinit     0    00008000    0000005e     
                  00008000    00000040     main.obj (.cinit)
                  00008040    0000000e     rts2800_fpu32.lib : exit.c.obj (.cinit)
                  0000804e    00000005                       : _lock.c.obj (.cinit:__lock)
                  00008053    00000005                       : _lock.c.obj (.cinit:__unlock)
                  00008058    00000004                       : errno.c.obj (.cinit)
                  0000805c    00000002     --HOLE-- [fill = 0]

.pinit     0    00008000    00000000     UNINITIALIZED

.stack     1    00000400    00000300     UNINITIALIZED
                  00000400    00000300     --HOLE--

DevEmuRegsFile 
*          1    00000880    000000d0     UNINITIALIZED
                  00000880    000000d0     DSP2833x_GlobalVariableDefs.obj (DevEmuRegsFile)

FlashRegsFile 
*          1    00000a80    00000008     UNINITIALIZED
                  00000a80    00000008     DSP2833x_GlobalVariableDefs.obj (FlashRegsFile)

CsmRegsFile 
*          1    00000ae0    00000010     UNINITIALIZED
                  00000ae0    00000010     DSP2833x_GlobalVariableDefs.obj (CsmRegsFile)

AdcMirrorFile 
*          1    00000b00    00000010     UNINITIALIZED
                  00000b00    00000010     DSP2833x_GlobalVariableDefs.obj (AdcMirrorFile)

XintfRegsFile 
*          1    00000b20    0000001e     UNINITIALIZED
                  00000b20    0000001e     DSP2833x_GlobalVariableDefs.obj (XintfRegsFile)

CpuTimer0RegsFile 
*          1    00000c00    00000008     UNINITIALIZED
                  00000c00    00000008     DSP2833x_GlobalVariableDefs.obj (CpuTimer0RegsFile)

CpuTimer1RegsFile 
*          1    00000c08    00000008     UNINITIALIZED
                  00000c08    00000008     DSP2833x_GlobalVariableDefs.obj (CpuTimer1RegsFile)

CpuTimer2RegsFile 
*          1    00000c10    00000008     UNINITIALIZED
                  00000c10    00000008     DSP2833x_GlobalVariableDefs.obj (CpuTimer2RegsFile)

PieCtrlRegsFile 
*          1    00000ce0    0000001a     UNINITIALIZED
                  00000ce0    0000001a     DSP2833x_GlobalVariableDefs.obj (PieCtrlRegsFile)

ECanaMOTSRegsFile 
*          1    00006080    00000040     UNINITIALIZED
                  00006080    00000040     DSP2833x_GlobalVariableDefs.obj (ECanaMOTSRegsFile)

ECanaMOTORegsFile 
*          1    000060c0    00000040     UNINITIALIZED
                  000060c0    00000040     DSP2833x_GlobalVariableDefs.obj (ECanaMOTORegsFile)

ECanbMOTSRegsFile 
*          1    00006280    00000040     UNINITIALIZED
                  00006280    00000040     DSP2833x_GlobalVariableDefs.obj (ECanbMOTSRegsFile)

ECanbMOTORegsFile 
*          1    000062c0    00000040     UNINITIALIZED
                  000062c0    00000040     DSP2833x_GlobalVariableDefs.obj (ECanbMOTORegsFile)

.ebss      1    0000c000    00000071     UNINITIALIZED
                  0000c000    0000001c     main.obj (.ebss)
                  0000c01c    00000018     DSP2833x_CpuTimers.obj (.ebss)
                  0000c034    0000000a     main.obj (.ebss:_XBuffer)
                  0000c03e    00000002     rts2800_fpu32.lib : _lock.c.obj (.ebss:__lock)
                  0000c040    0000000e     main.obj (.ebss:_MsgBuffer)
                  0000c04e    0000000a     main.obj (.ebss:_YBuffer)
                  0000c058    0000000a     main.obj (.ebss:_ZBuffer)
                  0000c062    00000006     main.obj (.ebss:_Filter)
                  0000c068    00000006     rts2800_fpu32.lib : exit.c.obj (.ebss)
                  0000c06e    00000002                       : _lock.c.obj (.ebss:__unlock)
                  0000c070    00000001                       : errno.c.obj (.ebss)

.econst    1    0000d000    00000162     
                  0000d000    00000100     DSP2833x_PieVect.obj (.econst:_PieVectTableInit)
                  0000d100    00000032     rts2800_fpu32.lib : e_powf.c.obj (.econst)
                  0000d132    0000000a                       : s_atanf.c.obj (.econst:_aT)
                  0000d13c    00000008                       : s_atanf.c.obj (.econst:_atanhi)
                  0000d144    00000008                       : s_atanf.c.obj (.econst:_atanlo)
                  0000d14c    00000006                       : s_scalbnf.c.obj (.econst)
                  0000d152    00000004                       : e_powf.c.obj (.econst:_bp)
                  0000d156    00000004                       : e_powf.c.obj (.econst:_dp_h)
                  0000d15a    00000004                       : e_powf.c.obj (.econst:_dp_l)
                  0000d15e    00000004                       : s_atanf.c.obj (.econst)

.reset     0    003fffc0    00000002     DSECT
                  003fffc0    00000002     rts2800_fpu32.lib : boot28.asm.obj (.reset)

csm_rsvd   0    0033ff80    00000000     DSECT

csmpasswds 
*          0    0033fff8    00000000     DSECT

.adc_cal   0    00380080    00000007     NOLOAD SECTION
                  00380080    00000007     DSP2833x_ADC_cal.obj (.adc_cal)

PieVectTableFile 
*          1    00000d00    00000100     UNINITIALIZED
                  00000d00    00000100     DSP2833x_GlobalVariableDefs.obj (PieVectTableFile)

DmaRegsFile 
*          1    00001000    000000e0     UNINITIALIZED
                  00001000    000000e0     DSP2833x_GlobalVariableDefs.obj (DmaRegsFile)

McbspaRegsFile 
*          1    00005000    00000025     UNINITIALIZED
                  00005000    00000025     DSP2833x_GlobalVariableDefs.obj (McbspaRegsFile)

McbspbRegsFile 
*          1    00005040    00000025     UNINITIALIZED
                  00005040    00000025     DSP2833x_GlobalVariableDefs.obj (McbspbRegsFile)

ECanaRegsFile 
*          1    00006000    00000034     UNINITIALIZED
                  00006000    00000034     DSP2833x_GlobalVariableDefs.obj (ECanaRegsFile)

ECanaLAMRegsFile 
*          1    00006040    00000040     UNINITIALIZED
                  00006040    00000040     DSP2833x_GlobalVariableDefs.obj (ECanaLAMRegsFile)

ECanaMboxesFile 
*          1    00006100    00000100     UNINITIALIZED
                  00006100    00000100     DSP2833x_GlobalVariableDefs.obj (ECanaMboxesFile)

ECanbRegsFile 
*          1    00006200    00000034     UNINITIALIZED
                  00006200    00000034     DSP2833x_GlobalVariableDefs.obj (ECanbRegsFile)

ECanbLAMRegsFile 
*          1    00006240    00000040     UNINITIALIZED
                  00006240    00000040     DSP2833x_GlobalVariableDefs.obj (ECanbLAMRegsFile)

ECanbMboxesFile 
*          1    00006300    00000100     UNINITIALIZED
                  00006300    00000100     DSP2833x_GlobalVariableDefs.obj (ECanbMboxesFile)

EPwm1RegsFile 
*          1    00006800    00000022     UNINITIALIZED
                  00006800    00000022     DSP2833x_GlobalVariableDefs.obj (EPwm1RegsFile)

EPwm2RegsFile 
*          1    00006840    00000022     UNINITIALIZED
                  00006840    00000022     DSP2833x_GlobalVariableDefs.obj (EPwm2RegsFile)

EPwm3RegsFile 
*          1    00006880    00000022     UNINITIALIZED
                  00006880    00000022     DSP2833x_GlobalVariableDefs.obj (EPwm3RegsFile)

EPwm4RegsFile 
*          1    000068c0    00000022     UNINITIALIZED
                  000068c0    00000022     DSP2833x_GlobalVariableDefs.obj (EPwm4RegsFile)

EPwm5RegsFile 
*          1    00006900    00000022     UNINITIALIZED
                  00006900    00000022     DSP2833x_GlobalVariableDefs.obj (EPwm5RegsFile)

EPwm6RegsFile 
*          1    00006940    00000022     UNINITIALIZED
                  00006940    00000022     DSP2833x_GlobalVariableDefs.obj (EPwm6RegsFile)

ECap1RegsFile 
*          1    00006a00    00000020     UNINITIALIZED
                  00006a00    00000020     DSP2833x_GlobalVariableDefs.obj (ECap1RegsFile)

ECap2RegsFile 
*          1    00006a20    00000020     UNINITIALIZED
                  00006a20    00000020     DSP2833x_GlobalVariableDefs.obj (ECap2RegsFile)

ECap3RegsFile 
*          1    00006a40    00000020     UNINITIALIZED
                  00006a40    00000020     DSP2833x_GlobalVariableDefs.obj (ECap3RegsFile)

ECap4RegsFile 
*          1    00006a60    00000020     UNINITIALIZED
                  00006a60    00000020     DSP2833x_GlobalVariableDefs.obj (ECap4RegsFile)

ECap5RegsFile 
*          1    00006a80    00000020     UNINITIALIZED
                  00006a80    00000020     DSP2833x_GlobalVariableDefs.obj (ECap5RegsFile)

ECap6RegsFile 
*          1    00006aa0    00000020     UNINITIALIZED
                  00006aa0    00000020     DSP2833x_GlobalVariableDefs.obj (ECap6RegsFile)

EQep1RegsFile 
*          1    00006b00    00000040     UNINITIALIZED
                  00006b00    00000040     DSP2833x_GlobalVariableDefs.obj (EQep1RegsFile)

EQep2RegsFile 
*          1    00006b40    00000040     UNINITIALIZED
                  00006b40    00000040     DSP2833x_GlobalVariableDefs.obj (EQep2RegsFile)

GpioCtrlRegsFile 
*          1    00006f80    0000002e     UNINITIALIZED
                  00006f80    0000002e     DSP2833x_GlobalVariableDefs.obj (GpioCtrlRegsFile)

GpioDataRegsFile 
*          1    00006fc0    00000020     UNINITIALIZED
                  00006fc0    00000020     DSP2833x_GlobalVariableDefs.obj (GpioDataRegsFile)

GpioIntRegsFile 
*          1    00006fe0    0000000a     UNINITIALIZED
                  00006fe0    0000000a     DSP2833x_GlobalVariableDefs.obj (GpioIntRegsFile)

SysCtrlRegsFile 
*          1    00007010    00000020     UNINITIALIZED
                  00007010    00000020     DSP2833x_GlobalVariableDefs.obj (SysCtrlRegsFile)

SpiaRegsFile 
*          1    00007040    00000010     UNINITIALIZED
                  00007040    00000010     DSP2833x_GlobalVariableDefs.obj (SpiaRegsFile)

SciaRegsFile 
*          1    00007050    00000010     UNINITIALIZED
                  00007050    00000010     DSP2833x_GlobalVariableDefs.obj (SciaRegsFile)

XIntruptRegsFile 
*          1    00007070    00000010     UNINITIALIZED
                  00007070    00000010     DSP2833x_GlobalVariableDefs.obj (XIntruptRegsFile)

AdcRegsFile 
*          1    00007100    0000001e     UNINITIALIZED
                  00007100    0000001e     DSP2833x_GlobalVariableDefs.obj (AdcRegsFile)

ScibRegsFile 
*          1    00007750    00000010     UNINITIALIZED
                  00007750    00000010     DSP2833x_GlobalVariableDefs.obj (ScibRegsFile)

ScicRegsFile 
*          1    00007770    00000010     UNINITIALIZED
                  00007770    00000010     DSP2833x_GlobalVariableDefs.obj (ScicRegsFile)

I2caRegsFile 
*          1    00007900    00000022     UNINITIALIZED
                  00007900    00000022     DSP2833x_GlobalVariableDefs.obj (I2caRegsFile)

CsmPwlFile 
*          1    0033fff8    00000008     UNINITIALIZED
                  0033fff8    00000008     DSP2833x_GlobalVariableDefs.obj (CsmPwlFile)

PartIdRegsFile 
*          1    00380090    00000001     UNINITIALIZED
                  00380090    00000001     DSP2833x_GlobalVariableDefs.obj (PartIdRegsFile)

ramfuncs   0    00000050    00000004     
                  00000050    00000004     DSP2833x_usDelay.obj (ramfuncs)

.text.1    0    00009000    00001000     
                  00009000    00000369     rts2800_fpu32.lib : e_powf.c.obj (.text)
                  00009369    00000330     main.obj (.text:retain)
                  00009699    00000316     DSP2833x_DefaultIsr.obj (.text:retain)
                  000099af    000001e2     main.obj (.text)
                  00009b91    000000f8     DSP2833x_SysCtrl.obj (.text)
                  00009c89    000000ca     rts2800_fpu32.lib : s_atanf.c.obj (.text)
                  00009d53    00000088                       : fs_div28.asm.obj (.text)
                  00009ddb    00000073     DSP2833x_CpuTimers.obj (.text)
                  00009e4e    00000058     rts2800_fpu32.lib : s_scalbnf.c.obj (.text)
                  00009ea6    00000056                       : boot28.asm.obj (.text)
                  00009efc    00000048     DSP2833x_Sci.obj (.text)
                  00009f44    00000029     rts2800_fpu32.lib : exit.c.obj (.text)
                  00009f6d    00000028     DSP2833x_PieCtrl.obj (.text)
                  00009f95    00000027     DSP2833x_I2C.obj (.text)
                  00009fbc    00000027     rts2800_fpu32.lib : e_sqrtf.c.obj (.text)
                  00009fe3    0000001d                       : memcpy.c.obj (.text)

.text.2    0    0000a000    00000082     
                  0000a000    00000024     rts2800_fpu32.lib : cpy_tbl.c.obj (.text)
                  0000a024    00000020     DSP2833x_PieVect.obj (.text)
                  0000a044    00000019     rts2800_fpu32.lib : args_main.c.obj (.text)
                  0000a05d    00000011                       : s_copysignf.c.obj (.text)
                  0000a06e    00000009                       : _lock.c.obj (.text)
                  0000a077    00000008     DSP2833x_CodeStartBranch.obj (.text)
                  0000a07f    00000002     rts2800_fpu32.lib : pre_init.c.obj (.text)
                  0000a081    00000001                       : startup.c.obj (.text)

MODULE SUMMARY

       Module                            code   initialized data   uninitialized data
       ------                            ----   ----------------   ------------------
    .\
       DSP2833x_GlobalVariableDefs.obj   0      0                  2679              
       main.obj                          1298   64                 78                
       DSP2833x_DefaultIsr.obj           790    0                  0                 
       DSP2833x_PieVect.obj              32     256                0                 
       DSP2833x_SysCtrl.obj              248    0                  0                 
       DSP2833x_CpuTimers.obj            115    0                  24                
       DSP2833x_Sci.obj                  72     0                  0                 
       DSP2833x_PieCtrl.obj              40     0                  0                 
       DSP2833x_I2C.obj                  39     0                  0                 
       DSP2833x_CodeStartBranch.obj      10     0                  0                 
       DSP2833x_ADC_cal.obj              7      0                  0                 
       DSP2833x_usDelay.obj              4      0                  0                 
    +--+---------------------------------+------+------------------+--------------------+
       Total:                            2655   320                2781              
                                                                                     
    C:\ti\ccs910\ccs\tools\compiler\ti-cgt-c2000_18.12.2.LTS\lib\rts2800_fpu32.lib
       e_powf.c.obj                      873    62                 0                 
       s_atanf.c.obj                     202    30                 0                 
       fs_div28.asm.obj                  136    0                  0                 
       s_scalbnf.c.obj                   88     6                  0                 
       boot28.asm.obj                    86     0                  0                 
       exit.c.obj                        41     14                 6                 
       e_sqrtf.c.obj                     39     0                  0                 
       cpy_tbl.c.obj                     36     0                  0                 
       memcpy.c.obj                      29     0                  0                 
       args_main.c.obj                   25     0                  0                 
       _lock.c.obj                       9      10                 4                 
       s_copysignf.c.obj                 17     0                  0                 
       errno.c.obj                       0      4                  1                 
       pre_init.c.obj                    2      0                  0                 
       startup.c.obj                     1      0                  0                 
    +--+---------------------------------+------+------------------+--------------------+
       Total:                            1584   126                11                
                                                                                     
       Stack:                            0      0                  768               
    +--+---------------------------------+------+------------------+--------------------+
       Grand Total:                      4239   446                3560              


GLOBAL DATA SYMBOLS: SORTED BY DATA PAGE

address     data page           name
--------    ----------------    ----
00000400      10 (00000400)     __stack

00000880      22 (00000880)     _DevEmuRegs

00000a80      2a (00000a80)     _FlashRegs

00000ae0      2b (00000ac0)     _CsmRegs

00000b00      2c (00000b00)     _AdcMirror
00000b20      2c (00000b00)     _XintfRegs

00000c00      30 (00000c00)     _CpuTimer0Regs
00000c08      30 (00000c00)     _CpuTimer1Regs
00000c10      30 (00000c00)     _CpuTimer2Regs

00000ce0      33 (00000cc0)     _PieCtrlRegs

00000d00      34 (00000d00)     _PieVectTable

00001000      40 (00001000)     _DmaRegs

00005000     140 (00005000)     _McbspaRegs

00005040     141 (00005040)     _McbspbRegs

00006000     180 (00006000)     _ECanaRegs

00006040     181 (00006040)     _ECanaLAMRegs

00006080     182 (00006080)     _ECanaMOTSRegs

000060c0     183 (000060c0)     _ECanaMOTORegs

00006100     184 (00006100)     _ECanaMboxes

00006200     188 (00006200)     _ECanbRegs

00006240     189 (00006240)     _ECanbLAMRegs

00006280     18a (00006280)     _ECanbMOTSRegs

000062c0     18b (000062c0)     _ECanbMOTORegs

00006300     18c (00006300)     _ECanbMboxes

00006800     1a0 (00006800)     _EPwm1Regs

00006840     1a1 (00006840)     _EPwm2Regs

00006880     1a2 (00006880)     _EPwm3Regs

000068c0     1a3 (000068c0)     _EPwm4Regs

00006900     1a4 (00006900)     _EPwm5Regs

00006940     1a5 (00006940)     _EPwm6Regs

00006a00     1a8 (00006a00)     _ECap1Regs
00006a20     1a8 (00006a00)     _ECap2Regs

00006a40     1a9 (00006a40)     _ECap3Regs
00006a60     1a9 (00006a40)     _ECap4Regs

00006a80     1aa (00006a80)     _ECap5Regs
00006aa0     1aa (00006a80)     _ECap6Regs

00006b00     1ac (00006b00)     _EQep1Regs

00006b40     1ad (00006b40)     _EQep2Regs

00006f80     1be (00006f80)     _GpioCtrlRegs

00006fc0     1bf (00006fc0)     _GpioDataRegs
00006fe0     1bf (00006fc0)     _GpioIntRegs

00007010     1c0 (00007000)     _SysCtrlRegs

00007040     1c1 (00007040)     _SpiaRegs
00007050     1c1 (00007040)     _SciaRegs
00007070     1c1 (00007040)     _XIntruptRegs

00007100     1c4 (00007100)     _AdcRegs

00007750     1dd (00007740)     _ScibRegs
00007770     1dd (00007740)     _ScicRegs

00007900     1e4 (00007900)     _I2caRegs

0000c000     300 (0000c000)     _MpuReadCount
0000c001     300 (0000c000)     _MpuAvgCounter
0000c002     300 (0000c000)     _XPointer
0000c003     300 (0000c000)     _YPointer
0000c004     300 (0000c000)     _ZPointer
0000c005     300 (0000c000)     _intflag
0000c006     300 (0000c000)     _yaw
0000c008     300 (0000c000)     _pitch
0000c00a     300 (0000c000)     _roll
0000c00c     300 (0000c000)     _Angle_X
0000c00e     300 (0000c000)     _Angle_Y
0000c010     300 (0000c000)     _gyroAngleX
0000c012     300 (0000c000)     _gyroAngleY
0000c014     300 (0000c000)     _GtempX
0000c016     300 (0000c000)     _GtempY
0000c018     300 (0000c000)     _GtempZ
0000c01a     300 (0000c000)     _MPUtemp
0000c01c     300 (0000c000)     _CpuTimer0
0000c024     300 (0000c000)     _CpuTimer1
0000c02c     300 (0000c000)     _CpuTimer2
0000c034     300 (0000c000)     _XBuffer
0000c03e     300 (0000c000)     __lock

0000c040     301 (0000c040)     _MsgBuffer
0000c04e     301 (0000c040)     _YBuffer
0000c058     301 (0000c040)     _ZBuffer
0000c062     301 (0000c040)     _Filter
0000c068     301 (0000c040)     ___TI_enable_exit_profile_output
0000c06a     301 (0000c040)     ___TI_cleanup_ptr
0000c06c     301 (0000c040)     ___TI_dtors_ptr
0000c06e     301 (0000c040)     __unlock
0000c070     301 (0000c040)     _errno

0000d000     340 (0000d000)     _PieVectTableInit

0033fff8    cfff (0033ffc0)     _CsmPwl

00380090    e002 (00380080)     _PartIdRegs


GLOBAL SYMBOLS: SORTED ALPHABETICALLY BY Name 

page  address   name                            
----  -------   ----                            
abs   ffffffff  .text                           
0     00009f44  C$$EXIT                         
0     00009d53  FS$$DIV                         
0     0000977f  _ADCINT_ISR                     
0     00380080  _ADC_cal                        
1     00000b00  _AdcMirror                      
1     00007100  _AdcRegs                        
1     0000c00c  _Angle_X                        
1     0000c00e  _Angle_Y                        
0     00009e14  _ConfigCpuTimer                 
1     0000c01c  _CpuTimer0                      
1     00000c00  _CpuTimer0Regs                  
1     0000c024  _CpuTimer1                      
1     00000c08  _CpuTimer1Regs                  
1     0000c02c  _CpuTimer2                      
1     00000c10  _CpuTimer2Regs                  
1     0033fff8  _CsmPwl                         
1     00000ae0  _CsmRegs                        
0     00009c58  _CsmUnlock                      
0     000096ad  _DATALOG_ISR                    
0     000098a1  _DINTCH1_ISR                    
0     000098ab  _DINTCH2_ISR                    
0     000098b5  _DINTCH3_ISR                    
0     000098bf  _DINTCH4_ISR                    
0     000098c9  _DINTCH5_ISR                    
0     000098d3  _DINTCH6_ISR                    
0     00000050  _DSP28x_usDelay                 
1     00000880  _DevEmuRegs                     
0     00009ba4  _DisableDog                     
1     00001000  _DmaRegs                        
0     0000992d  _ECAN0INTA_ISR                  
0     00009941  _ECAN0INTB_ISR                  
0     00009937  _ECAN1INTA_ISR                  
0     0000994b  _ECAN1INTB_ISR                  
0     00009815  _ECAP1_INT_ISR                  
0     0000981f  _ECAP2_INT_ISR                  
0     00009829  _ECAP3_INT_ISR                  
0     00009833  _ECAP4_INT_ISR                  
0     0000983d  _ECAP5_INT_ISR                  
0     00009847  _ECAP6_INT_ISR                  
1     00006040  _ECanaLAMRegs                   
1     000060c0  _ECanaMOTORegs                  
1     00006080  _ECanaMOTSRegs                  
1     00006100  _ECanaMboxes                    
1     00006000  _ECanaRegs                      
1     00006240  _ECanbLAMRegs                   
1     000062c0  _ECanbMOTORegs                  
1     00006280  _ECanbMOTSRegs                  
1     00006300  _ECanbMboxes                    
1     00006200  _ECanbRegs                      
1     00006a00  _ECap1Regs                      
1     00006a20  _ECap2Regs                      
1     00006a40  _ECap3Regs                      
1     00006a60  _ECap4Regs                      
1     00006a80  _ECap5Regs                      
1     00006aa0  _ECap6Regs                      
0     000096c1  _EMUINT_ISR                     
0     000097d9  _EPWM1_INT_ISR                  
0     0000979d  _EPWM1_TZINT_ISR                
0     000097e3  _EPWM2_INT_ISR                  
0     000097a7  _EPWM2_TZINT_ISR                
0     000097ed  _EPWM3_INT_ISR                  
0     000097b1  _EPWM3_TZINT_ISR                
0     000097f7  _EPWM4_INT_ISR                  
0     000097bb  _EPWM4_TZINT_ISR                
0     00009801  _EPWM5_INT_ISR                  
0     000097c5  _EPWM5_TZINT_ISR                
0     0000980b  _EPWM6_INT_ISR                  
0     000097cf  _EPWM6_TZINT_ISR                
1     00006800  _EPwm1Regs                      
1     00006840  _EPwm2Regs                      
1     00006880  _EPwm3Regs                      
1     000068c0  _EPwm4Regs                      
1     00006900  _EPwm5Regs                      
1     00006940  _EPwm6Regs                      
0     00009851  _EQEP1_INT_ISR                  
0     0000985b  _EQEP2_INT_ISR                  
1     00006b00  _EQep1Regs                      
1     00006b40  _EQep2Regs                      
0     00009f8c  _EnableInterrupts               
1     0000c062  _Filter                         
0     00009acf  _FilterImu                      
1     00000a80  _FlashRegs                      
0     00009b50  _GetImuTemps                    
1     00006f80  _GpioCtrlRegs                   
1     00006fc0  _GpioDataRegs                   
1     00006fe0  _GpioIntRegs                    
1     0000c014  _GtempX                         
1     0000c016  _GtempY                         
1     0000c018  _GtempZ                         
0     000098dd  _I2CINT1A_ISR                   
0     000098e7  _I2CINT2A_ISR                   
0     000099e7  _I2CInit                        
0     00009b6d  _I2C_read_data                  
1     00007900  _I2caRegs                       
0     000096d5  _ILLEGAL_ISR                    
0     00009699  _INT13_ISR                      
0     000096a3  _INT14_ISR                      
0     00009ddb  _InitCpuTimers                  
0     00009f95  _InitI2C                        
0     00009f96  _InitI2CGpio                    
0     00009bfd  _InitPeripheralClocks           
0     00009f6d  _InitPieCtrl                    
0     0000a024  _InitPieVectTable               
0     00009bac  _InitPll                        
0     00009efc  _InitSci                        
0     00009efd  _InitSciGpio                    
0     00009f04  _InitSciaGpio                   
0     00009f1a  _InitScibGpio                   
0     00009f2e  _InitScicGpio                   
0     00009b91  _InitSysCtrl                    
0     00009991  _LUF_ISR                        
0     00009987  _LVF_ISR                        
1     0000c01a  _MPUtemp                        
0     0000988d  _MRINTA_ISR                     
0     00009879  _MRINTB_ISR                     
0     00009897  _MXINTA_ISR                     
0     00009883  _MXINTB_ISR                     
1     00005000  _McbspaRegs                     
1     00005040  _McbspbRegs                     
1     0000c001  _MpuAvgCounter                  
1     0000c000  _MpuReadCount                   
1     0000c040  _MsgBuffer                      
0     000096cb  _NMI_ISR                        
0     0000999b  _PIE_RESERVED                   
1     00380090  _PartIdRegs                     
1     00000ce0  _PieCtrlRegs                    
1     00000d00  _PieVectTable                   
1     0000d000  _PieVectTableInit               
0     000096b7  _RTOSINT_ISR                    
0     00009905  _SCIRXINTA_ISR                  
0     00009919  _SCIRXINTB_ISR                  
0     000098f1  _SCIRXINTC_ISR                  
0     0000990f  _SCITXINTA_ISR                  
0     00009923  _SCITXINTB_ISR                  
0     000098fb  _SCITXINTC_ISR                  
0     00009757  _SEQ1INT_ISR                    
0     00009761  _SEQ2INT_ISR                    
0     00009865  _SPIRXINTA_ISR                  
0     0000986f  _SPITXINTA_ISR                  
0     000099d5  _SciComm_init                   
1     00007050  _SciaRegs                       
1     00007750  _ScibRegs                       
1     00007770  _ScicRegs                       
0     00009b9a  _ServiceDog                     
1     00007040  _SpiaRegs                       
1     00007010  _SysCtrlRegs                    
0     00009789  _TINT0_ISR                      
0     00009739  _USER10_ISR                     
0     00009743  _USER11_ISR                     
0     0000974d  _USER12_ISR                     
0     000096df  _USER1_ISR                      
0     000096e9  _USER2_ISR                      
0     000096f3  _USER3_ISR                      
0     000096fd  _USER4_ISR                      
0     00009707  _USER5_ISR                      
0     00009711  _USER6_ISR                      
0     0000971b  _USER7_ISR                      
0     00009725  _USER8_ISR                      
0     0000972f  _USER9_ISR                      
0     00009793  _WAKEINT_ISR                    
1     0000c034  _XBuffer                        
0     0000976b  _XINT1_ISR                      
0     00009775  _XINT2_ISR                      
0     00009955  _XINT3_ISR                      
0     0000995f  _XINT4_ISR                      
0     00009969  _XINT5_ISR                      
0     00009973  _XINT6_ISR                      
0     0000997d  _XINT7_ISR                      
1     00007070  _XIntruptRegs                   
1     0000c002  _XPointer                       
0     00009601  _Xint_reset                     
1     00000b20  _XintfRegs                      
1     0000c04e  _YBuffer                        
1     0000c003  _YPointer                       
1     0000c058  _ZBuffer                        
1     0000c004  _ZPointer                       
1     00000700  __STACK_END                     
abs   00000300  __STACK_SIZE                    
1     0000c06a  ___TI_cleanup_ptr               
1     0000c06c  ___TI_dtors_ptr                 
1     0000c068  ___TI_enable_exit_profile_output
abs   ffffffff  ___TI_pprof_out_hndl            
abs   ffffffff  ___TI_prof_data_size            
abs   ffffffff  ___TI_prof_data_start           
abs   ffffffff  ___binit__                      
abs   ffffffff  ___c_args__                     
0     00008000  ___cinit__                      
abs   ffffffff  ___etext__                      
abs   ffffffff  ___pinit__                      
abs   ffffffff  ___text__                       
0     0000a044  __args_main                     
1     0000c03e  __lock                          
0     0000a076  __nop                           
0     0000a072  __register_lock                 
0     0000a06e  __register_unlock               
1     00000400  __stack                         
0     0000a081  __system_post_cinit             
0     0000a07f  __system_pre_init               
1     0000c06e  __unlock                        
0     00009f44  _abort                          
0     00009c89  _atan                           
0     00009c89  _atanf                          
0     00009ea6  _c_int00                        
0     0000a000  _copy_in                        
0     0000a05d  _copysign                       
0     0000a05d  _copysignf                      
0     000093b7  _cpu_timer0_isr                 
0     00009369  _epwm_timer1_sci                
1     0000c070  _errno                          
0     00009f46  _exit                           
1     0000c010  _gyroAngleX                     
1     0000c012  _gyroAngleY                     
1     0000c005  _intflag                        
0     00009e4e  _ldexp                          
0     00009e4e  _ldexpf                         
0     00009a54  _main                           
0     00009fe3  _memcpy                         
1     0000c008  _pitch                          
0     00009000  _pow                            
0     00009000  _powf                           
1     0000c00a  _roll                           
0     000099a5  _rsvd_ISR                       
0     00009e4e  _scalbn                         
0     00009e4e  _scalbnf                        
0     000099cd  _scia_fifo_init                 
0     000099bd  _scia_xmit                      
0     000099af  _sgn                            
0     00009fbc  _sqrt                           
0     00009fbc  _sqrtf                          
1     0000c006  _yaw                            
abs   ffffffff  binit                           
0     00008000  cinit                           
0     00000000  code_start                      
abs   ffffffff  etext                           
abs   ffffffff  pinit                           


GLOBAL SYMBOLS: SORTED BY Symbol Address 

page  address   name                            
----  -------   ----                            
0     00000000  code_start                      
0     00000050  _DSP28x_usDelay                 
0     00008000  ___cinit__                      
0     00008000  cinit                           
0     00009000  _pow                            
0     00009000  _powf                           
0     00009369  _epwm_timer1_sci                
0     000093b7  _cpu_timer0_isr                 
0     00009601  _Xint_reset                     
0     00009699  _INT13_ISR                      
0     000096a3  _INT14_ISR                      
0     000096ad  _DATALOG_ISR                    
0     000096b7  _RTOSINT_ISR                    
0     000096c1  _EMUINT_ISR                     
0     000096cb  _NMI_ISR                        
0     000096d5  _ILLEGAL_ISR                    
0     000096df  _USER1_ISR                      
0     000096e9  _USER2_ISR                      
0     000096f3  _USER3_ISR                      
0     000096fd  _USER4_ISR                      
0     00009707  _USER5_ISR                      
0     00009711  _USER6_ISR                      
0     0000971b  _USER7_ISR                      
0     00009725  _USER8_ISR                      
0     0000972f  _USER9_ISR                      
0     00009739  _USER10_ISR                     
0     00009743  _USER11_ISR                     
0     0000974d  _USER12_ISR                     
0     00009757  _SEQ1INT_ISR                    
0     00009761  _SEQ2INT_ISR                    
0     0000976b  _XINT1_ISR                      
0     00009775  _XINT2_ISR                      
0     0000977f  _ADCINT_ISR                     
0     00009789  _TINT0_ISR                      
0     00009793  _WAKEINT_ISR                    
0     0000979d  _EPWM1_TZINT_ISR                
0     000097a7  _EPWM2_TZINT_ISR                
0     000097b1  _EPWM3_TZINT_ISR                
0     000097bb  _EPWM4_TZINT_ISR                
0     000097c5  _EPWM5_TZINT_ISR                
0     000097cf  _EPWM6_TZINT_ISR                
0     000097d9  _EPWM1_INT_ISR                  
0     000097e3  _EPWM2_INT_ISR                  
0     000097ed  _EPWM3_INT_ISR                  
0     000097f7  _EPWM4_INT_ISR                  
0     00009801  _EPWM5_INT_ISR                  
0     0000980b  _EPWM6_INT_ISR                  
0     00009815  _ECAP1_INT_ISR                  
0     0000981f  _ECAP2_INT_ISR                  
0     00009829  _ECAP3_INT_ISR                  
0     00009833  _ECAP4_INT_ISR                  
0     0000983d  _ECAP5_INT_ISR                  
0     00009847  _ECAP6_INT_ISR                  
0     00009851  _EQEP1_INT_ISR                  
0     0000985b  _EQEP2_INT_ISR                  
0     00009865  _SPIRXINTA_ISR                  
0     0000986f  _SPITXINTA_ISR                  
0     00009879  _MRINTB_ISR                     
0     00009883  _MXINTB_ISR                     
0     0000988d  _MRINTA_ISR                     
0     00009897  _MXINTA_ISR                     
0     000098a1  _DINTCH1_ISR                    
0     000098ab  _DINTCH2_ISR                    
0     000098b5  _DINTCH3_ISR                    
0     000098bf  _DINTCH4_ISR                    
0     000098c9  _DINTCH5_ISR                    
0     000098d3  _DINTCH6_ISR                    
0     000098dd  _I2CINT1A_ISR                   
0     000098e7  _I2CINT2A_ISR                   
0     000098f1  _SCIRXINTC_ISR                  
0     000098fb  _SCITXINTC_ISR                  
0     00009905  _SCIRXINTA_ISR                  
0     0000990f  _SCITXINTA_ISR                  
0     00009919  _SCIRXINTB_ISR                  
0     00009923  _SCITXINTB_ISR                  
0     0000992d  _ECAN0INTA_ISR                  
0     00009937  _ECAN1INTA_ISR                  
0     00009941  _ECAN0INTB_ISR                  
0     0000994b  _ECAN1INTB_ISR                  
0     00009955  _XINT3_ISR                      
0     0000995f  _XINT4_ISR                      
0     00009969  _XINT5_ISR                      
0     00009973  _XINT6_ISR                      
0     0000997d  _XINT7_ISR                      
0     00009987  _LVF_ISR                        
0     00009991  _LUF_ISR                        
0     0000999b  _PIE_RESERVED                   
0     000099a5  _rsvd_ISR                       
0     000099af  _sgn                            
0     000099bd  _scia_xmit                      
0     000099cd  _scia_fifo_init                 
0     000099d5  _SciComm_init                   
0     000099e7  _I2CInit                        
0     00009a54  _main                           
0     00009acf  _FilterImu                      
0     00009b50  _GetImuTemps                    
0     00009b6d  _I2C_read_data                  
0     00009b91  _InitSysCtrl                    
0     00009b9a  _ServiceDog                     
0     00009ba4  _DisableDog                     
0     00009bac  _InitPll                        
0     00009bfd  _InitPeripheralClocks           
0     00009c58  _CsmUnlock                      
0     00009c89  _atan                           
0     00009c89  _atanf                          
0     00009d53  FS$$DIV                         
0     00009ddb  _InitCpuTimers                  
0     00009e14  _ConfigCpuTimer                 
0     00009e4e  _ldexp                          
0     00009e4e  _ldexpf                         
0     00009e4e  _scalbn                         
0     00009e4e  _scalbnf                        
0     00009ea6  _c_int00                        
0     00009efc  _InitSci                        
0     00009efd  _InitSciGpio                    
0     00009f04  _InitSciaGpio                   
0     00009f1a  _InitScibGpio                   
0     00009f2e  _InitScicGpio                   
0     00009f44  C$$EXIT                         
0     00009f44  _abort                          
0     00009f46  _exit                           
0     00009f6d  _InitPieCtrl                    
0     00009f8c  _EnableInterrupts               
0     00009f95  _InitI2C                        
0     00009f96  _InitI2CGpio                    
0     00009fbc  _sqrt                           
0     00009fbc  _sqrtf                          
0     00009fe3  _memcpy                         
0     0000a000  _copy_in                        
0     0000a024  _InitPieVectTable               
0     0000a044  __args_main                     
0     0000a05d  _copysign                       
0     0000a05d  _copysignf                      
0     0000a06e  __register_unlock               
0     0000a072  __register_lock                 
0     0000a076  __nop                           
0     0000a07f  __system_pre_init               
0     0000a081  __system_post_cinit             
0     00380080  _ADC_cal                        
1     00000400  __stack                         
1     00000700  __STACK_END                     
1     00000880  _DevEmuRegs                     
1     00000a80  _FlashRegs                      
1     00000ae0  _CsmRegs                        
1     00000b00  _AdcMirror                      
1     00000b20  _XintfRegs                      
1     00000c00  _CpuTimer0Regs                  
1     00000c08  _CpuTimer1Regs                  
1     00000c10  _CpuTimer2Regs                  
1     00000ce0  _PieCtrlRegs                    
1     00000d00  _PieVectTable                   
1     00001000  _DmaRegs                        
1     00005000  _McbspaRegs                     
1     00005040  _McbspbRegs                     
1     00006000  _ECanaRegs                      
1     00006040  _ECanaLAMRegs                   
1     00006080  _ECanaMOTSRegs                  
1     000060c0  _ECanaMOTORegs                  
1     00006100  _ECanaMboxes                    
1     00006200  _ECanbRegs                      
1     00006240  _ECanbLAMRegs                   
1     00006280  _ECanbMOTSRegs                  
1     000062c0  _ECanbMOTORegs                  
1     00006300  _ECanbMboxes                    
1     00006800  _EPwm1Regs                      
1     00006840  _EPwm2Regs                      
1     00006880  _EPwm3Regs                      
1     000068c0  _EPwm4Regs                      
1     00006900  _EPwm5Regs                      
1     00006940  _EPwm6Regs                      
1     00006a00  _ECap1Regs                      
1     00006a20  _ECap2Regs                      
1     00006a40  _ECap3Regs                      
1     00006a60  _ECap4Regs                      
1     00006a80  _ECap5Regs                      
1     00006aa0  _ECap6Regs                      
1     00006b00  _EQep1Regs                      
1     00006b40  _EQep2Regs                      
1     00006f80  _GpioCtrlRegs                   
1     00006fc0  _GpioDataRegs                   
1     00006fe0  _GpioIntRegs                    
1     00007010  _SysCtrlRegs                    
1     00007040  _SpiaRegs                       
1     00007050  _SciaRegs                       
1     00007070  _XIntruptRegs                   
1     00007100  _AdcRegs                        
1     00007750  _ScibRegs                       
1     00007770  _ScicRegs                       
1     00007900  _I2caRegs                       
1     0000c000  _MpuReadCount                   
1     0000c001  _MpuAvgCounter                  
1     0000c002  _XPointer                       
1     0000c003  _YPointer                       
1     0000c004  _ZPointer                       
1     0000c005  _intflag                        
1     0000c006  _yaw                            
1     0000c008  _pitch                          
1     0000c00a  _roll                           
1     0000c00c  _Angle_X                        
1     0000c00e  _Angle_Y                        
1     0000c010  _gyroAngleX                     
1     0000c012  _gyroAngleY                     
1     0000c014  _GtempX                         
1     0000c016  _GtempY                         
1     0000c018  _GtempZ                         
1     0000c01a  _MPUtemp                        
1     0000c01c  _CpuTimer0                      
1     0000c024  _CpuTimer1                      
1     0000c02c  _CpuTimer2                      
1     0000c034  _XBuffer                        
1     0000c03e  __lock                          
1     0000c040  _MsgBuffer                      
1     0000c04e  _YBuffer                        
1     0000c058  _ZBuffer                        
1     0000c062  _Filter                         
1     0000c068  ___TI_enable_exit_profile_output
1     0000c06a  ___TI_cleanup_ptr               
1     0000c06c  ___TI_dtors_ptr                 
1     0000c06e  __unlock                        
1     0000c070  _errno                          
1     0000d000  _PieVectTableInit               
1     0033fff8  _CsmPwl                         
1     00380090  _PartIdRegs                     
abs   00000300  __STACK_SIZE                    
abs   ffffffff  .text                           
abs   ffffffff  ___TI_pprof_out_hndl            
abs   ffffffff  ___TI_prof_data_size            
abs   ffffffff  ___TI_prof_data_start           
abs   ffffffff  ___binit__                      
abs   ffffffff  ___c_args__                     
abs   ffffffff  ___etext__                      
abs   ffffffff  ___pinit__                      
abs   ffffffff  ___text__                       
abs   ffffffff  binit                           
abs   ffffffff  etext                           
abs   ffffffff  pinit                           

[236 symbols]
