******************************************************************************
             TMS320C2000 Linker PC v18.12.2                    
******************************************************************************
>> Linked Thu Aug 29 15:59:39 2019

OUTPUT FILE NAME:   <Mpu6050I2C.out>
ENTRY POINT SYMBOL: "_c_int00"  address: 00009c88


MEMORY CONFIGURATION

         name            origin    length      used     unused   attr    fill
----------------------  --------  ---------  --------  --------  ----  --------
PAGE 0:
  BEGIN                 00000000   00000002  00000002  00000000  RWIX
  RAMM0                 00000050   000003b0  00000004  000003ac  RWIX
  RAML0                 00008000   00001000  0000004e  00000fb2  RWIX
  RAML1                 00009000   00001000  00000e14  000001ec  RWIX
  RAML2                 0000a000   00001000  00000000  00001000  RWIX
  RAML3                 0000b000   00001000  00000000  00001000  RWIX
  ZONE7A                00200000   0000fc00  00000000  0000fc00  RWIX
  CSM_RSVD              0033ff80   00000076  00000000  00000076  RWIX
  CSM_PWL               0033fff8   00000008  00000000  00000008  RWIX
  ADC_CAL               00380080   00000009  00000007  00000002  RWIX
  IQTABLES              003fe000   00000b50  00000000  00000b50  RWIX
  IQTABLES2             003feb50   0000008c  00000000  0000008c  RWIX
  FPUTABLES             003febdc   000006a0  00000000  000006a0  RWIX
  BOOTROM               003ff27c   00000d44  00000000  00000d44  RWIX
  RESET                 003fffc0   00000002  00000000  00000002  RWIX

PAGE 1:
  BOOT_RSVD             00000002   0000004e  00000000  0000004e  RWIX
  RAMM1                 00000400   00000400  00000300  00000100  RWIX
  DEV_EMU               00000880   00000180  000000d0  000000b0  RWIX
  FLASH_REGS            00000a80   00000060  00000008  00000058  RWIX
  CSM                   00000ae0   00000010  00000010  00000000  RWIX
  ADC_MIRROR            00000b00   00000010  00000010  00000000  RWIX
  XINTF                 00000b20   00000020  0000001e  00000002  RWIX
  CPU_TIMER0            00000c00   00000008  00000008  00000000  RWIX
  CPU_TIMER1            00000c08   00000008  00000008  00000000  RWIX
  CPU_TIMER2            00000c10   00000008  00000008  00000000  RWIX
  PIE_CTRL              00000ce0   00000020  0000001a  00000006  RWIX
  PIE_VECT              00000d00   00000100  00000100  00000000  RWIX
  DMA                   00001000   00000200  000000e0  00000120  RWIX
  MCBSPA                00005000   00000040  00000025  0000001b  RWIX
  MCBSPB                00005040   00000040  00000025  0000001b  RWIX
  ECANA                 00006000   00000040  00000034  0000000c  RWIX
  ECANA_LAM             00006040   00000040  00000040  00000000  RWIX
  ECANA_MOTS            00006080   00000040  00000040  00000000  RWIX
  ECANA_MOTO            000060c0   00000040  00000040  00000000  RWIX
  ECANA_MBOX            00006100   00000100  00000100  00000000  RWIX
  ECANB                 00006200   00000040  00000034  0000000c  RWIX
  ECANB_LAM             00006240   00000040  00000040  00000000  RWIX
  ECANB_MOTS            00006280   00000040  00000040  00000000  RWIX
  ECANB_MOTO            000062c0   00000040  00000040  00000000  RWIX
  ECANB_MBOX            00006300   00000100  00000100  00000000  RWIX
  EPWM1                 00006800   00000022  00000022  00000000  RWIX
  EPWM2                 00006840   00000022  00000022  00000000  RWIX
  EPWM3                 00006880   00000022  00000022  00000000  RWIX
  EPWM4                 000068c0   00000022  00000022  00000000  RWIX
  EPWM5                 00006900   00000022  00000022  00000000  RWIX
  EPWM6                 00006940   00000022  00000022  00000000  RWIX
  ECAP1                 00006a00   00000020  00000020  00000000  RWIX
  ECAP2                 00006a20   00000020  00000020  00000000  RWIX
  ECAP3                 00006a40   00000020  00000020  00000000  RWIX
  ECAP4                 00006a60   00000020  00000020  00000000  RWIX
  ECAP5                 00006a80   00000020  00000020  00000000  RWIX
  ECAP6                 00006aa0   00000020  00000020  00000000  RWIX
  EQEP1                 00006b00   00000040  00000040  00000000  RWIX
  EQEP2                 00006b40   00000040  00000040  00000000  RWIX
  GPIOCTRL              00006f80   00000040  0000002e  00000012  RWIX
  GPIODAT               00006fc0   00000020  00000020  00000000  RWIX
  GPIOINT               00006fe0   00000020  0000000a  00000016  RWIX
  SYSTEM                00007010   00000020  00000020  00000000  RWIX
  SPIA                  00007040   00000010  00000010  00000000  RWIX
  SCIA                  00007050   00000010  00000010  00000000  RWIX
  XINTRUPT              00007070   00000010  00000010  00000000  RWIX
  ADC                   00007100   00000020  0000001e  00000002  RWIX
  SCIB                  00007750   00000010  00000010  00000000  RWIX
  SCIC                  00007770   00000010  00000010  00000000  RWIX
  I2CA                  00007900   00000040  00000022  0000001e  RWIX
  RAML4                 0000c000   00001000  00000049  00000fb7  RWIX
  RAML5                 0000d000   00001000  00000162  00000e9e  RWIX
  RAML6                 0000e000   00001000  00000000  00001000  RWIX
  RAML7                 0000f000   00001000  00000000  00001000  RWIX
  ZONE7B                0020fc00   00000400  00000000  00000400  RWIX
  CSM_PWL               0033fff8   00000008  00000008  00000000  RWIX
  PARTID                00380090   00000001  00000001  00000000  RWIX


SECTION ALLOCATION MAP

 output                                  attributes/
section   page    origin      length       input sections
--------  ----  ----------  ----------   ----------------
codestart 
*          0    00000000    00000002     
                  00000000    00000002     DSP2833x_CodeStartBranch.obj (codestart)

.cinit     0    00008000    0000004e     
                  00008000    00000030     main.obj (.cinit)
                  00008030    0000000e     rts2800_fpu32.lib : exit.c.obj (.cinit)
                  0000803e    00000005                       : _lock.c.obj (.cinit:__lock)
                  00008043    00000005                       : _lock.c.obj (.cinit:__unlock)
                  00008048    00000004                       : errno.c.obj (.cinit)
                  0000804c    00000002     --HOLE-- [fill = 0]

.text      0    00009000    00000e14     
                  00009000    00000369     rts2800_fpu32.lib : e_powf.c.obj (.text)
                  00009369    00000316     DSP2833x_DefaultIsr.obj (.text:retain)
                  0000967f    0000020e     main.obj (.text:retain)
                  0000988d    000000f8     DSP2833x_SysCtrl.obj (.text)
                  00009985    000000e6     main.obj (.text)
                  00009a6b    000000ca     rts2800_fpu32.lib : s_atanf.c.obj (.text)
                  00009b35    00000088                       : fs_div28.asm.obj (.text)
                  00009bbd    00000073     DSP2833x_CpuTimers.obj (.text)
                  00009c30    00000058     rts2800_fpu32.lib : s_scalbnf.c.obj (.text)
                  00009c88    00000056                       : boot28.asm.obj (.text)
                  00009cde    00000029                       : exit.c.obj (.text)
                  00009d07    00000028     DSP2833x_PieCtrl.obj (.text)
                  00009d2f    00000001     rts2800_fpu32.lib : startup.c.obj (.text)
                  00009d30    00000027                       : e_sqrtf.c.obj (.text)
                  00009d57    00000024                       : cpy_tbl.c.obj (.text)
                  00009d7b    00000020     DSP2833x_PieVect.obj (.text)
                  00009d9b    0000001f     DSP2833x_I2C.obj (.text)
                  00009dba    0000001d     rts2800_fpu32.lib : memcpy.c.obj (.text)
                  00009dd7    00000019                       : args_main.c.obj (.text)
                  00009df0    00000011                       : s_copysignf.c.obj (.text)
                  00009e01    00000009                       : _lock.c.obj (.text)
                  00009e0a    00000008     DSP2833x_CodeStartBranch.obj (.text)
                  00009e12    00000002     rts2800_fpu32.lib : pre_init.c.obj (.text)

.pinit     0    00008000    00000000     UNINITIALIZED

.stack     1    00000400    00000300     UNINITIALIZED
                  00000400    00000300     --HOLE--

DevEmuRegsFile 
*          1    00000880    000000d0     UNINITIALIZED
                  00000880    000000d0     DSP2833x_GlobalVariableDefs.obj (DevEmuRegsFile)

FlashRegsFile 
*          1    00000a80    00000008     UNINITIALIZED
                  00000a80    00000008     DSP2833x_GlobalVariableDefs.obj (FlashRegsFile)

CsmRegsFile 
*          1    00000ae0    00000010     UNINITIALIZED
                  00000ae0    00000010     DSP2833x_GlobalVariableDefs.obj (CsmRegsFile)

AdcMirrorFile 
*          1    00000b00    00000010     UNINITIALIZED
                  00000b00    00000010     DSP2833x_GlobalVariableDefs.obj (AdcMirrorFile)

XintfRegsFile 
*          1    00000b20    0000001e     UNINITIALIZED
                  00000b20    0000001e     DSP2833x_GlobalVariableDefs.obj (XintfRegsFile)

CpuTimer0RegsFile 
*          1    00000c00    00000008     UNINITIALIZED
                  00000c00    00000008     DSP2833x_GlobalVariableDefs.obj (CpuTimer0RegsFile)

CpuTimer1RegsFile 
*          1    00000c08    00000008     UNINITIALIZED
                  00000c08    00000008     DSP2833x_GlobalVariableDefs.obj (CpuTimer1RegsFile)

CpuTimer2RegsFile 
*          1    00000c10    00000008     UNINITIALIZED
                  00000c10    00000008     DSP2833x_GlobalVariableDefs.obj (CpuTimer2RegsFile)

PieCtrlRegsFile 
*          1    00000ce0    0000001a     UNINITIALIZED
                  00000ce0    0000001a     DSP2833x_GlobalVariableDefs.obj (PieCtrlRegsFile)

ECanaMOTSRegsFile 
*          1    00006080    00000040     UNINITIALIZED
                  00006080    00000040     DSP2833x_GlobalVariableDefs.obj (ECanaMOTSRegsFile)

ECanaMOTORegsFile 
*          1    000060c0    00000040     UNINITIALIZED
                  000060c0    00000040     DSP2833x_GlobalVariableDefs.obj (ECanaMOTORegsFile)

ECanbMOTSRegsFile 
*          1    00006280    00000040     UNINITIALIZED
                  00006280    00000040     DSP2833x_GlobalVariableDefs.obj (ECanbMOTSRegsFile)

ECanbMOTORegsFile 
*          1    000062c0    00000040     UNINITIALIZED
                  000062c0    00000040     DSP2833x_GlobalVariableDefs.obj (ECanbMOTORegsFile)

.ebss      1    0000c000    00000049     UNINITIALIZED
                  0000c000    00000018     DSP2833x_CpuTimers.obj (.ebss)
                  0000c018    00000018     main.obj (.ebss)
                  0000c030    0000000e     main.obj (.ebss:_MsgBuffer)
                  0000c03e    00000002     rts2800_fpu32.lib : _lock.c.obj (.ebss:__lock)
                  0000c040    00000006                       : exit.c.obj (.ebss)
                  0000c046    00000002                       : _lock.c.obj (.ebss:__unlock)
                  0000c048    00000001                       : errno.c.obj (.ebss)

.econst    1    0000d000    00000162     
                  0000d000    00000100     DSP2833x_PieVect.obj (.econst:_PieVectTableInit)
                  0000d100    00000032     rts2800_fpu32.lib : e_powf.c.obj (.econst)
                  0000d132    0000000a                       : s_atanf.c.obj (.econst:_aT)
                  0000d13c    00000008                       : s_atanf.c.obj (.econst:_atanhi)
                  0000d144    00000008                       : s_atanf.c.obj (.econst:_atanlo)
                  0000d14c    00000006                       : s_scalbnf.c.obj (.econst)
                  0000d152    00000004                       : e_powf.c.obj (.econst:_bp)
                  0000d156    00000004                       : e_powf.c.obj (.econst:_dp_h)
                  0000d15a    00000004                       : e_powf.c.obj (.econst:_dp_l)
                  0000d15e    00000004                       : s_atanf.c.obj (.econst)

.reset     0    003fffc0    00000002     DSECT
                  003fffc0    00000002     rts2800_fpu32.lib : boot28.asm.obj (.reset)

csm_rsvd   0    0033ff80    00000000     DSECT

csmpasswds 
*          0    0033fff8    00000000     DSECT

.adc_cal   0    00380080    00000007     NOLOAD SECTION
                  00380080    00000007     DSP2833x_ADC_cal.obj (.adc_cal)

PieVectTableFile 
*          1    00000d00    00000100     UNINITIALIZED
                  00000d00    00000100     DSP2833x_GlobalVariableDefs.obj (PieVectTableFile)

DmaRegsFile 
*          1    00001000    000000e0     UNINITIALIZED
                  00001000    000000e0     DSP2833x_GlobalVariableDefs.obj (DmaRegsFile)

McbspaRegsFile 
*          1    00005000    00000025     UNINITIALIZED
                  00005000    00000025     DSP2833x_GlobalVariableDefs.obj (McbspaRegsFile)

McbspbRegsFile 
*          1    00005040    00000025     UNINITIALIZED
                  00005040    00000025     DSP2833x_GlobalVariableDefs.obj (McbspbRegsFile)

ECanaRegsFile 
*          1    00006000    00000034     UNINITIALIZED
                  00006000    00000034     DSP2833x_GlobalVariableDefs.obj (ECanaRegsFile)

ECanaLAMRegsFile 
*          1    00006040    00000040     UNINITIALIZED
                  00006040    00000040     DSP2833x_GlobalVariableDefs.obj (ECanaLAMRegsFile)

ECanaMboxesFile 
*          1    00006100    00000100     UNINITIALIZED
                  00006100    00000100     DSP2833x_GlobalVariableDefs.obj (ECanaMboxesFile)

ECanbRegsFile 
*          1    00006200    00000034     UNINITIALIZED
                  00006200    00000034     DSP2833x_GlobalVariableDefs.obj (ECanbRegsFile)

ECanbLAMRegsFile 
*          1    00006240    00000040     UNINITIALIZED
                  00006240    00000040     DSP2833x_GlobalVariableDefs.obj (ECanbLAMRegsFile)

ECanbMboxesFile 
*          1    00006300    00000100     UNINITIALIZED
                  00006300    00000100     DSP2833x_GlobalVariableDefs.obj (ECanbMboxesFile)

EPwm1RegsFile 
*          1    00006800    00000022     UNINITIALIZED
                  00006800    00000022     DSP2833x_GlobalVariableDefs.obj (EPwm1RegsFile)

EPwm2RegsFile 
*          1    00006840    00000022     UNINITIALIZED
                  00006840    00000022     DSP2833x_GlobalVariableDefs.obj (EPwm2RegsFile)

EPwm3RegsFile 
*          1    00006880    00000022     UNINITIALIZED
                  00006880    00000022     DSP2833x_GlobalVariableDefs.obj (EPwm3RegsFile)

EPwm4RegsFile 
*          1    000068c0    00000022     UNINITIALIZED
                  000068c0    00000022     DSP2833x_GlobalVariableDefs.obj (EPwm4RegsFile)

EPwm5RegsFile 
*          1    00006900    00000022     UNINITIALIZED
                  00006900    00000022     DSP2833x_GlobalVariableDefs.obj (EPwm5RegsFile)

EPwm6RegsFile 
*          1    00006940    00000022     UNINITIALIZED
                  00006940    00000022     DSP2833x_GlobalVariableDefs.obj (EPwm6RegsFile)

ECap1RegsFile 
*          1    00006a00    00000020     UNINITIALIZED
                  00006a00    00000020     DSP2833x_GlobalVariableDefs.obj (ECap1RegsFile)

ECap2RegsFile 
*          1    00006a20    00000020     UNINITIALIZED
                  00006a20    00000020     DSP2833x_GlobalVariableDefs.obj (ECap2RegsFile)

ECap3RegsFile 
*          1    00006a40    00000020     UNINITIALIZED
                  00006a40    00000020     DSP2833x_GlobalVariableDefs.obj (ECap3RegsFile)

ECap4RegsFile 
*          1    00006a60    00000020     UNINITIALIZED
                  00006a60    00000020     DSP2833x_GlobalVariableDefs.obj (ECap4RegsFile)

ECap5RegsFile 
*          1    00006a80    00000020     UNINITIALIZED
                  00006a80    00000020     DSP2833x_GlobalVariableDefs.obj (ECap5RegsFile)

ECap6RegsFile 
*          1    00006aa0    00000020     UNINITIALIZED
                  00006aa0    00000020     DSP2833x_GlobalVariableDefs.obj (ECap6RegsFile)

EQep1RegsFile 
*          1    00006b00    00000040     UNINITIALIZED
                  00006b00    00000040     DSP2833x_GlobalVariableDefs.obj (EQep1RegsFile)

EQep2RegsFile 
*          1    00006b40    00000040     UNINITIALIZED
                  00006b40    00000040     DSP2833x_GlobalVariableDefs.obj (EQep2RegsFile)

GpioCtrlRegsFile 
*          1    00006f80    0000002e     UNINITIALIZED
                  00006f80    0000002e     DSP2833x_GlobalVariableDefs.obj (GpioCtrlRegsFile)

GpioDataRegsFile 
*          1    00006fc0    00000020     UNINITIALIZED
                  00006fc0    00000020     DSP2833x_GlobalVariableDefs.obj (GpioDataRegsFile)

GpioIntRegsFile 
*          1    00006fe0    0000000a     UNINITIALIZED
                  00006fe0    0000000a     DSP2833x_GlobalVariableDefs.obj (GpioIntRegsFile)

SysCtrlRegsFile 
*          1    00007010    00000020     UNINITIALIZED
                  00007010    00000020     DSP2833x_GlobalVariableDefs.obj (SysCtrlRegsFile)

SpiaRegsFile 
*          1    00007040    00000010     UNINITIALIZED
                  00007040    00000010     DSP2833x_GlobalVariableDefs.obj (SpiaRegsFile)

SciaRegsFile 
*          1    00007050    00000010     UNINITIALIZED
                  00007050    00000010     DSP2833x_GlobalVariableDefs.obj (SciaRegsFile)

XIntruptRegsFile 
*          1    00007070    00000010     UNINITIALIZED
                  00007070    00000010     DSP2833x_GlobalVariableDefs.obj (XIntruptRegsFile)

AdcRegsFile 
*          1    00007100    0000001e     UNINITIALIZED
                  00007100    0000001e     DSP2833x_GlobalVariableDefs.obj (AdcRegsFile)

ScibRegsFile 
*          1    00007750    00000010     UNINITIALIZED
                  00007750    00000010     DSP2833x_GlobalVariableDefs.obj (ScibRegsFile)

ScicRegsFile 
*          1    00007770    00000010     UNINITIALIZED
                  00007770    00000010     DSP2833x_GlobalVariableDefs.obj (ScicRegsFile)

I2caRegsFile 
*          1    00007900    00000022     UNINITIALIZED
                  00007900    00000022     DSP2833x_GlobalVariableDefs.obj (I2caRegsFile)

CsmPwlFile 
*          1    0033fff8    00000008     UNINITIALIZED
                  0033fff8    00000008     DSP2833x_GlobalVariableDefs.obj (CsmPwlFile)

PartIdRegsFile 
*          1    00380090    00000001     UNINITIALIZED
                  00380090    00000001     DSP2833x_GlobalVariableDefs.obj (PartIdRegsFile)

ramfuncs   0    00000050    00000004     
                  00000050    00000004     DSP2833x_usDelay.obj (ramfuncs)

MODULE SUMMARY

       Module                            code   initialized data   uninitialized data
       ------                            ----   ----------------   ------------------
    .\
       DSP2833x_GlobalVariableDefs.obj   0      0                  2679              
       main.obj                          756    48                 38                
       DSP2833x_DefaultIsr.obj           790    0                  0                 
       DSP2833x_PieVect.obj              32     256                0                 
       DSP2833x_SysCtrl.obj              248    0                  0                 
       DSP2833x_CpuTimers.obj            115    0                  24                
       DSP2833x_PieCtrl.obj              40     0                  0                 
       DSP2833x_I2C.obj                  31     0                  0                 
       DSP2833x_CodeStartBranch.obj      10     0                  0                 
       DSP2833x_ADC_cal.obj              7      0                  0                 
       DSP2833x_usDelay.obj              4      0                  0                 
    +--+---------------------------------+------+------------------+--------------------+
       Total:                            2033   304                2741              
                                                                                     
    C:\ti\ccs910\ccs\tools\compiler\ti-cgt-c2000_18.12.2.LTS\lib\rts2800_fpu32.lib
       e_powf.c.obj                      873    62                 0                 
       s_atanf.c.obj                     202    30                 0                 
       fs_div28.asm.obj                  136    0                  0                 
       s_scalbnf.c.obj                   88     6                  0                 
       boot28.asm.obj                    86     0                  0                 
       exit.c.obj                        41     14                 6                 
       e_sqrtf.c.obj                     39     0                  0                 
       cpy_tbl.c.obj                     36     0                  0                 
       memcpy.c.obj                      29     0                  0                 
       args_main.c.obj                   25     0                  0                 
       _lock.c.obj                       9      10                 4                 
       s_copysignf.c.obj                 17     0                  0                 
       errno.c.obj                       0      4                  1                 
       pre_init.c.obj                    2      0                  0                 
       startup.c.obj                     1      0                  0                 
    +--+---------------------------------+------+------------------+--------------------+
       Total:                            1584   126                11                
                                                                                     
       Stack:                            0      0                  768               
    +--+---------------------------------+------+------------------+--------------------+
       Grand Total:                      3617   430                3520              


GLOBAL DATA SYMBOLS: SORTED BY DATA PAGE

address     data page           name
--------    ----------------    ----
00000400      10 (00000400)     __stack

00000880      22 (00000880)     _DevEmuRegs

00000a80      2a (00000a80)     _FlashRegs

00000ae0      2b (00000ac0)     _CsmRegs

00000b00      2c (00000b00)     _AdcMirror
00000b20      2c (00000b00)     _XintfRegs

00000c00      30 (00000c00)     _CpuTimer0Regs
00000c08      30 (00000c00)     _CpuTimer1Regs
00000c10      30 (00000c00)     _CpuTimer2Regs

00000ce0      33 (00000cc0)     _PieCtrlRegs

00000d00      34 (00000d00)     _PieVectTable

00001000      40 (00001000)     _DmaRegs

00005000     140 (00005000)     _McbspaRegs

00005040     141 (00005040)     _McbspbRegs

00006000     180 (00006000)     _ECanaRegs

00006040     181 (00006040)     _ECanaLAMRegs

00006080     182 (00006080)     _ECanaMOTSRegs

000060c0     183 (000060c0)     _ECanaMOTORegs

00006100     184 (00006100)     _ECanaMboxes

00006200     188 (00006200)     _ECanbRegs

00006240     189 (00006240)     _ECanbLAMRegs

00006280     18a (00006280)     _ECanbMOTSRegs

000062c0     18b (000062c0)     _ECanbMOTORegs

00006300     18c (00006300)     _ECanbMboxes

00006800     1a0 (00006800)     _EPwm1Regs

00006840     1a1 (00006840)     _EPwm2Regs

00006880     1a2 (00006880)     _EPwm3Regs

000068c0     1a3 (000068c0)     _EPwm4Regs

00006900     1a4 (00006900)     _EPwm5Regs

00006940     1a5 (00006940)     _EPwm6Regs

00006a00     1a8 (00006a00)     _ECap1Regs
00006a20     1a8 (00006a00)     _ECap2Regs

00006a40     1a9 (00006a40)     _ECap3Regs
00006a60     1a9 (00006a40)     _ECap4Regs

00006a80     1aa (00006a80)     _ECap5Regs
00006aa0     1aa (00006a80)     _ECap6Regs

00006b00     1ac (00006b00)     _EQep1Regs

00006b40     1ad (00006b40)     _EQep2Regs

00006f80     1be (00006f80)     _GpioCtrlRegs

00006fc0     1bf (00006fc0)     _GpioDataRegs
00006fe0     1bf (00006fc0)     _GpioIntRegs

00007010     1c0 (00007000)     _SysCtrlRegs

00007040     1c1 (00007040)     _SpiaRegs
00007050     1c1 (00007040)     _SciaRegs
00007070     1c1 (00007040)     _XIntruptRegs

00007100     1c4 (00007100)     _AdcRegs

00007750     1dd (00007740)     _ScibRegs
00007770     1dd (00007740)     _ScicRegs

00007900     1e4 (00007900)     _I2caRegs

0000c000     300 (0000c000)     _CpuTimer0
0000c008     300 (0000c000)     _CpuTimer1
0000c010     300 (0000c000)     _CpuTimer2
0000c018     300 (0000c000)     _MpuReadCount
0000c019     300 (0000c000)     _MpuAvgCounter
0000c01a     300 (0000c000)     _yaw
0000c01c     300 (0000c000)     _pitch
0000c01e     300 (0000c000)     _roll
0000c020     300 (0000c000)     _Angle_X
0000c022     300 (0000c000)     _Angle_Y
0000c024     300 (0000c000)     _gyroAngleX
0000c026     300 (0000c000)     _gyroAngleY
0000c028     300 (0000c000)     _GtempX
0000c02a     300 (0000c000)     _GtempY
0000c02c     300 (0000c000)     _GtempZ
0000c02e     300 (0000c000)     _MPUtemp
0000c030     300 (0000c000)     _MsgBuffer
0000c03e     300 (0000c000)     __lock

0000c040     301 (0000c040)     ___TI_enable_exit_profile_output
0000c042     301 (0000c040)     ___TI_cleanup_ptr
0000c044     301 (0000c040)     ___TI_dtors_ptr
0000c046     301 (0000c040)     __unlock
0000c048     301 (0000c040)     _errno

0000d000     340 (0000d000)     _PieVectTableInit

0033fff8    cfff (0033ffc0)     _CsmPwl

00380090    e002 (00380080)     _PartIdRegs


GLOBAL SYMBOLS: SORTED ALPHABETICALLY BY Name 

page  address   name                            
----  -------   ----                            
0     00009000  .text                           
0     00009cde  C$$EXIT                         
0     00009b35  FS$$DIV                         
0     0000944f  _ADCINT_ISR                     
0     00380080  _ADC_cal                        
1     00000b00  _AdcMirror                      
1     00007100  _AdcRegs                        
1     0000c020  _Angle_X                        
1     0000c022  _Angle_Y                        
0     00009bf6  _ConfigCpuTimer                 
1     0000c000  _CpuTimer0                      
1     00000c00  _CpuTimer0Regs                  
1     0000c008  _CpuTimer1                      
1     00000c08  _CpuTimer1Regs                  
1     0000c010  _CpuTimer2                      
1     00000c10  _CpuTimer2Regs                  
1     0033fff8  _CsmPwl                         
1     00000ae0  _CsmRegs                        
0     00009954  _CsmUnlock                      
0     0000937d  _DATALOG_ISR                    
0     00009571  _DINTCH1_ISR                    
0     0000957b  _DINTCH2_ISR                    
0     00009585  _DINTCH3_ISR                    
0     0000958f  _DINTCH4_ISR                    
0     00009599  _DINTCH5_ISR                    
0     000095a3  _DINTCH6_ISR                    
0     00000050  _DSP28x_usDelay                 
1     00000880  _DevEmuRegs                     
0     000098a0  _DisableDog                     
1     00001000  _DmaRegs                        
0     000095fd  _ECAN0INTA_ISR                  
0     00009611  _ECAN0INTB_ISR                  
0     00009607  _ECAN1INTA_ISR                  
0     0000961b  _ECAN1INTB_ISR                  
0     000094e5  _ECAP1_INT_ISR                  
0     000094ef  _ECAP2_INT_ISR                  
0     000094f9  _ECAP3_INT_ISR                  
0     00009503  _ECAP4_INT_ISR                  
0     0000950d  _ECAP5_INT_ISR                  
0     00009517  _ECAP6_INT_ISR                  
1     00006040  _ECanaLAMRegs                   
1     000060c0  _ECanaMOTORegs                  
1     00006080  _ECanaMOTSRegs                  
1     00006100  _ECanaMboxes                    
1     00006000  _ECanaRegs                      
1     00006240  _ECanbLAMRegs                   
1     000062c0  _ECanbMOTORegs                  
1     00006280  _ECanbMOTSRegs                  
1     00006300  _ECanbMboxes                    
1     00006200  _ECanbRegs                      
1     00006a00  _ECap1Regs                      
1     00006a20  _ECap2Regs                      
1     00006a40  _ECap3Regs                      
1     00006a60  _ECap4Regs                      
1     00006a80  _ECap5Regs                      
1     00006aa0  _ECap6Regs                      
0     00009391  _EMUINT_ISR                     
0     000094a9  _EPWM1_INT_ISR                  
0     0000946d  _EPWM1_TZINT_ISR                
0     000094b3  _EPWM2_INT_ISR                  
0     00009477  _EPWM2_TZINT_ISR                
0     000094bd  _EPWM3_INT_ISR                  
0     00009481  _EPWM3_TZINT_ISR                
0     000094c7  _EPWM4_INT_ISR                  
0     0000948b  _EPWM4_TZINT_ISR                
0     000094d1  _EPWM5_INT_ISR                  
0     00009495  _EPWM5_TZINT_ISR                
0     000094db  _EPWM6_INT_ISR                  
0     0000949f  _EPWM6_TZINT_ISR                
1     00006800  _EPwm1Regs                      
1     00006840  _EPwm2Regs                      
1     00006880  _EPwm3Regs                      
1     000068c0  _EPwm4Regs                      
1     00006900  _EPwm5Regs                      
1     00006940  _EPwm6Regs                      
0     00009521  _EQEP1_INT_ISR                  
0     0000952b  _EQEP2_INT_ISR                  
1     00006b00  _EQep1Regs                      
1     00006b40  _EQep2Regs                      
0     00009d26  _EnableInterrupts               
1     00000a80  _FlashRegs                      
0     00009a48  _GetImuTemps                    
1     00006f80  _GpioCtrlRegs                   
1     00006fc0  _GpioDataRegs                   
1     00006fe0  _GpioIntRegs                    
1     0000c028  _GtempX                         
1     0000c02a  _GtempY                         
1     0000c02c  _GtempZ                         
0     000095ad  _I2CINT1A_ISR                   
0     000095b7  _I2CINT2A_ISR                   
0     000099b4  _I2CInit                        
0     00009a19  _I2C_read_data                  
1     00007900  _I2caRegs                       
0     000093a5  _ILLEGAL_ISR                    
0     00009369  _INT13_ISR                      
0     00009373  _INT14_ISR                      
0     00009bbd  _InitCpuTimers                  
0     00009d9b  _InitI2C                        
0     00009d9c  _InitI2CGpio                    
0     000098f9  _InitPeripheralClocks           
0     00009d07  _InitPieCtrl                    
0     00009d7b  _InitPieVectTable               
0     000098a8  _InitPll                        
0     0000988d  _InitSysCtrl                    
0     00009661  _LUF_ISR                        
0     00009657  _LVF_ISR                        
1     0000c02e  _MPUtemp                        
0     0000955d  _MRINTA_ISR                     
0     00009549  _MRINTB_ISR                     
0     00009567  _MXINTA_ISR                     
0     00009553  _MXINTB_ISR                     
1     00005000  _McbspaRegs                     
1     00005040  _McbspbRegs                     
1     0000c019  _MpuAvgCounter                  
1     0000c018  _MpuReadCount                   
1     0000c030  _MsgBuffer                      
0     0000939b  _NMI_ISR                        
0     0000966b  _PIE_RESERVED                   
1     00380090  _PartIdRegs                     
1     00000ce0  _PieCtrlRegs                    
1     00000d00  _PieVectTable                   
1     0000d000  _PieVectTableInit               
0     00009387  _RTOSINT_ISR                    
0     000095d5  _SCIRXINTA_ISR                  
0     000095e9  _SCIRXINTB_ISR                  
0     000095c1  _SCIRXINTC_ISR                  
0     000095df  _SCITXINTA_ISR                  
0     000095f3  _SCITXINTB_ISR                  
0     000095cb  _SCITXINTC_ISR                  
0     00009427  _SEQ1INT_ISR                    
0     00009431  _SEQ2INT_ISR                    
0     00009535  _SPIRXINTA_ISR                  
0     0000953f  _SPITXINTA_ISR                  
1     00007050  _SciaRegs                       
1     00007750  _ScibRegs                       
1     00007770  _ScicRegs                       
0     00009896  _ServiceDog                     
1     00007040  _SpiaRegs                       
1     00007010  _SysCtrlRegs                    
0     00009459  _TINT0_ISR                      
0     00009409  _USER10_ISR                     
0     00009413  _USER11_ISR                     
0     0000941d  _USER12_ISR                     
0     000093af  _USER1_ISR                      
0     000093b9  _USER2_ISR                      
0     000093c3  _USER3_ISR                      
0     000093cd  _USER4_ISR                      
0     000093d7  _USER5_ISR                      
0     000093e1  _USER6_ISR                      
0     000093eb  _USER7_ISR                      
0     000093f5  _USER8_ISR                      
0     000093ff  _USER9_ISR                      
0     00009463  _WAKEINT_ISR                    
0     0000943b  _XINT1_ISR                      
0     00009445  _XINT2_ISR                      
0     00009625  _XINT3_ISR                      
0     0000962f  _XINT4_ISR                      
0     00009639  _XINT5_ISR                      
0     00009643  _XINT6_ISR                      
0     0000964d  _XINT7_ISR                      
1     00007070  _XIntruptRegs                   
1     00000b20  _XintfRegs                      
1     00000700  __STACK_END                     
abs   00000300  __STACK_SIZE                    
1     0000c042  ___TI_cleanup_ptr               
1     0000c044  ___TI_dtors_ptr                 
1     0000c040  ___TI_enable_exit_profile_output
abs   ffffffff  ___TI_pprof_out_hndl            
abs   ffffffff  ___TI_prof_data_size            
abs   ffffffff  ___TI_prof_data_start           
abs   ffffffff  ___binit__                      
abs   ffffffff  ___c_args__                     
0     00008000  ___cinit__                      
0     00009e14  ___etext__                      
abs   ffffffff  ___pinit__                      
0     00009000  ___text__                       
0     00009dd7  __args_main                     
1     0000c03e  __lock                          
0     00009e09  __nop                           
0     00009e05  __register_lock                 
0     00009e01  __register_unlock               
1     00000400  __stack                         
0     00009d2f  __system_post_cinit             
0     00009e12  __system_pre_init               
1     0000c046  __unlock                        
0     00009cde  _abort                          
0     00009a6b  _atan                           
0     00009a6b  _atanf                          
0     00009c88  _c_int00                        
0     00009d57  _copy_in                        
0     00009df0  _copysign                       
0     00009df0  _copysignf                      
0     0000967f  _cpu_timer0_isr                 
1     0000c048  _errno                          
0     00009ce0  _exit                           
1     0000c024  _gyroAngleX                     
1     0000c026  _gyroAngleY                     
0     00009c30  _ldexp                          
0     00009c30  _ldexpf                         
0     00009985  _main                           
0     00009dba  _memcpy                         
1     0000c01c  _pitch                          
0     00009000  _pow                            
0     00009000  _powf                           
1     0000c01e  _roll                           
0     00009675  _rsvd_ISR                       
0     00009c30  _scalbn                         
0     00009c30  _scalbnf                        
0     00009d30  _sqrt                           
0     00009d30  _sqrtf                          
1     0000c01a  _yaw                            
abs   ffffffff  binit                           
0     00008000  cinit                           
0     00000000  code_start                      
0     00009e14  etext                           
abs   ffffffff  pinit                           


GLOBAL SYMBOLS: SORTED BY Symbol Address 

page  address   name                            
----  -------   ----                            
0     00000000  code_start                      
0     00000050  _DSP28x_usDelay                 
0     00008000  ___cinit__                      
0     00008000  cinit                           
0     00009000  .text                           
0     00009000  ___text__                       
0     00009000  _pow                            
0     00009000  _powf                           
0     00009369  _INT13_ISR                      
0     00009373  _INT14_ISR                      
0     0000937d  _DATALOG_ISR                    
0     00009387  _RTOSINT_ISR                    
0     00009391  _EMUINT_ISR                     
0     0000939b  _NMI_ISR                        
0     000093a5  _ILLEGAL_ISR                    
0     000093af  _USER1_ISR                      
0     000093b9  _USER2_ISR                      
0     000093c3  _USER3_ISR                      
0     000093cd  _USER4_ISR                      
0     000093d7  _USER5_ISR                      
0     000093e1  _USER6_ISR                      
0     000093eb  _USER7_ISR                      
0     000093f5  _USER8_ISR                      
0     000093ff  _USER9_ISR                      
0     00009409  _USER10_ISR                     
0     00009413  _USER11_ISR                     
0     0000941d  _USER12_ISR                     
0     00009427  _SEQ1INT_ISR                    
0     00009431  _SEQ2INT_ISR                    
0     0000943b  _XINT1_ISR                      
0     00009445  _XINT2_ISR                      
0     0000944f  _ADCINT_ISR                     
0     00009459  _TINT0_ISR                      
0     00009463  _WAKEINT_ISR                    
0     0000946d  _EPWM1_TZINT_ISR                
0     00009477  _EPWM2_TZINT_ISR                
0     00009481  _EPWM3_TZINT_ISR                
0     0000948b  _EPWM4_TZINT_ISR                
0     00009495  _EPWM5_TZINT_ISR                
0     0000949f  _EPWM6_TZINT_ISR                
0     000094a9  _EPWM1_INT_ISR                  
0     000094b3  _EPWM2_INT_ISR                  
0     000094bd  _EPWM3_INT_ISR                  
0     000094c7  _EPWM4_INT_ISR                  
0     000094d1  _EPWM5_INT_ISR                  
0     000094db  _EPWM6_INT_ISR                  
0     000094e5  _ECAP1_INT_ISR                  
0     000094ef  _ECAP2_INT_ISR                  
0     000094f9  _ECAP3_INT_ISR                  
0     00009503  _ECAP4_INT_ISR                  
0     0000950d  _ECAP5_INT_ISR                  
0     00009517  _ECAP6_INT_ISR                  
0     00009521  _EQEP1_INT_ISR                  
0     0000952b  _EQEP2_INT_ISR                  
0     00009535  _SPIRXINTA_ISR                  
0     0000953f  _SPITXINTA_ISR                  
0     00009549  _MRINTB_ISR                     
0     00009553  _MXINTB_ISR                     
0     0000955d  _MRINTA_ISR                     
0     00009567  _MXINTA_ISR                     
0     00009571  _DINTCH1_ISR                    
0     0000957b  _DINTCH2_ISR                    
0     00009585  _DINTCH3_ISR                    
0     0000958f  _DINTCH4_ISR                    
0     00009599  _DINTCH5_ISR                    
0     000095a3  _DINTCH6_ISR                    
0     000095ad  _I2CINT1A_ISR                   
0     000095b7  _I2CINT2A_ISR                   
0     000095c1  _SCIRXINTC_ISR                  
0     000095cb  _SCITXINTC_ISR                  
0     000095d5  _SCIRXINTA_ISR                  
0     000095df  _SCITXINTA_ISR                  
0     000095e9  _SCIRXINTB_ISR                  
0     000095f3  _SCITXINTB_ISR                  
0     000095fd  _ECAN0INTA_ISR                  
0     00009607  _ECAN1INTA_ISR                  
0     00009611  _ECAN0INTB_ISR                  
0     0000961b  _ECAN1INTB_ISR                  
0     00009625  _XINT3_ISR                      
0     0000962f  _XINT4_ISR                      
0     00009639  _XINT5_ISR                      
0     00009643  _XINT6_ISR                      
0     0000964d  _XINT7_ISR                      
0     00009657  _LVF_ISR                        
0     00009661  _LUF_ISR                        
0     0000966b  _PIE_RESERVED                   
0     00009675  _rsvd_ISR                       
0     0000967f  _cpu_timer0_isr                 
0     0000988d  _InitSysCtrl                    
0     00009896  _ServiceDog                     
0     000098a0  _DisableDog                     
0     000098a8  _InitPll                        
0     000098f9  _InitPeripheralClocks           
0     00009954  _CsmUnlock                      
0     00009985  _main                           
0     000099b4  _I2CInit                        
0     00009a19  _I2C_read_data                  
0     00009a48  _GetImuTemps                    
0     00009a6b  _atan                           
0     00009a6b  _atanf                          
0     00009b35  FS$$DIV                         
0     00009bbd  _InitCpuTimers                  
0     00009bf6  _ConfigCpuTimer                 
0     00009c30  _ldexp                          
0     00009c30  _ldexpf                         
0     00009c30  _scalbn                         
0     00009c30  _scalbnf                        
0     00009c88  _c_int00                        
0     00009cde  C$$EXIT                         
0     00009cde  _abort                          
0     00009ce0  _exit                           
0     00009d07  _InitPieCtrl                    
0     00009d26  _EnableInterrupts               
0     00009d2f  __system_post_cinit             
0     00009d30  _sqrt                           
0     00009d30  _sqrtf                          
0     00009d57  _copy_in                        
0     00009d7b  _InitPieVectTable               
0     00009d9b  _InitI2C                        
0     00009d9c  _InitI2CGpio                    
0     00009dba  _memcpy                         
0     00009dd7  __args_main                     
0     00009df0  _copysign                       
0     00009df0  _copysignf                      
0     00009e01  __register_unlock               
0     00009e05  __register_lock                 
0     00009e09  __nop                           
0     00009e12  __system_pre_init               
0     00009e14  ___etext__                      
0     00009e14  etext                           
0     00380080  _ADC_cal                        
1     00000400  __stack                         
1     00000700  __STACK_END                     
1     00000880  _DevEmuRegs                     
1     00000a80  _FlashRegs                      
1     00000ae0  _CsmRegs                        
1     00000b00  _AdcMirror                      
1     00000b20  _XintfRegs                      
1     00000c00  _CpuTimer0Regs                  
1     00000c08  _CpuTimer1Regs                  
1     00000c10  _CpuTimer2Regs                  
1     00000ce0  _PieCtrlRegs                    
1     00000d00  _PieVectTable                   
1     00001000  _DmaRegs                        
1     00005000  _McbspaRegs                     
1     00005040  _McbspbRegs                     
1     00006000  _ECanaRegs                      
1     00006040  _ECanaLAMRegs                   
1     00006080  _ECanaMOTSRegs                  
1     000060c0  _ECanaMOTORegs                  
1     00006100  _ECanaMboxes                    
1     00006200  _ECanbRegs                      
1     00006240  _ECanbLAMRegs                   
1     00006280  _ECanbMOTSRegs                  
1     000062c0  _ECanbMOTORegs                  
1     00006300  _ECanbMboxes                    
1     00006800  _EPwm1Regs                      
1     00006840  _EPwm2Regs                      
1     00006880  _EPwm3Regs                      
1     000068c0  _EPwm4Regs                      
1     00006900  _EPwm5Regs                      
1     00006940  _EPwm6Regs                      
1     00006a00  _ECap1Regs                      
1     00006a20  _ECap2Regs                      
1     00006a40  _ECap3Regs                      
1     00006a60  _ECap4Regs                      
1     00006a80  _ECap5Regs                      
1     00006aa0  _ECap6Regs                      
1     00006b00  _EQep1Regs                      
1     00006b40  _EQep2Regs                      
1     00006f80  _GpioCtrlRegs                   
1     00006fc0  _GpioDataRegs                   
1     00006fe0  _GpioIntRegs                    
1     00007010  _SysCtrlRegs                    
1     00007040  _SpiaRegs                       
1     00007050  _SciaRegs                       
1     00007070  _XIntruptRegs                   
1     00007100  _AdcRegs                        
1     00007750  _ScibRegs                       
1     00007770  _ScicRegs                       
1     00007900  _I2caRegs                       
1     0000c000  _CpuTimer0                      
1     0000c008  _CpuTimer1                      
1     0000c010  _CpuTimer2                      
1     0000c018  _MpuReadCount                   
1     0000c019  _MpuAvgCounter                  
1     0000c01a  _yaw                            
1     0000c01c  _pitch                          
1     0000c01e  _roll                           
1     0000c020  _Angle_X                        
1     0000c022  _Angle_Y                        
1     0000c024  _gyroAngleX                     
1     0000c026  _gyroAngleY                     
1     0000c028  _GtempX                         
1     0000c02a  _GtempY                         
1     0000c02c  _GtempZ                         
1     0000c02e  _MPUtemp                        
1     0000c030  _MsgBuffer                      
1     0000c03e  __lock                          
1     0000c040  ___TI_enable_exit_profile_output
1     0000c042  ___TI_cleanup_ptr               
1     0000c044  ___TI_dtors_ptr                 
1     0000c046  __unlock                        
1     0000c048  _errno                          
1     0000d000  _PieVectTableInit               
1     0033fff8  _CsmPwl                         
1     00380090  _PartIdRegs                     
abs   00000300  __STACK_SIZE                    
abs   ffffffff  ___TI_pprof_out_hndl            
abs   ffffffff  ___TI_prof_data_size            
abs   ffffffff  ___TI_prof_data_start           
abs   ffffffff  ___binit__                      
abs   ffffffff  ___c_args__                     
abs   ffffffff  ___pinit__                      
abs   ffffffff  binit                           
abs   ffffffff  pinit                           

[216 symbols]
